Exception in thread "main" Exception in thread "main" java.lang.StackOverflowError
java.lang.StackOverflowError
	at nqueens.NQueensMinConflict.getNumConflicts(NQueensMinConflict.java:110)	at nqueens.NQueensMinConflict.getNumConflicts(NQueensMinConflict.java:110)

	at nqueens.NQueensMinConflict.getConflictingPositions(NQueensMinConflict.java:100)	at nqueens.NQueensMinConflict.getConflictingPositions(NQueensMinConflict.java:100)

	at nqueens.NQueensMinConflict.computePositionsRecursively(NQueensMinConflict.java:174)	at nqueens.NQueensMinConflict.computePositionsRecursively(NQueensMinConflict.java:174)

	at nqueens.NQueensMinConflict.computePositionsRecursively(NQueensMinConflict.java:233)	at nqueens.NQueensMinConflict.computePositionsRecursively(NQueensMinConflict.java:233)

	at nqueens.NQueensMinConflict.computePositionsRecursively(NQueensMinConflict.java:233)	at nqueens.NQueensMinConflict.computePositionsRecursively(NQueensMinConflict.java:233)

	at nqueens.NQueensMinConflict.computePositionsRecursively(NQueensMinConflict.java:233)	at nqueens.NQueensMinConflict.computePositionsRecursively(NQueensMinConflict.java:233)

	at nqueens.NQueensMinConflict.computePositionsRecursively(NQueensMinConflict.java:233)	at nqueens.NQueensMinConflict.computePositionsRecursively(NQueensMinConflict.java:233)

	at nqueens.NQueensMinConflict.computePositionsRecursively(NQueensMinConflict.java:233)	at nqueens.NQueensMinConflict.computePositionsRecursively(NQueensMinConflict.java:233)

	at nqueens.NQueensMinConflict.computePositionsRecursively(NQueensMinConflict.java:233)	at nqueens.NQueensMinConflict.computePositionsRecursively(NQueensMinConflict.java:233)

	at nqueens.NQueensMinConflict.computePositionsRecursively(NQueensMinConflict.java:233)	at nqueens.NQueensMinConflict.computePositionsRecursively(NQueensMinConflict.java:233)

	at nqueens.NQueensMinConflict.computePositionsRecursively(NQueensMinConflict.java:233)	at nqueens.NQueensMinConflict.computePositionsRecursively(NQueensMinConflict.java:233)

	at nqueens.NQueensMinConflict.computePositionsRecursively(NQueensMinConflict.java:233)	at nqueens.NQueensMinConflict.computePositionsRecursively(NQueensMinConflict.java:233)

	at nqueens.NQueensMinConflict.computePositionsRecursively(NQueensMinConflict.java:233)	at nqueens.NQueensMinConflict.computePositionsRecursively(NQueensMinConflict.java:233)

	at nqueens.NQueensMinConflict.computePositionsRecursively(NQueensMinConflict.java:233)	at nqueens.NQueensMinConflict.computePositionsRecursively(NQueensMinConflict.java:233)

	at nqueens.NQueensMinConflict.computePositionsRecursively(NQueensMinConflict.java:233)	at nqueens.NQueensMinConflict.computePositionsRecursively(NQueensMinConflict.java:233)

	at nqueens.NQueensMinConflict.computePositionsRecursively(NQueensMinConflict.java:233)	at nqueens.NQueensMinConflict.computePositionsRecursively(NQueensMinConflict.java:233)

	at nqueens.NQueensMinConflict.computePositionsRecursively(NQueensMinConflict.java:233)
	at nqueens.NQueensMinConflict.computePositionsRecursively(NQueensMinConflict.java:233)
	at nqueens.NQueensMinConflict.computePositionsRecursively(NQueensMinConflict.java:233)
	at nqueens.NQueensMinConflict.computePositionsRecursively(NQueensMinConflict.java:233)
	at nqueens.NQueensMinConflict.computePositionsRecursively(NQueensMinConflict.java:233)
	at nqueens.NQueensMinConflict.computePositionsRecursively(NQueensMinConflict.java:233)
	at nqueens.NQueensMinConflict.computePositionsRecursively(NQueensMinConflict.java:233)
	at nqueens.NQueensMinConflict.computePositionsRecursively(NQueensMinConflict.java:233)
	at nqueens.NQueensMinConflict.computePositionsRecursively(NQueensMinConflict.java:233)	at nqueens.NQueensMinConflict.computePositionsRecursively(NQueensMinConflict.java:233)

	at nqueens.NQueensMinConflict.computePositionsRecursively(NQueensMinConflict.java:233)	at nqueens.NQueensMinConflict.computePositionsRecursively(NQueensMinConflict.java:233)

	at nqueens.NQueensMinConflict.computePositionsRecursively(NQueensMinConflict.java:233)	at nqueens.NQueensMinConflict.computePositionsRecursively(NQueensMinConflict.java:233)

	at nqueens.NQueensMinConflict.computePositionsRecursively(NQueensMinConflict.java:233)	at nqueens.NQueensMinConflict.computePositionsRecursively(NQueensMinConflict.java:233)

	at nqueens.NQueensMinConflict.computePositionsRecursively(NQueensMinConflict.java:233)	at nqueens.NQueensMinConflict.computePositionsRecursively(NQueensMinConflict.java:233)

	at nqueens.NQueensMinConflict.computePositionsRecursively(NQueensMinConflict.java:233)	at nqueens.NQueensMinConflict.computePositionsRecursively(NQueensMinConflict.java:233)

	at nqueens.NQueensMinConflict.computePositionsRecursively(NQueensMinConflict.java:233)	at nqueens.NQueensMinConflict.computePositionsRecursively(NQueensMinConflict.java:233)

	at nqueens.NQueensMinConflict.computePositionsRecursively(NQueensMinConflict.java:233)	at nqueens.NQueensMinConflict.computePositionsRecursively(NQueensMinConflict.java:233)

	at nqueens.NQueensMinConflict.computePositionsRecursively(NQueensMinConflict.java:233)	at nqueens.NQueensMinConflict.computePositionsRecursively(NQueensMinConflict.java:233)

	at nqueens.NQueensMinConflict.computePositionsRecursively(NQueensMinConflict.java:233)	at nqueens.NQueensMinConflict.computePositionsRecursively(NQueensMinConflict.java:233)

	at nqueens.NQueensMinConflict.computePositionsRecursively(NQueensMinConflict.java:233)	at nqueens.NQueensMinConflict.computePositionsRecursively(NQueensMinConflict.java:233)

	at nqueens.NQueensMinConflict.computePositionsRecursively(NQueensMinConflict.java:233)	at nqueens.NQueensMinConflict.computePositionsRecursively(NQueensMinConflict.java:233)

	at nqueens.NQueensMinConflict.computePositionsRecursively(NQueensMinConflict.java:233)	at nqueens.NQueensMinConflict.computePositionsRecursively(NQueensMinConflict.java:233)

	at nqueens.NQueensMinConflict.computePositionsRecursively(NQueensMinConflict.java:233)	at nqueens.NQueensMinConflict.computePositionsRecursively(NQueensMinConflict.java:233)

	at nqueens.NQueensMinConflict.computePositionsRecursively(NQueensMinConflict.java:233)	at nqueens.NQueensMinConflict.computePositionsRecursively(NQueensMinConflict.java:233)

	at nqueens.NQueensMinConflict.computePositionsRecursively(NQueensMinConflict.java:233)
	at nqueens.NQueensMinConflict.computePositionsRecursively(NQueensMinConflict.java:233)
	at nqueens.NQueensMinConflict.computePositionsRecursively(NQueensMinConflict.java:233)
	at nqueens.NQueensMinConflict.computePositionsRecursively(NQueensMinConflict.java:233)
	at nqueens.NQueensMinConflict.computePositionsRecursively(NQueensMinConflict.java:233)
	at nqueens.NQueensMinConflict.computePositionsRecursively(NQueensMinConflict.java:233)
	at nqueens.NQueensMinConflict.computePositionsRecursively(NQueensMinConflict.java:233)
	at nqueens.NQueensMinConflict.computePositionsRecursively(NQueensMinConflict.java:233)
	at nqueens.NQueensMinConflict.computePositionsRecursively(NQueensMinConflict.java:233)	at nqueens.NQueensMinConflict.computePositionsRecursively(NQueensMinConflict.java:233)

	at nqueens.NQueensMinConflict.computePositionsRecursively(NQueensMinConflict.java:233)	at nqueens.NQueensMinConflict.computePositionsRecursively(NQueensMinConflict.java:233)

	at nqueens.NQueensMinConflict.computePositionsRecursively(NQueensMinConflict.java:233)	at nqueens.NQueensMinConflict.computePositionsRecursively(NQueensMinConflict.java:233)

	at nqueens.NQueensMinConflict.computePositionsRecursively(NQueensMinConflict.java:233)	at nqueens.NQueensMinConflict.computePositionsRecursively(NQueensMinConflict.java:233)

	at nqueens.NQueensMinConflict.computePositionsRecursively(NQueensMinConflict.java:233)	at nqueens.NQueensMinConflict.computePositionsRecursively(NQueensMinConflict.java:233)

	at nqueens.NQueensMinConflict.computePositionsRecursively(NQueensMinConflict.java:233)
	at nqueens.NQueensMinConflict.computePositionsRecursively(NQueensMinConflict.java:233)
	at nqueens.NQueensMinConflict.computePositionsRecursively(NQueensMinConflict.java:233)
	at nqueens.NQueensMinConflict.computePositionsRecursively(NQueensMinConflict.java:233)
	at nqueens.NQueensMinConflict.computePositionsRecursively(NQueensMinConflict.java:233)
	at nqueens.NQueensMinConflict.computePositionsRecursively(NQueensMinConflict.java:233)
	at nqueens.NQueensMinConflict.computePositionsRecursively(NQueensMinConflict.java:233)
	at nqueens.NQueensMinConflict.computePositionsRecursively(NQueensMinConflict.java:233)
	at nqueens.NQueensMinConflict.computePositionsRecursively(NQueensMinConflict.java:233)	at nqueens.NQueensMinConflict.computePositionsRecursively(NQueensMinConflict.java:233)

	at nqueens.NQueensMinConflict.computePositionsRecursively(NQueensMinConflict.java:233)	at nqueens.NQueensMinConflict.computePositionsRecursively(NQueensMinConflict.java:233)

	at nqueens.NQueensMinConflict.computePositionsRecursively(NQueensMinConflict.java:233)
	at nqueens.NQueensMinConflict.computePositionsRecursively(NQueensMinConflict.java:233)
	at nqueens.NQueensMinConflict.computePositionsRecursively(NQueensMinConflict.java:233)
	at nqueens.NQueensMinConflict.computePositionsRecursively(NQueensMinConflict.java:233)
	at nqueens.NQueensMinConflict.computePositionsRecursively(NQueensMinConflict.java:233)
	at nqueens.NQueensMinConflict.computePositionsRecursively(NQueensMinConflict.java:233)
	at nqueens.NQueensMinConflict.computePositionsRecursively(NQueensMinConflict.java:233)	at nqueens.NQueensMinConflict.computePositionsRecursively(NQueensMinConflict.java:233)

	at nqueens.NQueensMinConflict.computePositionsRecursively(NQueensMinConflict.java:233)
	at nqueens.NQueensMinConflict.computePositionsRecursively(NQueensMinConflict.java:233)
	at nqueens.NQueensMinConflict.computePositionsRecursively(NQueensMinConflict.java:233)
	at nqueens.NQueensMinConflict.computePositionsRecursively(NQueensMinConflict.java:233)
	at nqueens.NQueensMinConflict.computePositionsRecursively(NQueensMinConflict.java:233)
	at nqueens.NQueensMinConflict.computePositionsRecursively(NQueensMinConflict.java:233)
	at nqueens.NQueensMinConflict.computePositionsRecursively(NQueensMinConflict.java:233)
	at nqueens.NQueensMinConflict.computePositionsRecursively(NQueensMinConflict.java:233)
	at nqueens.NQueensMinConflict.computePositionsRecursively(NQueensMinConflict.java:233)
	at nqueens.NQueensMinConflict.computePositionsRecursively(NQueensMinConflict.java:233)
	at nqueens.NQueensMinConflict.computePositionsRecursively(NQueensMinConflict.java:233)	at nqueens.NQueensMinConflict.computePositionsRecursively(NQueensMinConflict.java:233)

	at nqueens.NQueensMinConflict.computePositionsRecursively(NQueensMinConflict.java:233)
	at nqueens.NQueensMinConflict.computePositionsRecursively(NQueensMinConflict.java:233)
	at nqueens.NQueensMinConflict.computePositionsRecursively(NQueensMinConflict.java:233)	at nqueens.NQueensMinConflict.computePositionsRecursively(NQueensMinConflict.java:233)

	at nqueens.NQueensMinConflict.computePositionsRecursively(NQueensMinConflict.java:233)	at nqueens.NQueensMinConflict.computePositionsRecursively(NQueensMinConflict.java:233)

	at nqueens.NQueensMinConflict.computePositionsRecursively(NQueensMinConflict.java:233)	at nqueens.NQueensMinConflict.computePositionsRecursively(NQueensMinConflict.java:233)

	at nqueens.NQueensMinConflict.computePositionsRecursively(NQueensMinConflict.java:233)	at nqueens.NQueensMinConflict.computePositionsRecursively(NQueensMinConflict.java:233)

	at nqueens.NQueensMinConflict.computePositionsRecursively(NQueensMinConflict.java:233)	at nqueens.NQueensMinConflict.computePositionsRecursively(NQueensMinConflict.java:233)

	at nqueens.NQueensMinConflict.computePositionsRecursively(NQueensMinConflict.java:233)	at nqueens.NQueensMinConflict.computePositionsRecursively(NQueensMinConflict.java:233)

	at nqueens.NQueensMinConflict.computePositionsRecursively(NQueensMinConflict.java:233)	at nqueens.NQueensMinConflict.computePositionsRecursively(NQueensMinConflict.java:233)

	at nqueens.NQueensMinConflict.computePositionsRecursively(NQueensMinConflict.java:233)	at nqueens.NQueensMinConflict.computePositionsRecursively(NQueensMinConflict.java:233)

	at nqueens.NQueensMinConflict.computePositionsRecursively(NQueensMinConflict.java:233)	at nqueens.NQueensMinConflict.computePositionsRecursively(NQueensMinConflict.java:233)

	at nqueens.NQueensMinConflict.computePositionsRecursively(NQueensMinConflict.java:233)	at nqueens.NQueensMinConflict.computePositionsRecursively(NQueensMinConflict.java:233)

	at nqueens.NQueensMinConflict.computePositionsRecursively(NQueensMinConflict.java:233)	at nqueens.NQueensMinConflict.computePositionsRecursively(NQueensMinConflict.java:233)

	at nqueens.NQueensMinConflict.computePositionsRecursively(NQueensMinConflict.java:233)	at nqueens.NQueensMinConflict.computePositionsRecursively(NQueensMinConflict.java:233)

	at nqueens.NQueensMinConflict.computePositionsRecursively(NQueensMinConflict.java:233)	at nqueens.NQueensMinConflict.computePositionsRecursively(NQueensMinConflict.java:233)

	at nqueens.NQueensMinConflict.computePositionsRecursively(NQueensMinConflict.java:233)	at nqueens.NQueensMinConflict.computePositionsRecursively(NQueensMinConflict.java:233)

	at nqueens.NQueensMinConflict.computePositionsRecursively(NQueensMinConflict.java:233)	at nqueens.NQueensMinConflict.computePositionsRecursively(NQueensMinConflict.java:233)

	at nqueens.NQueensMinConflict.computePositionsRecursively(NQueensMinConflict.java:233)	at nqueens.NQueensMinConflict.computePositionsRecursively(NQueensMinConflict.java:233)

	at nqueens.NQueensMinConflict.computePositionsRecursively(NQueensMinConflict.java:233)	at nqueens.NQueensMinConflict.computePositionsRecursively(NQueensMinConflict.java:233)

	at nqueens.NQueensMinConflict.computePositionsRecursively(NQueensMinConflict.java:233)	at nqueens.NQueensMinConflict.computePositionsRecursively(NQueensMinConflict.java:233)

	at nqueens.NQueensMinConflict.computePositionsRecursively(NQueensMinConflict.java:233)	at nqueens.NQueensMinConflict.computePositionsRecursively(NQueensMinConflict.java:233)

	at nqueens.NQueensMinConflict.computePositionsRecursively(NQueensMinConflict.java:233)	at nqueens.NQueensMinConflict.computePositionsRecursively(NQueensMinConflict.java:233)

	at nqueens.NQueensMinConflict.computePositionsRecursively(NQueensMinConflict.java:233)	at nqueens.NQueensMinConflict.computePositionsRecursively(NQueensMinConflict.java:233)

	at nqueens.NQueensMinConflict.computePositionsRecursively(NQueensMinConflict.java:233)	at nqueens.NQueensMinConflict.computePositionsRecursively(NQueensMinConflict.java:233)

	at nqueens.NQueensMinConflict.computePositionsRecursively(NQueensMinConflict.java:233)	at nqueens.NQueensMinConflict.computePositionsRecursively(NQueensMinConflict.java:233)

	at nqueens.NQueensMinConflict.computePositionsRecursively(NQueensMinConflict.java:233)	at nqueens.NQueensMinConflict.computePositionsRecursively(NQueensMinConflict.java:233)

	at nqueens.NQueensMinConflict.computePositionsRecursively(NQueensMinConflict.java:233)	at nqueens.NQueensMinConflict.computePositionsRecursively(NQueensMinConflict.java:233)

	at nqueens.NQueensMinConflict.computePositionsRecursively(NQueensMinConflict.java:233)	at nqueens.NQueensMinConflict.computePositionsRecursively(NQueensMinConflict.java:233)

	at nqueens.NQueensMinConflict.computePositionsRecursively(NQueensMinConflict.java:233)	at nqueens.NQueensMinConflict.computePositionsRecursively(NQueensMinConflict.java:233)

	at nqueens.NQueensMinConflict.computePositionsRecursively(NQueensMinConflict.java:233)	at nqueens.NQueensMinConflict.computePositionsRecursively(NQueensMinConflict.java:233)

	at nqueens.NQueensMinConflict.computePositionsRecursively(NQueensMinConflict.java:233)	at nqueens.NQueensMinConflict.computePositionsRecursively(NQueensMinConflict.java:233)

	at nqueens.NQueensMinConflict.computePositionsRecursively(NQueensMinConflict.java:233)	at nqueens.NQueensMinConflict.computePositionsRecursively(NQueensMinConflict.java:233)

	at nqueens.NQueensMinConflict.computePositionsRecursively(NQueensMinConflict.java:233)	at nqueens.NQueensMinConflict.computePositionsRecursively(NQueensMinConflict.java:233)

	at nqueens.NQueensMinConflict.computePositionsRecursively(NQueensMinConflict.java:233)	at nqueens.NQueensMinConflict.computePositionsRecursively(NQueensMinConflict.java:233)

	at nqueens.NQueensMinConflict.computePositionsRecursively(NQueensMinConflict.java:233)	at nqueens.NQueensMinConflict.computePositionsRecursively(NQueensMinConflict.java:233)

	at nqueens.NQueensMinConflict.computePositionsRecursively(NQueensMinConflict.java:233)	at nqueens.NQueensMinConflict.computePositionsRecursively(NQueensMinConflict.java:233)

	at nqueens.NQueensMinConflict.computePositionsRecursively(NQueensMinConflict.java:233)	at nqueens.NQueensMinConflict.computePositionsRecursively(NQueensMinConflict.java:233)

	at nqueens.NQueensMinConflict.computePositionsRecursively(NQueensMinConflict.java:233)	at nqueens.NQueensMinConflict.computePositionsRecursively(NQueensMinConflict.java:233)

	at nqueens.NQueensMinConflict.computePositionsRecursively(NQueensMinConflict.java:233)	at nqueens.NQueensMinConflict.computePositionsRecursively(NQueensMinConflict.java:233)

	at nqueens.NQueensMinConflict.computePositionsRecursively(NQueensMinConflict.java:233)	at nqueens.NQueensMinConflict.computePositionsRecursively(NQueensMinConflict.java:233)

	at nqueens.NQueensMinConflict.computePositionsRecursively(NQueensMinConflict.java:233)	at nqueens.NQueensMinConflict.computePositionsRecursively(NQueensMinConflict.java:233)

	at nqueens.NQueensMinConflict.computePositionsRecursively(NQueensMinConflict.java:233)	at nqueens.NQueensMinConflict.computePositionsRecursively(NQueensMinConflict.java:233)

	at nqueens.NQueensMinConflict.computePositionsRecursively(NQueensMinConflict.java:233)	at nqueens.NQueensMinConflict.computePositionsRecursively(NQueensMinConflict.java:233)

	at nqueens.NQueensMinConflict.computePositionsRecursively(NQueensMinConflict.java:233)	at nqueens.NQueensMinConflict.computePositionsRecursively(NQueensMinConflict.java:233)

	at nqueens.NQueensMinConflict.computePositionsRecursively(NQueensMinConflict.java:233)	at nqueens.NQueensMinConflict.computePositionsRecursively(NQueensMinConflict.java:233)

	at nqueens.NQueensMinConflict.computePositionsRecursively(NQueensMinConflict.java:233)	at nqueens.NQueensMinConflict.computePositionsRecursively(NQueensMinConflict.java:233)

	at nqueens.NQueensMinConflict.computePositionsRecursively(NQueensMinConflict.java:233)	at nqueens.NQueensMinConflict.computePositionsRecursively(NQueensMinConflict.java:233)

	at nqueens.NQueensMinConflict.computePositionsRecursively(NQueensMinConflict.java:233)	at nqueens.NQueensMinConflict.computePositionsRecursively(NQueensMinConflict.java:233)

	at nqueens.NQueensMinConflict.computePositionsRecursively(NQueensMinConflict.java:233)	at nqueens.NQueensMinConflict.computePositionsRecursively(NQueensMinConflict.java:233)

	at nqueens.NQueensMinConflict.computePositionsRecursively(NQueensMinConflict.java:233)	at nqueens.NQueensMinConflict.computePositionsRecursively(NQueensMinConflict.java:233)

	at nqueens.NQueensMinConflict.computePositionsRecursively(NQueensMinConflict.java:233)	at nqueens.NQueensMinConflict.computePositionsRecursively(NQueensMinConflict.java:233)

	at nqueens.NQueensMinConflict.computePositionsRecursively(NQueensMinConflict.java:233)	at nqueens.NQueensMinConflict.computePositionsRecursively(NQueensMinConflict.java:233)

	at nqueens.NQueensMinConflict.computePositionsRecursively(NQueensMinConflict.java:233)	at nqueens.NQueensMinConflict.computePositionsRecursively(NQueensMinConflict.java:233)

	at nqueens.NQueensMinConflict.computePositionsRecursively(NQueensMinConflict.java:233)	at nqueens.NQueensMinConflict.computePositionsRecursively(NQueensMinConflict.java:233)

	at nqueens.NQueensMinConflict.computePositionsRecursively(NQueensMinConflict.java:233)	at nqueens.NQueensMinConflict.computePositionsRecursively(NQueensMinConflict.java:233)

	at nqueens.NQueensMinConflict.computePositionsRecursively(NQueensMinConflict.java:233)	at nqueens.NQueensMinConflict.computePositionsRecursively(NQueensMinConflict.java:233)

	at nqueens.NQueensMinConflict.computePositionsRecursively(NQueensMinConflict.java:233)	at nqueens.NQueensMinConflict.computePositionsRecursively(NQueensMinConflict.java:233)

	at nqueens.NQueensMinConflict.computePositionsRecursively(NQueensMinConflict.java:233)	at nqueens.NQueensMinConflict.computePositionsRecursively(NQueensMinConflict.java:233)

	at nqueens.NQueensMinConflict.computePositionsRecursively(NQueensMinConflict.java:233)
	at nqueens.NQueensMinConflict.computePositionsRecursively(NQueensMinConflict.java:233)
	at nqueens.NQueensMinConflict.computePositionsRecursively(NQueensMinConflict.java:233)	at nqueens.NQueensMinConflict.computePositionsRecursively(NQueensMinConflict.java:233)
	at nqueens.NQueensMinConflict.computePositionsRecursively(NQueensMinConflict.java:233)
	at nqueens.NQueensMinConflict.computePositionsRecursively(NQueensMinConflict.java:233)

	at nqueens.NQueensMinConflict.computePositionsRecursively(NQueensMinConflict.java:233)	at nqueens.NQueensMinConflict.computePositionsRecursively(NQueensMinConflict.java:233)

	at nqueens.NQueensMinConflict.computePositionsRecursively(NQueensMinConflict.java:233)
	at nqueens.NQueensMinConflict.computePositionsRecursively(NQueensMinConflict.java:233)
	at nqueens.NQueensMinConflict.computePositionsRecursively(NQueensMinConflict.java:233)	at nqueens.NQueensMinConflict.computePositionsRecursively(NQueensMinConflict.java:233)

	at nqueens.NQueensMinConflict.computePositionsRecursively(NQueensMinConflict.java:233)	at nqueens.NQueensMinConflict.computePositionsRecursively(NQueensMinConflict.java:233)

	at nqueens.NQueensMinConflict.computePositionsRecursively(NQueensMinConflict.java:233)	at nqueens.NQueensMinConflict.computePositionsRecursively(NQueensMinConflict.java:233)

	at nqueens.NQueensMinConflict.computePositionsRecursively(NQueensMinConflict.java:233)	at nqueens.NQueensMinConflict.computePositionsRecursively(NQueensMinConflict.java:233)

	at nqueens.NQueensMinConflict.computePositionsRecursively(NQueensMinConflict.java:233)	at nqueens.NQueensMinConflict.computePositionsRecursively(NQueensMinConflict.java:233)

	at nqueens.NQueensMinConflict.computePositionsRecursively(NQueensMinConflict.java:233)	at nqueens.NQueensMinConflict.computePositionsRecursively(NQueensMinConflict.java:233)

	at nqueens.NQueensMinConflict.computePositionsRecursively(NQueensMinConflict.java:233)	at nqueens.NQueensMinConflict.computePositionsRecursively(NQueensMinConflict.java:233)

	at nqueens.NQueensMinConflict.computePositionsRecursively(NQueensMinConflict.java:233)	at nqueens.NQueensMinConflict.computePositionsRecursively(NQueensMinConflict.java:233)

	at nqueens.NQueensMinConflict.computePositionsRecursively(NQueensMinConflict.java:233)	at nqueens.NQueensMinConflict.computePositionsRecursively(NQueensMinConflict.java:233)

	at nqueens.NQueensMinConflict.computePositionsRecursively(NQueensMinConflict.java:233)	at nqueens.NQueensMinConflict.computePositionsRecursively(NQueensMinConflict.java:233)

	at nqueens.NQueensMinConflict.computePositionsRecursively(NQueensMinConflict.java:233)	at nqueens.NQueensMinConflict.computePositionsRecursively(NQueensMinConflict.java:233)

	at nqueens.NQueensMinConflict.computePositionsRecursively(NQueensMinConflict.java:233)	at nqueens.NQueensMinConflict.computePositionsRecursively(NQueensMinConflict.java:233)

	at nqueens.NQueensMinConflict.computePositionsRecursively(NQueensMinConflict.java:233)	at nqueens.NQueensMinConflict.computePositionsRecursively(NQueensMinConflict.java:233)

	at nqueens.NQueensMinConflict.computePositionsRecursively(NQueensMinConflict.java:233)	at nqueens.NQueensMinConflict.computePositionsRecursively(NQueensMinConflict.java:233)

	at nqueens.NQueensMinConflict.computePositionsRecursively(NQueensMinConflict.java:233)	at nqueens.NQueensMinConflict.computePositionsRecursively(NQueensMinConflict.java:233)

	at nqueens.NQueensMinConflict.computePositionsRecursively(NQueensMinConflict.java:233)	at nqueens.NQueensMinConflict.computePositionsRecursively(NQueensMinConflict.java:233)

	at nqueens.NQueensMinConflict.computePositionsRecursively(NQueensMinConflict.java:233)	at nqueens.NQueensMinConflict.computePositionsRecursively(NQueensMinConflict.java:233)

	at nqueens.NQueensMinConflict.computePositionsRecursively(NQueensMinConflict.java:233)
	at nqueens.NQueensMinConflict.computePositionsRecursively(NQueensMinConflict.java:233)
	at nqueens.NQueensMinConflict.computePositionsRecursively(NQueensMinConflict.java:233)
	at nqueens.NQueensMinConflict.computePositionsRecursively(NQueensMinConflict.java:233)
	at nqueens.NQueensMinConflict.computePositionsRecursively(NQueensMinConflict.java:233)	at nqueens.NQueensMinConflict.computePositionsRecursively(NQueensMinConflict.java:233)

	at nqueens.NQueensMinConflict.computePositionsRecursively(NQueensMinConflict.java:233)	at nqueens.NQueensMinConflict.computePositionsRecursively(NQueensMinConflict.java:233)

	at nqueens.NQueensMinConflict.computePositionsRecursively(NQueensMinConflict.java:233)	at nqueens.NQueensMinConflict.computePositionsRecursively(NQueensMinConflict.java:233)

	at nqueens.NQueensMinConflict.computePositionsRecursively(NQueensMinConflict.java:233)	at nqueens.NQueensMinConflict.computePositionsRecursively(NQueensMinConflict.java:233)

	at nqueens.NQueensMinConflict.computePositionsRecursively(NQueensMinConflict.java:233)	at nqueens.NQueensMinConflict.computePositionsRecursively(NQueensMinConflict.java:233)

	at nqueens.NQueensMinConflict.computePositionsRecursively(NQueensMinConflict.java:233)	at nqueens.NQueensMinConflict.computePositionsRecursively(NQueensMinConflict.java:233)

	at nqueens.NQueensMinConflict.computePositionsRecursively(NQueensMinConflict.java:233)	at nqueens.NQueensMinConflict.computePositionsRecursively(NQueensMinConflict.java:233)

	at nqueens.NQueensMinConflict.computePositionsRecursively(NQueensMinConflict.java:233)	at nqueens.NQueensMinConflict.computePositionsRecursively(NQueensMinConflict.java:233)

	at nqueens.NQueensMinConflict.computePositionsRecursively(NQueensMinConflict.java:233)	at nqueens.NQueensMinConflict.computePositionsRecursively(NQueensMinConflict.java:233)

	at nqueens.NQueensMinConflict.computePositionsRecursively(NQueensMinConflict.java:233)	at nqueens.NQueensMinConflict.computePositionsRecursively(NQueensMinConflict.java:233)

	at nqueens.NQueensMinConflict.computePositionsRecursively(NQueensMinConflict.java:233)	at nqueens.NQueensMinConflict.computePositionsRecursively(NQueensMinConflict.java:233)

	at nqueens.NQueensMinConflict.computePositionsRecursively(NQueensMinConflict.java:233)	at nqueens.NQueensMinConflict.computePositionsRecursively(NQueensMinConflict.java:233)

	at nqueens.NQueensMinConflict.computePositionsRecursively(NQueensMinConflict.java:233)	at nqueens.NQueensMinConflict.computePositionsRecursively(NQueensMinConflict.java:233)

	at nqueens.NQueensMinConflict.computePositionsRecursively(NQueensMinConflict.java:233)	at nqueens.NQueensMinConflict.computePositionsRecursively(NQueensMinConflict.java:233)

	at nqueens.NQueensMinConflict.computePositionsRecursively(NQueensMinConflict.java:233)	at nqueens.NQueensMinConflict.computePositionsRecursively(NQueensMinConflict.java:233)

	at nqueens.NQueensMinConflict.computePositionsRecursively(NQueensMinConflict.java:233)	at nqueens.NQueensMinConflict.computePositionsRecursively(NQueensMinConflict.java:233)

	at nqueens.NQueensMinConflict.computePositionsRecursively(NQueensMinConflict.java:233)	at nqueens.NQueensMinConflict.computePositionsRecursively(NQueensMinConflict.java:233)

	at nqueens.NQueensMinConflict.computePositionsRecursively(NQueensMinConflict.java:233)	at nqueens.NQueensMinConflict.computePositionsRecursively(NQueensMinConflict.java:233)

	at nqueens.NQueensMinConflict.computePositionsRecursively(NQueensMinConflict.java:233)	at nqueens.NQueensMinConflict.computePositionsRecursively(NQueensMinConflict.java:233)

	at nqueens.NQueensMinConflict.computePositionsRecursively(NQueensMinConflict.java:233)	at nqueens.NQueensMinConflict.computePositionsRecursively(NQueensMinConflict.java:233)

	at nqueens.NQueensMinConflict.computePositionsRecursively(NQueensMinConflict.java:233)	at nqueens.NQueensMinConflict.computePositionsRecursively(NQueensMinConflict.java:233)

	at nqueens.NQueensMinConflict.computePositionsRecursively(NQueensMinConflict.java:233)	at nqueens.NQueensMinConflict.computePositionsRecursively(NQueensMinConflict.java:233)

	at nqueens.NQueensMinConflict.computePositionsRecursively(NQueensMinConflict.java:233)	at nqueens.NQueensMinConflict.computePositionsRecursively(NQueensMinConflict.java:233)

	at nqueens.NQueensMinConflict.computePositionsRecursively(NQueensMinConflict.java:233)	at nqueens.NQueensMinConflict.computePositionsRecursively(NQueensMinConflict.java:233)

	at nqueens.NQueensMinConflict.computePositionsRecursively(NQueensMinConflict.java:233)	at nqueens.NQueensMinConflict.computePositionsRecursively(NQueensMinConflict.java:233)

	at nqueens.NQueensMinConflict.computePositionsRecursively(NQueensMinConflict.java:233)	at nqueens.NQueensMinConflict.computePositionsRecursively(NQueensMinConflict.java:233)

	at nqueens.NQueensMinConflict.computePositionsRecursively(NQueensMinConflict.java:233)	at nqueens.NQueensMinConflict.computePositionsRecursively(NQueensMinConflict.java:233)

	at nqueens.NQueensMinConflict.computePositionsRecursively(NQueensMinConflict.java:233)	at nqueens.NQueensMinConflict.computePositionsRecursively(NQueensMinConflict.java:233)

	at nqueens.NQueensMinConflict.computePositionsRecursively(NQueensMinConflict.java:233)	at nqueens.NQueensMinConflict.computePositionsRecursively(NQueensMinConflict.java:233)

	at nqueens.NQueensMinConflict.computePositionsRecursively(NQueensMinConflict.java:233)	at nqueens.NQueensMinConflict.computePositionsRecursively(NQueensMinConflict.java:233)

	at nqueens.NQueensMinConflict.computePositionsRecursively(NQueensMinConflict.java:233)	at nqueens.NQueensMinConflict.computePositionsRecursively(NQueensMinConflict.java:233)

	at nqueens.NQueensMinConflict.computePositionsRecursively(NQueensMinConflict.java:233)	at nqueens.NQueensMinConflict.computePositionsRecursively(NQueensMinConflict.java:233)

	at nqueens.NQueensMinConflict.computePositionsRecursively(NQueensMinConflict.java:233)	at nqueens.NQueensMinConflict.computePositionsRecursively(NQueensMinConflict.java:233)

	at nqueens.NQueensMinConflict.computePositionsRecursively(NQueensMinConflict.java:233)	at nqueens.NQueensMinConflict.computePositionsRecursively(NQueensMinConflict.java:233)

	at nqueens.NQueensMinConflict.computePositionsRecursively(NQueensMinConflict.java:233)	at nqueens.NQueensMinConflict.computePositionsRecursively(NQueensMinConflict.java:233)

	at nqueens.NQueensMinConflict.computePositionsRecursively(NQueensMinConflict.java:233)	at nqueens.NQueensMinConflict.computePositionsRecursively(NQueensMinConflict.java:233)

	at nqueens.NQueensMinConflict.computePositionsRecursively(NQueensMinConflict.java:233)	at nqueens.NQueensMinConflict.computePositionsRecursively(NQueensMinConflict.java:233)

	at nqueens.NQueensMinConflict.computePositionsRecursively(NQueensMinConflict.java:233)	at nqueens.NQueensMinConflict.computePositionsRecursively(NQueensMinConflict.java:233)

	at nqueens.NQueensMinConflict.computePositionsRecursively(NQueensMinConflict.java:233)	at nqueens.NQueensMinConflict.computePositionsRecursively(NQueensMinConflict.java:233)

	at nqueens.NQueensMinConflict.computePositionsRecursively(NQueensMinConflict.java:233)	at nqueens.NQueensMinConflict.computePositionsRecursively(NQueensMinConflict.java:233)

	at nqueens.NQueensMinConflict.computePositionsRecursively(NQueensMinConflict.java:233)	at nqueens.NQueensMinConflict.computePositionsRecursively(NQueensMinConflict.java:233)

	at nqueens.NQueensMinConflict.computePositionsRecursively(NQueensMinConflict.java:233)
	at nqueens.NQueensMinConflict.computePositionsRecursively(NQueensMinConflict.java:233)
	at nqueens.NQueensMinConflict.computePositionsRecursively(NQueensMinConflict.java:233)
	at nqueens.NQueensMinConflict.computePositionsRecursively(NQueensMinConflict.java:233)
	at nqueens.NQueensMinConflict.computePositionsRecursively(NQueensMinConflict.java:233)	at nqueens.NQueensMinConflict.computePositionsRecursively(NQueensMinConflict.java:233)

	at nqueens.NQueensMinConflict.computePositionsRecursively(NQueensMinConflict.java:233)	at nqueens.NQueensMinConflict.computePositionsRecursively(NQueensMinConflict.java:233)
	at nqueens.NQueensMinConflict.computePositionsRecursively(NQueensMinConflict.java:233)

	at nqueens.NQueensMinConflict.computePositionsRecursively(NQueensMinConflict.java:233)
	at nqueens.NQueensMinConflict.computePositionsRecursively(NQueensMinConflict.java:233)	at nqueens.NQueensMinConflict.computePositionsRecursively(NQueensMinConflict.java:233)

	at nqueens.NQueensMinConflict.computePositionsRecursively(NQueensMinConflict.java:233)	at nqueens.NQueensMinConflict.computePositionsRecursively(NQueensMinConflict.java:233)

	at nqueens.NQueensMinConflict.computePositionsRecursively(NQueensMinConflict.java:233)	at nqueens.NQueensMinConflict.computePositionsRecursively(NQueensMinConflict.java:233)

	at nqueens.NQueensMinConflict.computePositionsRecursively(NQueensMinConflict.java:233)
	at nqueens.NQueensMinConflict.computePositionsRecursively(NQueensMinConflict.java:233)
	at nqueens.NQueensMinConflict.computePositionsRecursively(NQueensMinConflict.java:233)	at nqueens.NQueensMinConflict.computePositionsRecursively(NQueensMinConflict.java:233)

	at nqueens.NQueensMinConflict.computePositionsRecursively(NQueensMinConflict.java:233)	at nqueens.NQueensMinConflict.computePositionsRecursively(NQueensMinConflict.java:233)

	at nqueens.NQueensMinConflict.computePositionsRecursively(NQueensMinConflict.java:233)	at nqueens.NQueensMinConflict.computePositionsRecursively(NQueensMinConflict.java:233)

	at nqueens.NQueensMinConflict.computePositionsRecursively(NQueensMinConflict.java:233)	at nqueens.NQueensMinConflict.computePositionsRecursively(NQueensMinConflict.java:233)

	at nqueens.NQueensMinConflict.computePositionsRecursively(NQueensMinConflict.java:233)	at nqueens.NQueensMinConflict.computePositionsRecursively(NQueensMinConflict.java:233)

	at nqueens.NQueensMinConflict.computePositionsRecursively(NQueensMinConflict.java:233)	at nqueens.NQueensMinConflict.computePositionsRecursively(NQueensMinConflict.java:233)

	at nqueens.NQueensMinConflict.computePositionsRecursively(NQueensMinConflict.java:233)	at nqueens.NQueensMinConflict.computePositionsRecursively(NQueensMinConflict.java:233)

	at nqueens.NQueensMinConflict.computePositionsRecursively(NQueensMinConflict.java:233)	at nqueens.NQueensMinConflict.computePositionsRecursively(NQueensMinConflict.java:233)

	at nqueens.NQueensMinConflict.computePositionsRecursively(NQueensMinConflict.java:233)	at nqueens.NQueensMinConflict.computePositionsRecursively(NQueensMinConflict.java:233)

	at nqueens.NQueensMinConflict.computePositionsRecursively(NQueensMinConflict.java:233)	at nqueens.NQueensMinConflict.computePositionsRecursively(NQueensMinConflict.java:233)

	at nqueens.NQueensMinConflict.computePositionsRecursively(NQueensMinConflict.java:233)	at nqueens.NQueensMinConflict.computePositionsRecursively(NQueensMinConflict.java:233)

	at nqueens.NQueensMinConflict.computePositionsRecursively(NQueensMinConflict.java:233)	at nqueens.NQueensMinConflict.computePositionsRecursively(NQueensMinConflict.java:233)

	at nqueens.NQueensMinConflict.computePositionsRecursively(NQueensMinConflict.java:233)	at nqueens.NQueensMinConflict.computePositionsRecursively(NQueensMinConflict.java:233)

	at nqueens.NQueensMinConflict.computePositionsRecursively(NQueensMinConflict.java:233)	at nqueens.NQueensMinConflict.computePositionsRecursively(NQueensMinConflict.java:233)

	at nqueens.NQueensMinConflict.computePositionsRecursively(NQueensMinConflict.java:233)	at nqueens.NQueensMinConflict.computePositionsRecursively(NQueensMinConflict.java:233)

	at nqueens.NQueensMinConflict.computePositionsRecursively(NQueensMinConflict.java:233)	at nqueens.NQueensMinConflict.computePositionsRecursively(NQueensMinConflict.java:233)

	at nqueens.NQueensMinConflict.computePositionsRecursively(NQueensMinConflict.java:233)	at nqueens.NQueensMinConflict.computePositionsRecursively(NQueensMinConflict.java:233)

	at nqueens.NQueensMinConflict.computePositionsRecursively(NQueensMinConflict.java:233)	at nqueens.NQueensMinConflict.computePositionsRecursively(NQueensMinConflict.java:233)

	at nqueens.NQueensMinConflict.computePositionsRecursively(NQueensMinConflict.java:233)	at nqueens.NQueensMinConflict.computePositionsRecursively(NQueensMinConflict.java:233)
	at nqueens.NQueensMinConflict.computePositionsRecursively(NQueensMinConflict.java:233)
	at nqueens.NQueensMinConflict.computePositionsRecursively(NQueensMinConflict.java:233)

	at nqueens.NQueensMinConflict.computePositionsRecursively(NQueensMinConflict.java:233)	at nqueens.NQueensMinConflict.computePositionsRecursively(NQueensMinConflict.java:233)

	at nqueens.NQueensMinConflict.computePositionsRecursively(NQueensMinConflict.java:233)	at nqueens.NQueensMinConflict.computePositionsRecursively(NQueensMinConflict.java:233)

	at nqueens.NQueensMinConflict.computePositionsRecursively(NQueensMinConflict.java:233)
	at nqueens.NQueensMinConflict.computePositionsRecursively(NQueensMinConflict.java:233)
	at nqueens.NQueensMinConflict.computePositionsRecursively(NQueensMinConflict.java:233)
	at nqueens.NQueensMinConflict.computePositionsRecursively(NQueensMinConflict.java:233)
	at nqueens.NQueensMinConflict.computePositionsRecursively(NQueensMinConflict.java:233)
	at nqueens.NQueensMinConflict.computePositionsRecursively(NQueensMinConflict.java:233)
	at nqueens.NQueensMinConflict.computePositionsRecursively(NQueensMinConflict.java:233)
	at nqueens.NQueensMinConflict.computePositionsRecursively(NQueensMinConflict.java:233)
	at nqueens.NQueensMinConflict.computePositionsRecursively(NQueensMinConflict.java:233)
	at nqueens.NQueensMinConflict.computePositionsRecursively(NQueensMinConflict.java:233)
	at nqueens.NQueensMinConflict.computePositionsRecursively(NQueensMinConflict.java:233)
	at nqueens.NQueensMinConflict.computePositionsRecursively(NQueensMinConflict.java:233)
	at nqueens.NQueensMinConflict.computePositionsRecursively(NQueensMinConflict.java:233)
	at nqueens.NQueensMinConflict.computePositionsRecursively(NQueensMinConflict.java:233)
	at nqueens.NQueensMinConflict.computePositionsRecursively(NQueensMinConflict.java:233)	at nqueens.NQueensMinConflict.computePositionsRecursively(NQueensMinConflict.java:233)

	at nqueens.NQueensMinConflict.computePositionsRecursively(NQueensMinConflict.java:233)	at nqueens.NQueensMinConflict.computePositionsRecursively(NQueensMinConflict.java:233)

	at nqueens.NQueensMinConflict.computePositionsRecursively(NQueensMinConflict.java:233)	at nqueens.NQueensMinConflict.computePositionsRecursively(NQueensMinConflict.java:233)

	at nqueens.NQueensMinConflict.computePositionsRecursively(NQueensMinConflict.java:233)	at nqueens.NQueensMinConflict.computePositionsRecursively(NQueensMinConflict.java:233)
	at nqueens.NQueensMinConflict.computePositionsRecursively(NQueensMinConflict.java:233)
	at nqueens.NQueensMinConflict.computePositionsRecursively(NQueensMinConflict.java:233)

	at nqueens.NQueensMinConflict.computePositionsRecursively(NQueensMinConflict.java:233)	at nqueens.NQueensMinConflict.computePositionsRecursively(NQueensMinConflict.java:233)

	at nqueens.NQueensMinConflict.computePositionsRecursively(NQueensMinConflict.java:233)	at nqueens.NQueensMinConflict.computePositionsRecursively(NQueensMinConflict.java:233)

	at nqueens.NQueensMinConflict.computePositionsRecursively(NQueensMinConflict.java:233)	at nqueens.NQueensMinConflict.computePositionsRecursively(NQueensMinConflict.java:233)

	at nqueens.NQueensMinConflict.computePositionsRecursively(NQueensMinConflict.java:233)	at nqueens.NQueensMinConflict.computePositionsRecursively(NQueensMinConflict.java:233)

	at nqueens.NQueensMinConflict.computePositionsRecursively(NQueensMinConflict.java:233)	at nqueens.NQueensMinConflict.computePositionsRecursively(NQueensMinConflict.java:233)

	at nqueens.NQueensMinConflict.computePositionsRecursively(NQueensMinConflict.java:233)	at nqueens.NQueensMinConflict.computePositionsRecursively(NQueensMinConflict.java:233)
	at nqueens.NQueensMinConflict.computePositionsRecursively(NQueensMinConflict.java:233)
	at nqueens.NQueensMinConflict.computePositionsRecursively(NQueensMinConflict.java:233)

	at nqueens.NQueensMinConflict.computePositionsRecursively(NQueensMinConflict.java:233)	at nqueens.NQueensMinConflict.computePositionsRecursively(NQueensMinConflict.java:233)
	at nqueens.NQueensMinConflict.computePositionsRecursively(NQueensMinConflict.java:233)

	at nqueens.NQueensMinConflict.computePositionsRecursively(NQueensMinConflict.java:233)
	at nqueens.NQueensMinConflict.computePositionsRecursively(NQueensMinConflict.java:233)	at nqueens.NQueensMinConflict.computePositionsRecursively(NQueensMinConflict.java:233)

	at nqueens.NQueensMinConflict.computePositionsRecursively(NQueensMinConflict.java:233)	at nqueens.NQueensMinConflict.computePositionsRecursively(NQueensMinConflict.java:233)

	at nqueens.NQueensMinConflict.computePositionsRecursively(NQueensMinConflict.java:233)	at nqueens.NQueensMinConflict.computePositionsRecursively(NQueensMinConflict.java:233)

	at nqueens.NQueensMinConflict.computePositionsRecursively(NQueensMinConflict.java:233)	at nqueens.NQueensMinConflict.computePositionsRecursively(NQueensMinConflict.java:233)

	at nqueens.NQueensMinConflict.computePositionsRecursively(NQueensMinConflict.java:233)	at nqueens.NQueensMinConflict.computePositionsRecursively(NQueensMinConflict.java:233)

	at nqueens.NQueensMinConflict.computePositionsRecursively(NQueensMinConflict.java:233)	at nqueens.NQueensMinConflict.computePositionsRecursively(NQueensMinConflict.java:233)

	at nqueens.NQueensMinConflict.computePositionsRecursively(NQueensMinConflict.java:233)	at nqueens.NQueensMinConflict.computePositionsRecursively(NQueensMinConflict.java:233)

	at nqueens.NQueensMinConflict.computePositionsRecursively(NQueensMinConflict.java:233)	at nqueens.NQueensMinConflict.computePositionsRecursively(NQueensMinConflict.java:233)

	at nqueens.NQueensMinConflict.computePositionsRecursively(NQueensMinConflict.java:233)	at nqueens.NQueensMinConflict.computePositionsRecursively(NQueensMinConflict.java:233)

	at nqueens.NQueensMinConflict.computePositionsRecursively(NQueensMinConflict.java:233)	at nqueens.NQueensMinConflict.computePositionsRecursively(NQueensMinConflict.java:233)
	at nqueens.NQueensMinConflict.computePositionsRecursively(NQueensMinConflict.java:233)
	at nqueens.NQueensMinConflict.computePositionsRecursively(NQueensMinConflict.java:233)
	at nqueens.NQueensMinConflict.computePositionsRecursively(NQueensMinConflict.java:233)
	at nqueens.NQueensMinConflict.computePositionsRecursively(NQueensMinConflict.java:233)
	at nqueens.NQueensMinConflict.computePositionsRecursively(NQueensMinConflict.java:233)
	at nqueens.NQueensMinConflict.computePositionsRecursively(NQueensMinConflict.java:233)
	at nqueens.NQueensMinConflict.computePositionsRecursively(NQueensMinConflict.java:233)
	at nqueens.NQueensMinConflict.computePositionsRecursively(NQueensMinConflict.java:233)
	at nqueens.NQueensMinConflict.computePositionsRecursively(NQueensMinConflict.java:233)
	at nqueens.NQueensMinConflict.computePositionsRecursively(NQueensMinConflict.java:233)
	at nqueens.NQueensMinConflict.computePositionsRecursively(NQueensMinConflict.java:233)
	at nqueens.NQueensMinConflict.computePositionsRecursively(NQueensMinConflict.java:233)
	at nqueens.NQueensMinConflict.computePositionsRecursively(NQueensMinConflict.java:233)
	at nqueens.NQueensMinConflict.computePositionsRecursively(NQueensMinConflict.java:233)
	at nqueens.NQueensMinConflict.computePositionsRecursively(NQueensMinConflict.java:233)
	at nqueens.NQueensMinConflict.computePositionsRecursively(NQueensMinConflict.java:233)
	at nqueens.NQueensMinConflict.computePositionsRecursively(NQueensMinConflict.java:233)
	at nqueens.NQueensMinConflict.computePositionsRecursively(NQueensMinConflict.java:233)
	at nqueens.NQueensMinConflict.computePositionsRecursively(NQueensMinConflict.java:233)
	at nqueens.NQueensMinConflict.computePositionsRecursively(NQueensMinConflict.java:233)
	at nqueens.NQueensMinConflict.computePositionsRecursively(NQueensMinConflict.java:233)
	at nqueens.NQueensMinConflict.computePositionsRecursively(NQueensMinConflict.java:233)

	at nqueens.NQueensMinConflict.computePositionsRecursively(NQueensMinConflict.java:233)	at nqueens.NQueensMinConflict.computePositionsRecursively(NQueensMinConflict.java:233)
	at nqueens.NQueensMinConflict.computePositionsRecursively(NQueensMinConflict.java:233)

	at nqueens.NQueensMinConflict.computePositionsRecursively(NQueensMinConflict.java:233)
	at nqueens.NQueensMinConflict.computePositionsRecursively(NQueensMinConflict.java:233)	at nqueens.NQueensMinConflict.computePositionsRecursively(NQueensMinConflict.java:233)

	at nqueens.NQueensMinConflict.computePositionsRecursively(NQueensMinConflict.java:233)	at nqueens.NQueensMinConflict.computePositionsRecursively(NQueensMinConflict.java:233)

	at nqueens.NQueensMinConflict.computePositionsRecursively(NQueensMinConflict.java:233)	at nqueens.NQueensMinConflict.computePositionsRecursively(NQueensMinConflict.java:233)

	at nqueens.NQueensMinConflict.computePositionsRecursively(NQueensMinConflict.java:233)	at nqueens.NQueensMinConflict.computePositionsRecursively(NQueensMinConflict.java:233)

	at nqueens.NQueensMinConflict.computePositionsRecursively(NQueensMinConflict.java:233)	at nqueens.NQueensMinConflict.computePositionsRecursively(NQueensMinConflict.java:233)

	at nqueens.NQueensMinConflict.computePositionsRecursively(NQueensMinConflict.java:233)	at nqueens.NQueensMinConflict.computePositionsRecursively(NQueensMinConflict.java:233)

	at nqueens.NQueensMinConflict.computePositionsRecursively(NQueensMinConflict.java:233)	at nqueens.NQueensMinConflict.computePositionsRecursively(NQueensMinConflict.java:233)

	at nqueens.NQueensMinConflict.computePositionsRecursively(NQueensMinConflict.java:233)	at nqueens.NQueensMinConflict.computePositionsRecursively(NQueensMinConflict.java:233)

	at nqueens.NQueensMinConflict.computePositionsRecursively(NQueensMinConflict.java:233)	at nqueens.NQueensMinConflict.computePositionsRecursively(NQueensMinConflict.java:233)

	at nqueens.NQueensMinConflict.computePositionsRecursively(NQueensMinConflict.java:233)	at nqueens.NQueensMinConflict.computePositionsRecursively(NQueensMinConflict.java:233)

	at nqueens.NQueensMinConflict.computePositionsRecursively(NQueensMinConflict.java:233)	at nqueens.NQueensMinConflict.computePositionsRecursively(NQueensMinConflict.java:233)

	at nqueens.NQueensMinConflict.computePositionsRecursively(NQueensMinConflict.java:233)	at nqueens.NQueensMinConflict.computePositionsRecursively(NQueensMinConflict.java:233)

	at nqueens.NQueensMinConflict.computePositionsRecursively(NQueensMinConflict.java:233)	at nqueens.NQueensMinConflict.computePositionsRecursively(NQueensMinConflict.java:233)

	at nqueens.NQueensMinConflict.computePositionsRecursively(NQueensMinConflict.java:233)	at nqueens.NQueensMinConflict.computePositionsRecursively(NQueensMinConflict.java:233)

	at nqueens.NQueensMinConflict.computePositionsRecursively(NQueensMinConflict.java:233)	at nqueens.NQueensMinConflict.computePositionsRecursively(NQueensMinConflict.java:233)

	at nqueens.NQueensMinConflict.computePositionsRecursively(NQueensMinConflict.java:233)	at nqueens.NQueensMinConflict.computePositionsRecursively(NQueensMinConflict.java:233)

	at nqueens.NQueensMinConflict.computePositionsRecursively(NQueensMinConflict.java:233)	at nqueens.NQueensMinConflict.computePositionsRecursively(NQueensMinConflict.java:233)

	at nqueens.NQueensMinConflict.computePositionsRecursively(NQueensMinConflict.java:233)	at nqueens.NQueensMinConflict.computePositionsRecursively(NQueensMinConflict.java:233)

	at nqueens.NQueensMinConflict.computePositionsRecursively(NQueensMinConflict.java:233)	at nqueens.NQueensMinConflict.computePositionsRecursively(NQueensMinConflict.java:233)

	at nqueens.NQueensMinConflict.computePositionsRecursively(NQueensMinConflict.java:233)	at nqueens.NQueensMinConflict.computePositionsRecursively(NQueensMinConflict.java:233)

	at nqueens.NQueensMinConflict.computePositionsRecursively(NQueensMinConflict.java:233)	at nqueens.NQueensMinConflict.computePositionsRecursively(NQueensMinConflict.java:233)

	at nqueens.NQueensMinConflict.computePositionsRecursively(NQueensMinConflict.java:233)	at nqueens.NQueensMinConflict.computePositionsRecursively(NQueensMinConflict.java:233)

	at nqueens.NQueensMinConflict.computePositionsRecursively(NQueensMinConflict.java:233)	at nqueens.NQueensMinConflict.computePositionsRecursively(NQueensMinConflict.java:233)

	at nqueens.NQueensMinConflict.computePositionsRecursively(NQueensMinConflict.java:233)	at nqueens.NQueensMinConflict.computePositionsRecursively(NQueensMinConflict.java:233)

	at nqueens.NQueensMinConflict.computePositionsRecursively(NQueensMinConflict.java:233)	at nqueens.NQueensMinConflict.computePositionsRecursively(NQueensMinConflict.java:233)

	at nqueens.NQueensMinConflict.computePositionsRecursively(NQueensMinConflict.java:233)	at nqueens.NQueensMinConflict.computePositionsRecursively(NQueensMinConflict.java:233)

	at nqueens.NQueensMinConflict.computePositionsRecursively(NQueensMinConflict.java:233)	at nqueens.NQueensMinConflict.computePositionsRecursively(NQueensMinConflict.java:233)

	at nqueens.NQueensMinConflict.computePositionsRecursively(NQueensMinConflict.java:233)	at nqueens.NQueensMinConflict.computePositionsRecursively(NQueensMinConflict.java:233)

	at nqueens.NQueensMinConflict.computePositionsRecursively(NQueensMinConflict.java:233)	at nqueens.NQueensMinConflict.computePositionsRecursively(NQueensMinConflict.java:233)

	at nqueens.NQueensMinConflict.computePositionsRecursively(NQueensMinConflict.java:233)	at nqueens.NQueensMinConflict.computePositionsRecursively(NQueensMinConflict.java:233)

	at nqueens.NQueensMinConflict.computePositionsRecursively(NQueensMinConflict.java:233)	at nqueens.NQueensMinConflict.computePositionsRecursively(NQueensMinConflict.java:233)

	at nqueens.NQueensMinConflict.computePositionsRecursively(NQueensMinConflict.java:233)	at nqueens.NQueensMinConflict.computePositionsRecursively(NQueensMinConflict.java:233)

	at nqueens.NQueensMinConflict.computePositionsRecursively(NQueensMinConflict.java:233)	at nqueens.NQueensMinConflict.computePositionsRecursively(NQueensMinConflict.java:233)

	at nqueens.NQueensMinConflict.computePositionsRecursively(NQueensMinConflict.java:233)	at nqueens.NQueensMinConflict.computePositionsRecursively(NQueensMinConflict.java:233)

	at nqueens.NQueensMinConflict.computePositionsRecursively(NQueensMinConflict.java:233)	at nqueens.NQueensMinConflict.computePositionsRecursively(NQueensMinConflict.java:233)

	at nqueens.NQueensMinConflict.computePositionsRecursively(NQueensMinConflict.java:233)	at nqueens.NQueensMinConflict.computePositionsRecursively(NQueensMinConflict.java:233)

	at nqueens.NQueensMinConflict.computePositionsRecursively(NQueensMinConflict.java:233)	at nqueens.NQueensMinConflict.computePositionsRecursively(NQueensMinConflict.java:233)

	at nqueens.NQueensMinConflict.computePositionsRecursively(NQueensMinConflict.java:233)	at nqueens.NQueensMinConflict.computePositionsRecursively(NQueensMinConflict.java:233)

	at nqueens.NQueensMinConflict.computePositionsRecursively(NQueensMinConflict.java:233)	at nqueens.NQueensMinConflict.computePositionsRecursively(NQueensMinConflict.java:233)

	at nqueens.NQueensMinConflict.computePositionsRecursively(NQueensMinConflict.java:233)	at nqueens.NQueensMinConflict.computePositionsRecursively(NQueensMinConflict.java:233)

	at nqueens.NQueensMinConflict.computePositionsRecursively(NQueensMinConflict.java:233)	at nqueens.NQueensMinConflict.computePositionsRecursively(NQueensMinConflict.java:233)

	at nqueens.NQueensMinConflict.computePositionsRecursively(NQueensMinConflict.java:233)	at nqueens.NQueensMinConflict.computePositionsRecursively(NQueensMinConflict.java:233)

	at nqueens.NQueensMinConflict.computePositionsRecursively(NQueensMinConflict.java:233)	at nqueens.NQueensMinConflict.computePositionsRecursively(NQueensMinConflict.java:233)

	at nqueens.NQueensMinConflict.computePositionsRecursively(NQueensMinConflict.java:233)	at nqueens.NQueensMinConflict.computePositionsRecursively(NQueensMinConflict.java:233)

	at nqueens.NQueensMinConflict.computePositionsRecursively(NQueensMinConflict.java:233)	at nqueens.NQueensMinConflict.computePositionsRecursively(NQueensMinConflict.java:233)

	at nqueens.NQueensMinConflict.computePositionsRecursively(NQueensMinConflict.java:233)	at nqueens.NQueensMinConflict.computePositionsRecursively(NQueensMinConflict.java:233)

	at nqueens.NQueensMinConflict.computePositionsRecursively(NQueensMinConflict.java:233)	at nqueens.NQueensMinConflict.computePositionsRecursively(NQueensMinConflict.java:233)

	at nqueens.NQueensMinConflict.computePositionsRecursively(NQueensMinConflict.java:233)	at nqueens.NQueensMinConflict.computePositionsRecursively(NQueensMinConflict.java:233)

	at nqueens.NQueensMinConflict.computePositionsRecursively(NQueensMinConflict.java:233)	at nqueens.NQueensMinConflict.computePositionsRecursively(NQueensMinConflict.java:233)

	at nqueens.NQueensMinConflict.computePositionsRecursively(NQueensMinConflict.java:233)	at nqueens.NQueensMinConflict.computePositionsRecursively(NQueensMinConflict.java:233)

	at nqueens.NQueensMinConflict.computePositionsRecursively(NQueensMinConflict.java:233)	at nqueens.NQueensMinConflict.computePositionsRecursively(NQueensMinConflict.java:233)

	at nqueens.NQueensMinConflict.computePositionsRecursively(NQueensMinConflict.java:233)	at nqueens.NQueensMinConflict.computePositionsRecursively(NQueensMinConflict.java:233)

	at nqueens.NQueensMinConflict.computePositionsRecursively(NQueensMinConflict.java:233)	at nqueens.NQueensMinConflict.computePositionsRecursively(NQueensMinConflict.java:233)

	at nqueens.NQueensMinConflict.computePositionsRecursively(NQueensMinConflict.java:233)	at nqueens.NQueensMinConflict.computePositionsRecursively(NQueensMinConflict.java:233)

	at nqueens.NQueensMinConflict.computePositionsRecursively(NQueensMinConflict.java:233)	at nqueens.NQueensMinConflict.computePositionsRecursively(NQueensMinConflict.java:233)

	at nqueens.NQueensMinConflict.computePositionsRecursively(NQueensMinConflict.java:233)	at nqueens.NQueensMinConflict.computePositionsRecursively(NQueensMinConflict.java:233)
	at nqueens.NQueensMinConflict.computePositionsRecursively(NQueensMinConflict.java:233)

	at nqueens.NQueensMinConflict.computePositionsRecursively(NQueensMinConflict.java:233)
	at nqueens.NQueensMinConflict.computePositionsRecursively(NQueensMinConflict.java:233)	at nqueens.NQueensMinConflict.computePositionsRecursively(NQueensMinConflict.java:233)

	at nqueens.NQueensMinConflict.computePositionsRecursively(NQueensMinConflict.java:233)	at nqueens.NQueensMinConflict.computePositionsRecursively(NQueensMinConflict.java:233)

	at nqueens.NQueensMinConflict.computePositionsRecursively(NQueensMinConflict.java:233)	at nqueens.NQueensMinConflict.computePositionsRecursively(NQueensMinConflict.java:233)

	at nqueens.NQueensMinConflict.computePositionsRecursively(NQueensMinConflict.java:233)	at nqueens.NQueensMinConflict.computePositionsRecursively(NQueensMinConflict.java:233)

	at nqueens.NQueensMinConflict.computePositionsRecursively(NQueensMinConflict.java:233)	at nqueens.NQueensMinConflict.computePositionsRecursively(NQueensMinConflict.java:233)

	at nqueens.NQueensMinConflict.computePositionsRecursively(NQueensMinConflict.java:233)	at nqueens.NQueensMinConflict.computePositionsRecursively(NQueensMinConflict.java:233)

	at nqueens.NQueensMinConflict.computePositionsRecursively(NQueensMinConflict.java:233)	at nqueens.NQueensMinConflict.computePositionsRecursively(NQueensMinConflict.java:233)

	at nqueens.NQueensMinConflict.computePositionsRecursively(NQueensMinConflict.java:233)	at nqueens.NQueensMinConflict.computePositionsRecursively(NQueensMinConflict.java:233)

	at nqueens.NQueensMinConflict.computePositionsRecursively(NQueensMinConflict.java:233)	at nqueens.NQueensMinConflict.computePositionsRecursively(NQueensMinConflict.java:233)

	at nqueens.NQueensMinConflict.computePositionsRecursively(NQueensMinConflict.java:233)	at nqueens.NQueensMinConflict.computePositionsRecursively(NQueensMinConflict.java:233)

	at nqueens.NQueensMinConflict.computePositionsRecursively(NQueensMinConflict.java:233)	at nqueens.NQueensMinConflict.computePositionsRecursively(NQueensMinConflict.java:233)

	at nqueens.NQueensMinConflict.computePositionsRecursively(NQueensMinConflict.java:233)	at nqueens.NQueensMinConflict.computePositionsRecursively(NQueensMinConflict.java:233)

	at nqueens.NQueensMinConflict.computePositionsRecursively(NQueensMinConflict.java:233)	at nqueens.NQueensMinConflict.computePositionsRecursively(NQueensMinConflict.java:233)

	at nqueens.NQueensMinConflict.computePositionsRecursively(NQueensMinConflict.java:233)	at nqueens.NQueensMinConflict.computePositionsRecursively(NQueensMinConflict.java:233)

	at nqueens.NQueensMinConflict.computePositionsRecursively(NQueensMinConflict.java:233)	at nqueens.NQueensMinConflict.computePositionsRecursively(NQueensMinConflict.java:233)

	at nqueens.NQueensMinConflict.computePositionsRecursively(NQueensMinConflict.java:233)	at nqueens.NQueensMinConflict.computePositionsRecursively(NQueensMinConflict.java:233)

	at nqueens.NQueensMinConflict.computePositionsRecursively(NQueensMinConflict.java:233)	at nqueens.NQueensMinConflict.computePositionsRecursively(NQueensMinConflict.java:233)

	at nqueens.NQueensMinConflict.computePositionsRecursively(NQueensMinConflict.java:233)	at nqueens.NQueensMinConflict.computePositionsRecursively(NQueensMinConflict.java:233)

	at nqueens.NQueensMinConflict.computePositionsRecursively(NQueensMinConflict.java:233)	at nqueens.NQueensMinConflict.computePositionsRecursively(NQueensMinConflict.java:233)

	at nqueens.NQueensMinConflict.computePositionsRecursively(NQueensMinConflict.java:233)	at nqueens.NQueensMinConflict.computePositionsRecursively(NQueensMinConflict.java:233)

	at nqueens.NQueensMinConflict.computePositionsRecursively(NQueensMinConflict.java:233)	at nqueens.NQueensMinConflict.computePositionsRecursively(NQueensMinConflict.java:233)

	at nqueens.NQueensMinConflict.computePositionsRecursively(NQueensMinConflict.java:233)	at nqueens.NQueensMinConflict.computePositionsRecursively(NQueensMinConflict.java:233)

	at nqueens.NQueensMinConflict.computePositionsRecursively(NQueensMinConflict.java:233)	at nqueens.NQueensMinConflict.computePositionsRecursively(NQueensMinConflict.java:233)

	at nqueens.NQueensMinConflict.computePositionsRecursively(NQueensMinConflict.java:233)	at nqueens.NQueensMinConflict.computePositionsRecursively(NQueensMinConflict.java:233)

	at nqueens.NQueensMinConflict.computePositionsRecursively(NQueensMinConflict.java:233)	at nqueens.NQueensMinConflict.computePositionsRecursively(NQueensMinConflict.java:233)

	at nqueens.NQueensMinConflict.computePositionsRecursively(NQueensMinConflict.java:233)	at nqueens.NQueensMinConflict.computePositionsRecursively(NQueensMinConflict.java:233)

	at nqueens.NQueensMinConflict.computePositionsRecursively(NQueensMinConflict.java:233)	at nqueens.NQueensMinConflict.computePositionsRecursively(NQueensMinConflict.java:233)

	at nqueens.NQueensMinConflict.computePositionsRecursively(NQueensMinConflict.java:233)	at nqueens.NQueensMinConflict.computePositionsRecursively(NQueensMinConflict.java:233)

	at nqueens.NQueensMinConflict.computePositionsRecursively(NQueensMinConflict.java:233)	at nqueens.NQueensMinConflict.computePositionsRecursively(NQueensMinConflict.java:233)

	at nqueens.NQueensMinConflict.computePositionsRecursively(NQueensMinConflict.java:233)	at nqueens.NQueensMinConflict.computePositionsRecursively(NQueensMinConflict.java:233)

	at nqueens.NQueensMinConflict.computePositionsRecursively(NQueensMinConflict.java:233)	at nqueens.NQueensMinConflict.computePositionsRecursively(NQueensMinConflict.java:233)

	at nqueens.NQueensMinConflict.computePositionsRecursively(NQueensMinConflict.java:233)	at nqueens.NQueensMinConflict.computePositionsRecursively(NQueensMinConflict.java:233)

	at nqueens.NQueensMinConflict.computePositionsRecursively(NQueensMinConflict.java:233)	at nqueens.NQueensMinConflict.computePositionsRecursively(NQueensMinConflict.java:233)

	at nqueens.NQueensMinConflict.computePositionsRecursively(NQueensMinConflict.java:233)	at nqueens.NQueensMinConflict.computePositionsRecursively(NQueensMinConflict.java:233)

	at nqueens.NQueensMinConflict.computePositionsRecursively(NQueensMinConflict.java:233)	at nqueens.NQueensMinConflict.computePositionsRecursively(NQueensMinConflict.java:233)

	at nqueens.NQueensMinConflict.computePositionsRecursively(NQueensMinConflict.java:233)	at nqueens.NQueensMinConflict.computePositionsRecursively(NQueensMinConflict.java:233)

	at nqueens.NQueensMinConflict.computePositionsRecursively(NQueensMinConflict.java:233)	at nqueens.NQueensMinConflict.computePositionsRecursively(NQueensMinConflict.java:233)

	at nqueens.NQueensMinConflict.computePositionsRecursively(NQueensMinConflict.java:233)	at nqueens.NQueensMinConflict.computePositionsRecursively(NQueensMinConflict.java:233)

	at nqueens.NQueensMinConflict.computePositionsRecursively(NQueensMinConflict.java:233)	at nqueens.NQueensMinConflict.computePositionsRecursively(NQueensMinConflict.java:233)

	at nqueens.NQueensMinConflict.computePositionsRecursively(NQueensMinConflict.java:233)	at nqueens.NQueensMinConflict.computePositionsRecursively(NQueensMinConflict.java:233)

	at nqueens.NQueensMinConflict.computePositionsRecursively(NQueensMinConflict.java:233)	at nqueens.NQueensMinConflict.computePositionsRecursively(NQueensMinConflict.java:233)

	at nqueens.NQueensMinConflict.computePositionsRecursively(NQueensMinConflict.java:233)	at nqueens.NQueensMinConflict.computePositionsRecursively(NQueensMinConflict.java:233)

	at nqueens.NQueensMinConflict.computePositionsRecursively(NQueensMinConflict.java:233)	at nqueens.NQueensMinConflict.computePositionsRecursively(NQueensMinConflict.java:233)

	at nqueens.NQueensMinConflict.computePositionsRecursively(NQueensMinConflict.java:233)	at nqueens.NQueensMinConflict.computePositionsRecursively(NQueensMinConflict.java:233)

	at nqueens.NQueensMinConflict.computePositionsRecursively(NQueensMinConflict.java:233)	at nqueens.NQueensMinConflict.computePositionsRecursively(NQueensMinConflict.java:233)

	at nqueens.NQueensMinConflict.computePositionsRecursively(NQueensMinConflict.java:233)	at nqueens.NQueensMinConflict.computePositionsRecursively(NQueensMinConflict.java:233)

	at nqueens.NQueensMinConflict.computePositionsRecursively(NQueensMinConflict.java:233)
	at nqueens.NQueensMinConflict.computePositionsRecursively(NQueensMinConflict.java:233)
	at nqueens.NQueensMinConflict.computePositionsRecursively(NQueensMinConflict.java:233)
	at nqueens.NQueensMinConflict.computePositionsRecursively(NQueensMinConflict.java:233)
	at nqueens.NQueensMinConflict.computePositionsRecursively(NQueensMinConflict.java:233)
	at nqueens.NQueensMinConflict.computePositionsRecursively(NQueensMinConflict.java:233)
	at nqueens.NQueensMinConflict.computePositionsRecursively(NQueensMinConflict.java:233)
	at nqueens.NQueensMinConflict.computePositionsRecursively(NQueensMinConflict.java:233)
	at nqueens.NQueensMinConflict.computePositionsRecursively(NQueensMinConflict.java:233)
	at nqueens.NQueensMinConflict.computePositionsRecursively(NQueensMinConflict.java:233)
	at nqueens.NQueensMinConflict.computePositionsRecursively(NQueensMinConflict.java:233)
	at nqueens.NQueensMinConflict.computePositionsRecursively(NQueensMinConflict.java:233)
	at nqueens.NQueensMinConflict.computePositionsRecursively(NQueensMinConflict.java:233)
	at nqueens.NQueensMinConflict.computePositionsRecursively(NQueensMinConflict.java:233)
	at nqueens.NQueensMinConflict.computePositionsRecursively(NQueensMinConflict.java:233)
	at nqueens.NQueensMinConflict.computePositionsRecursively(NQueensMinConflict.java:233)
	at nqueens.NQueensMinConflict.computePositionsRecursively(NQueensMinConflict.java:233)
	at nqueens.NQueensMinConflict.computePositionsRecursively(NQueensMinConflict.java:233)
	at nqueens.NQueensMinConflict.computePositionsRecursively(NQueensMinConflict.java:233)
	at nqueens.NQueensMinConflict.computePositionsRecursively(NQueensMinConflict.java:233)
	at nqueens.NQueensMinConflict.computePositionsRecursively(NQueensMinConflict.java:233)
	at nqueens.NQueensMinConflict.computePositionsRecursively(NQueensMinConflict.java:233)
	at nqueens.NQueensMinConflict.computePositionsRecursively(NQueensMinConflict.java:233)
	at nqueens.NQueensMinConflict.computePositionsRecursively(NQueensMinConflict.java:233)
	at nqueens.NQueensMinConflict.computePositionsRecursively(NQueensMinConflict.java:233)
	at nqueens.NQueensMinConflict.computePositionsRecursively(NQueensMinConflict.java:233)
	at nqueens.NQueensMinConflict.computePositionsRecursively(NQueensMinConflict.java:233)
	at nqueens.NQueensMinConflict.computePositionsRecursively(NQueensMinConflict.java:233)
	at nqueens.NQueensMinConflict.computePositionsRecursively(NQueensMinConflict.java:233)
	at nqueens.NQueensMinConflict.computePositionsRecursively(NQueensMinConflict.java:233)
	at nqueens.NQueensMinConflict.computePositionsRecursively(NQueensMinConflict.java:233)
	at nqueens.NQueensMinConflict.computePositionsRecursively(NQueensMinConflict.java:233)
	at nqueens.NQueensMinConflict.computePositionsRecursively(NQueensMinConflict.java:233)
	at nqueens.NQueensMinConflict.computePositionsRecursively(NQueensMinConflict.java:233)
	at nqueens.NQueensMinConflict.computePositionsRecursively(NQueensMinConflict.java:233)
	at nqueens.NQueensMinConflict.computePositionsRecursively(NQueensMinConflict.java:233)
	at nqueens.NQueensMinConflict.computePositionsRecursively(NQueensMinConflict.java:233)	at nqueens.NQueensMinConflict.computePositionsRecursively(NQueensMinConflict.java:233)

	at nqueens.NQueensMinConflict.computePositionsRecursively(NQueensMinConflict.java:233)	at nqueens.NQueensMinConflict.computePositionsRecursively(NQueensMinConflict.java:233)

	at nqueens.NQueensMinConflict.computePositionsRecursively(NQueensMinConflict.java:233)	at nqueens.NQueensMinConflict.computePositionsRecursively(NQueensMinConflict.java:233)

	at nqueens.NQueensMinConflict.computePositionsRecursively(NQueensMinConflict.java:233)	at nqueens.NQueensMinConflict.computePositionsRecursively(NQueensMinConflict.java:233)

	at nqueens.NQueensMinConflict.computePositionsRecursively(NQueensMinConflict.java:233)	at nqueens.NQueensMinConflict.computePositionsRecursively(NQueensMinConflict.java:233)

	at nqueens.NQueensMinConflict.computePositionsRecursively(NQueensMinConflict.java:233)
	at nqueens.NQueensMinConflict.computePositionsRecursively(NQueensMinConflict.java:233)
	at nqueens.NQueensMinConflict.computePositionsRecursively(NQueensMinConflict.java:233)	at nqueens.NQueensMinConflict.computePositionsRecursively(NQueensMinConflict.java:233)

	at nqueens.NQueensMinConflict.computePositionsRecursively(NQueensMinConflict.java:233)
	at nqueens.NQueensMinConflict.computePositionsRecursively(NQueensMinConflict.java:233)
	at nqueens.NQueensMinConflict.computePositionsRecursively(NQueensMinConflict.java:233)
	at nqueens.NQueensMinConflict.computePositionsRecursively(NQueensMinConflict.java:233)
	at nqueens.NQueensMinConflict.computePositionsRecursively(NQueensMinConflict.java:233)	at nqueens.NQueensMinConflict.computePositionsRecursively(NQueensMinConflict.java:233)

	at nqueens.NQueensMinConflict.computePositionsRecursively(NQueensMinConflict.java:233)
	at nqueens.NQueensMinConflict.computePositionsRecursively(NQueensMinConflict.java:233)
	at nqueens.NQueensMinConflict.computePositionsRecursively(NQueensMinConflict.java:233)
	at nqueens.NQueensMinConflict.computePositionsRecursively(NQueensMinConflict.java:233)
	at nqueens.NQueensMinConflict.computePositionsRecursively(NQueensMinConflict.java:233)	at nqueens.NQueensMinConflict.computePositionsRecursively(NQueensMinConflict.java:233)

	at nqueens.NQueensMinConflict.computePositionsRecursively(NQueensMinConflict.java:233)
	at nqueens.NQueensMinConflict.computePositionsRecursively(NQueensMinConflict.java:233)
	at nqueens.NQueensMinConflict.computePositionsRecursively(NQueensMinConflict.java:233)
	at nqueens.NQueensMinConflict.computePositionsRecursively(NQueensMinConflict.java:233)
	at nqueens.NQueensMinConflict.computePositionsRecursively(NQueensMinConflict.java:233)	at nqueens.NQueensMinConflict.computePositionsRecursively(NQueensMinConflict.java:233)

	at nqueens.NQueensMinConflict.computePositionsRecursively(NQueensMinConflict.java:233)
	at nqueens.NQueensMinConflict.computePositionsRecursively(NQueensMinConflict.java:233)
	at nqueens.NQueensMinConflict.computePositionsRecursively(NQueensMinConflict.java:233)	at nqueens.NQueensMinConflict.computePositionsRecursively(NQueensMinConflict.java:233)
	at nqueens.NQueensMinConflict.computePositionsRecursively(NQueensMinConflict.java:233)
	at nqueens.NQueensMinConflict.computePositionsRecursively(NQueensMinConflict.java:233)

	at nqueens.NQueensMinConflict.computePositionsRecursively(NQueensMinConflict.java:233)
	at nqueens.NQueensMinConflict.computePositionsRecursively(NQueensMinConflict.java:233)
	at nqueens.NQueensMinConflict.computePositionsRecursively(NQueensMinConflict.java:233)
	at nqueens.NQueensMinConflict.computePositionsRecursively(NQueensMinConflict.java:233)
	at nqueens.NQueensMinConflict.computePositionsRecursively(NQueensMinConflict.java:233)	at nqueens.NQueensMinConflict.computePositionsRecursively(NQueensMinConflict.java:233)
	at nqueens.NQueensMinConflict.computePositionsRecursively(NQueensMinConflict.java:233)

	at nqueens.NQueensMinConflict.computePositionsRecursively(NQueensMinConflict.java:233)
	at nqueens.NQueensMinConflict.computePositionsRecursively(NQueensMinConflict.java:233)	at nqueens.NQueensMinConflict.computePositionsRecursively(NQueensMinConflict.java:233)

	at nqueens.NQueensMinConflict.computePositionsRecursively(NQueensMinConflict.java:233)
	at nqueens.NQueensMinConflict.computePositionsRecursively(NQueensMinConflict.java:233)
	at nqueens.NQueensMinConflict.computePositionsRecursively(NQueensMinConflict.java:233)
	at nqueens.NQueensMinConflict.computePositionsRecursively(NQueensMinConflict.java:233)
	at nqueens.NQueensMinConflict.computePositionsRecursively(NQueensMinConflict.java:233)
	at nqueens.NQueensMinConflict.computePositionsRecursively(NQueensMinConflict.java:233)
	at nqueens.NQueensMinConflict.computePositionsRecursively(NQueensMinConflict.java:233)	at nqueens.NQueensMinConflict.computePositionsRecursively(NQueensMinConflict.java:233)

	at nqueens.NQueensMinConflict.computePositionsRecursively(NQueensMinConflict.java:233)
	at nqueens.NQueensMinConflict.computePositionsRecursively(NQueensMinConflict.java:233)
	at nqueens.NQueensMinConflict.computePositionsRecursively(NQueensMinConflict.java:233)	at nqueens.NQueensMinConflict.computePositionsRecursively(NQueensMinConflict.java:233)

	at nqueens.NQueensMinConflict.computePositionsRecursively(NQueensMinConflict.java:233)	at nqueens.NQueensMinConflict.computePositionsRecursively(NQueensMinConflict.java:233)

	at nqueens.NQueensMinConflict.computePositionsRecursively(NQueensMinConflict.java:233)
	at nqueens.NQueensMinConflict.computePositionsRecursively(NQueensMinConflict.java:233)
	at nqueens.NQueensMinConflict.computePositionsRecursively(NQueensMinConflict.java:233)	at nqueens.NQueensMinConflict.computePositionsRecursively(NQueensMinConflict.java:233)

	at nqueens.NQueensMinConflict.computePositionsRecursively(NQueensMinConflict.java:233)
	at nqueens.NQueensMinConflict.computePositionsRecursively(NQueensMinConflict.java:233)
	at nqueens.NQueensMinConflict.computePositionsRecursively(NQueensMinConflict.java:233)	at nqueens.NQueensMinConflict.computePositionsRecursively(NQueensMinConflict.java:233)

	at nqueens.NQueensMinConflict.computePositionsRecursively(NQueensMinConflict.java:233)
	at nqueens.NQueensMinConflict.computePositionsRecursively(NQueensMinConflict.java:233)
	at nqueens.NQueensMinConflict.computePositionsRecursively(NQueensMinConflict.java:233)	at nqueens.NQueensMinConflict.computePositionsRecursively(NQueensMinConflict.java:233)

	at nqueens.NQueensMinConflict.computePositionsRecursively(NQueensMinConflict.java:233)
	at nqueens.NQueensMinConflict.computePositionsRecursively(NQueensMinConflict.java:233)
	at nqueens.NQueensMinConflict.computePositionsRecursively(NQueensMinConflict.java:233)
	at nqueens.NQueensMinConflict.computePositionsRecursively(NQueensMinConflict.java:233)
	at nqueens.NQueensMinConflict.computePositionsRecursively(NQueensMinConflict.java:233)	at nqueens.NQueensMinConflict.computePositionsRecursively(NQueensMinConflict.java:233)

	at nqueens.NQueensMinConflict.computePositionsRecursively(NQueensMinConflict.java:233)
	at nqueens.NQueensMinConflict.computePositionsRecursively(NQueensMinConflict.java:233)
	at nqueens.NQueensMinConflict.computePositionsRecursively(NQueensMinConflict.java:233)
	at nqueens.NQueensMinConflict.computePositionsRecursively(NQueensMinConflict.java:233)
	at nqueens.NQueensMinConflict.computePositionsRecursively(NQueensMinConflict.java:233)	at nqueens.NQueensMinConflict.computePositionsRecursively(NQueensMinConflict.java:233)
	at nqueens.NQueensMinConflict.computePositionsRecursively(NQueensMinConflict.java:233)
	at nqueens.NQueensMinConflict.computePositionsRecursively(NQueensMinConflict.java:233)

	at nqueens.NQueensMinConflict.computePositionsRecursively(NQueensMinConflict.java:233)
	at nqueens.NQueensMinConflict.computePositionsRecursively(NQueensMinConflict.java:233)
	at nqueens.NQueensMinConflict.computePositionsRecursively(NQueensMinConflict.java:233)	at nqueens.NQueensMinConflict.computePositionsRecursively(NQueensMinConflict.java:233)

	at nqueens.NQueensMinConflict.computePositionsRecursively(NQueensMinConflict.java:233)
	at nqueens.NQueensMinConflict.computePositionsRecursively(NQueensMinConflict.java:233)
	at nqueens.NQueensMinConflict.computePositionsRecursively(NQueensMinConflict.java:233)	at nqueens.NQueensMinConflict.computePositionsRecursively(NQueensMinConflict.java:233)

	at nqueens.NQueensMinConflict.computePositionsRecursively(NQueensMinConflict.java:233)
	at nqueens.NQueensMinConflict.computePositionsRecursively(NQueensMinConflict.java:233)
	at nqueens.NQueensMinConflict.computePositionsRecursively(NQueensMinConflict.java:233)	at nqueens.NQueensMinConflict.computePositionsRecursively(NQueensMinConflict.java:233)

	at nqueens.NQueensMinConflict.computePositionsRecursively(NQueensMinConflict.java:233)
	at nqueens.NQueensMinConflict.computePositionsRecursively(NQueensMinConflict.java:233)
	at nqueens.NQueensMinConflict.computePositionsRecursively(NQueensMinConflict.java:233)
	at nqueens.NQueensMinConflict.computePositionsRecursively(NQueensMinConflict.java:233)
	at nqueens.NQueensMinConflict.computePositionsRecursively(NQueensMinConflict.java:233)	at nqueens.NQueensMinConflict.computePositionsRecursively(NQueensMinConflict.java:233)

	at nqueens.NQueensMinConflict.computePositionsRecursively(NQueensMinConflict.java:233)
	at nqueens.NQueensMinConflict.computePositionsRecursively(NQueensMinConflict.java:233)
	at nqueens.NQueensMinConflict.computePositionsRecursively(NQueensMinConflict.java:233)	at nqueens.NQueensMinConflict.computePositionsRecursively(NQueensMinConflict.java:233)

	at nqueens.NQueensMinConflict.computePositionsRecursively(NQueensMinConflict.java:233)
	at nqueens.NQueensMinConflict.computePositionsRecursively(NQueensMinConflict.java:233)
	at nqueens.NQueensMinConflict.computePositionsRecursively(NQueensMinConflict.java:233)
	at nqueens.NQueensMinConflict.computePositionsRecursively(NQueensMinConflict.java:233)
	at nqueens.NQueensMinConflict.computePositionsRecursively(NQueensMinConflict.java:233)	at nqueens.NQueensMinConflict.computePositionsRecursively(NQueensMinConflict.java:233)

	at nqueens.NQueensMinConflict.computePositionsRecursively(NQueensMinConflict.java:233)
	at nqueens.NQueensMinConflict.computePositionsRecursively(NQueensMinConflict.java:233)
	at nqueens.NQueensMinConflict.computePositionsRecursively(NQueensMinConflict.java:233)	at nqueens.NQueensMinConflict.computePositionsRecursively(NQueensMinConflict.java:233)

	at nqueens.NQueensMinConflict.computePositionsRecursively(NQueensMinConflict.java:233)
	at nqueens.NQueensMinConflict.computePositionsRecursively(NQueensMinConflict.java:233)
	at nqueens.NQueensMinConflict.computePositionsRecursively(NQueensMinConflict.java:233)
	at nqueens.NQueensMinConflict.computePositionsRecursively(NQueensMinConflict.java:233)
	at nqueens.NQueensMinConflict.computePositionsRecursively(NQueensMinConflict.java:233)	at nqueens.NQueensMinConflict.computePositionsRecursively(NQueensMinConflict.java:233)

	at nqueens.NQueensMinConflict.computePositionsRecursively(NQueensMinConflict.java:233)
	at nqueens.NQueensMinConflict.computePositionsRecursively(NQueensMinConflict.java:233)
	at nqueens.NQueensMinConflict.computePositionsRecursively(NQueensMinConflict.java:233)
	at nqueens.NQueensMinConflict.computePositionsRecursively(NQueensMinConflict.java:233)
	at nqueens.NQueensMinConflict.computePositionsRecursively(NQueensMinConflict.java:233)	at nqueens.NQueensMinConflict.computePositionsRecursively(NQueensMinConflict.java:233)

	at nqueens.NQueensMinConflict.computePositionsRecursively(NQueensMinConflict.java:233)	at nqueens.NQueensMinConflict.computePositionsRecursively(NQueensMinConflict.java:233)

	at nqueens.NQueensMinConflict.computePositionsRecursively(NQueensMinConflict.java:233)	at nqueens.NQueensMinConflict.computePositionsRecursively(NQueensMinConflict.java:233)

	at nqueens.NQueensMinConflict.computePositionsRecursively(NQueensMinConflict.java:233)	at nqueens.NQueensMinConflict.computePositionsRecursively(NQueensMinConflict.java:233)

	at nqueens.NQueensMinConflict.computePositionsRecursively(NQueensMinConflict.java:233)
	at nqueens.NQueensMinConflict.computePositionsRecursively(NQueensMinConflict.java:233)
	at nqueens.NQueensMinConflict.computePositionsRecursively(NQueensMinConflict.java:233)	at nqueens.NQueensMinConflict.computePositionsRecursively(NQueensMinConflict.java:233)

	at nqueens.NQueensMinConflict.computePositionsRecursively(NQueensMinConflict.java:233)
	at nqueens.NQueensMinConflict.computePositionsRecursively(NQueensMinConflict.java:233)
	at nqueens.NQueensMinConflict.computePositionsRecursively(NQueensMinConflict.java:233)	at nqueens.NQueensMinConflict.computePositionsRecursively(NQueensMinConflict.java:233)

	at nqueens.NQueensMinConflict.computePositionsRecursively(NQueensMinConflict.java:233)	at nqueens.NQueensMinConflict.computePositionsRecursively(NQueensMinConflict.java:233)

	at nqueens.NQueensMinConflict.computePositionsRecursively(NQueensMinConflict.java:233)	at nqueens.NQueensMinConflict.computePositionsRecursively(NQueensMinConflict.java:233)

	at nqueens.NQueensMinConflict.computePositionsRecursively(NQueensMinConflict.java:233)	at nqueens.NQueensMinConflict.computePositionsRecursively(NQueensMinConflict.java:233)

	at nqueens.NQueensMinConflict.computePositionsRecursively(NQueensMinConflict.java:233)	at nqueens.NQueensMinConflict.computePositionsRecursively(NQueensMinConflict.java:233)

	at nqueens.NQueensMinConflict.computePositionsRecursively(NQueensMinConflict.java:233)	at nqueens.NQueensMinConflict.computePositionsRecursively(NQueensMinConflict.java:233)

	at nqueens.NQueensMinConflict.computePositionsRecursively(NQueensMinConflict.java:233)	at nqueens.NQueensMinConflict.computePositionsRecursively(NQueensMinConflict.java:233)

	at nqueens.NQueensMinConflict.computePositionsRecursively(NQueensMinConflict.java:233)	at nqueens.NQueensMinConflict.computePositionsRecursively(NQueensMinConflict.java:233)

	at nqueens.NQueensMinConflict.computePositionsRecursively(NQueensMinConflict.java:233)	at nqueens.NQueensMinConflict.computePositionsRecursively(NQueensMinConflict.java:233)

	at nqueens.NQueensMinConflict.computePositionsRecursively(NQueensMinConflict.java:233)	at nqueens.NQueensMinConflict.computePositionsRecursively(NQueensMinConflict.java:233)

	at nqueens.NQueensMinConflict.computePositionsRecursively(NQueensMinConflict.java:233)	at nqueens.NQueensMinConflict.computePositionsRecursively(NQueensMinConflict.java:233)

	at nqueens.NQueensMinConflict.computePositionsRecursively(NQueensMinConflict.java:233)	at nqueens.NQueensMinConflict.computePositionsRecursively(NQueensMinConflict.java:233)

	at nqueens.NQueensMinConflict.computePositionsRecursively(NQueensMinConflict.java:233)	at nqueens.NQueensMinConflict.computePositionsRecursively(NQueensMinConflict.java:233)

	at nqueens.NQueensMinConflict.computePositionsRecursively(NQueensMinConflict.java:233)	at nqueens.NQueensMinConflict.computePositionsRecursively(NQueensMinConflict.java:233)

	at nqueens.NQueensMinConflict.computePositionsRecursively(NQueensMinConflict.java:233)	at nqueens.NQueensMinConflict.computePositionsRecursively(NQueensMinConflict.java:233)

	at nqueens.NQueensMinConflict.computePositionsRecursively(NQueensMinConflict.java:233)	at nqueens.NQueensMinConflict.computePositionsRecursively(NQueensMinConflict.java:233)

	at nqueens.NQueensMinConflict.computePositionsRecursively(NQueensMinConflict.java:233)	at nqueens.NQueensMinConflict.computePositionsRecursively(NQueensMinConflict.java:233)

	at nqueens.NQueensMinConflict.computePositionsRecursively(NQueensMinConflict.java:233)	at nqueens.NQueensMinConflict.computePositionsRecursively(NQueensMinConflict.java:233)

	at nqueens.NQueensMinConflict.computePositionsRecursively(NQueensMinConflict.java:233)	at nqueens.NQueensMinConflict.computePositionsRecursively(NQueensMinConflict.java:233)

	at nqueens.NQueensMinConflict.computePositionsRecursively(NQueensMinConflict.java:233)	at nqueens.NQueensMinConflict.computePositionsRecursively(NQueensMinConflict.java:233)

	at nqueens.NQueensMinConflict.computePositionsRecursively(NQueensMinConflict.java:233)	at nqueens.NQueensMinConflict.computePositionsRecursively(NQueensMinConflict.java:233)
	at nqueens.NQueensMinConflict.computePositionsRecursively(NQueensMinConflict.java:233)

	at nqueens.NQueensMinConflict.computePositionsRecursively(NQueensMinConflict.java:233)
	at nqueens.NQueensMinConflict.computePositionsRecursively(NQueensMinConflict.java:233)
	at nqueens.NQueensMinConflict.computePositionsRecursively(NQueensMinConflict.java:233)
	at nqueens.NQueensMinConflict.computePositionsRecursively(NQueensMinConflict.java:233)	at nqueens.NQueensMinConflict.computePositionsRecursively(NQueensMinConflict.java:233)
	at nqueens.NQueensMinConflict.computePositionsRecursively(NQueensMinConflict.java:233)
	at nqueens.NQueensMinConflict.computePositionsRecursively(NQueensMinConflict.java:233)

	at nqueens.NQueensMinConflict.computePositionsRecursively(NQueensMinConflict.java:233)
	at nqueens.NQueensMinConflict.computePositionsRecursively(NQueensMinConflict.java:233)
	at nqueens.NQueensMinConflict.computePositionsRecursively(NQueensMinConflict.java:233)	at nqueens.NQueensMinConflict.computePositionsRecursively(NQueensMinConflict.java:233)
	at nqueens.NQueensMinConflict.computePositionsRecursively(NQueensMinConflict.java:233)
	at nqueens.NQueensMinConflict.computePositionsRecursively(NQueensMinConflict.java:233)

	at nqueens.NQueensMinConflict.computePositionsRecursively(NQueensMinConflict.java:233)
	at nqueens.NQueensMinConflict.computePositionsRecursively(NQueensMinConflict.java:233)
	at nqueens.NQueensMinConflict.computePositionsRecursively(NQueensMinConflict.java:233)
	at nqueens.NQueensMinConflict.computePositionsRecursively(NQueensMinConflict.java:233)
	at nqueens.NQueensMinConflict.computePositionsRecursively(NQueensMinConflict.java:233)	at nqueens.NQueensMinConflict.computePositionsRecursively(NQueensMinConflict.java:233)
	at nqueens.NQueensMinConflict.computePositionsRecursively(NQueensMinConflict.java:233)
	at nqueens.NQueensMinConflict.computePositionsRecursively(NQueensMinConflict.java:233)

	at nqueens.NQueensMinConflict.computePositionsRecursively(NQueensMinConflict.java:233)
	at nqueens.NQueensMinConflict.computePositionsRecursively(NQueensMinConflict.java:233)
	at nqueens.NQueensMinConflict.computePositionsRecursively(NQueensMinConflict.java:233)
	at nqueens.NQueensMinConflict.computePositionsRecursively(NQueensMinConflict.java:233)
	at nqueens.NQueensMinConflict.computePositionsRecursively(NQueensMinConflict.java:233)	at nqueens.NQueensMinConflict.computePositionsRecursively(NQueensMinConflict.java:233)
	at nqueens.NQueensMinConflict.computePositionsRecursively(NQueensMinConflict.java:233)
	at nqueens.NQueensMinConflict.computePositionsRecursively(NQueensMinConflict.java:233)

	at nqueens.NQueensMinConflict.computePositionsRecursively(NQueensMinConflict.java:233)
	at nqueens.NQueensMinConflict.computePositionsRecursively(NQueensMinConflict.java:233)
	at nqueens.NQueensMinConflict.computePositionsRecursively(NQueensMinConflict.java:233)
	at nqueens.NQueensMinConflict.computePositionsRecursively(NQueensMinConflict.java:233)
	at nqueens.NQueensMinConflict.computePositionsRecursively(NQueensMinConflict.java:233)
	at nqueens.NQueensMinConflict.computePositionsRecursively(NQueensMinConflict.java:233)
	at nqueens.NQueensMinConflict.computePositionsRecursively(NQueensMinConflict.java:233)
	at nqueens.NQueensMinConflict.computePositionsRecursively(NQueensMinConflict.java:233)
	at nqueens.NQueensMinConflict.computePositionsRecursively(NQueensMinConflict.java:233)	at nqueens.NQueensMinConflict.computePositionsRecursively(NQueensMinConflict.java:233)

	at nqueens.NQueensMinConflict.computePositionsRecursively(NQueensMinConflict.java:233)
	at nqueens.NQueensMinConflict.computePositionsRecursively(NQueensMinConflict.java:233)
	at nqueens.NQueensMinConflict.computePositionsRecursively(NQueensMinConflict.java:233)
	at nqueens.NQueensMinConflict.computePositionsRecursively(NQueensMinConflict.java:233)
	at nqueens.NQueensMinConflict.computePositionsRecursively(NQueensMinConflict.java:233)
	at nqueens.NQueensMinConflict.computePositionsRecursively(NQueensMinConflict.java:233)
	at nqueens.NQueensMinConflict.computePositionsRecursively(NQueensMinConflict.java:233)	at nqueens.NQueensMinConflict.computePositionsRecursively(NQueensMinConflict.java:233)
	at nqueens.NQueensMinConflict.computePositionsRecursively(NQueensMinConflict.java:233)
	at nqueens.NQueensMinConflict.computePositionsRecursively(NQueensMinConflict.java:233)

	at nqueens.NQueensMinConflict.computePositionsRecursively(NQueensMinConflict.java:233)
	at nqueens.NQueensMinConflict.computePositionsRecursively(NQueensMinConflict.java:233)
	at nqueens.NQueensMinConflict.computePositionsRecursively(NQueensMinConflict.java:233)
	at nqueens.NQueensMinConflict.computePositionsRecursively(NQueensMinConflict.java:233)
	at nqueens.NQueensMinConflict.computePositionsRecursively(NQueensMinConflict.java:233)
	at nqueens.NQueensMinConflict.computePositionsRecursively(NQueensMinConflict.java:233)
	at nqueens.NQueensMinConflict.computePositionsRecursively(NQueensMinConflict.java:233)	at nqueens.NQueensMinConflict.computePositionsRecursively(NQueensMinConflict.java:233)

	at nqueens.NQueensMinConflict.computePositionsRecursively(NQueensMinConflict.java:233)
	at nqueens.NQueensMinConflict.computePositionsRecursively(NQueensMinConflict.java:233)
	at nqueens.NQueensMinConflict.computePositionsRecursively(NQueensMinConflict.java:233)
	at nqueens.NQueensMinConflict.computePositionsRecursively(NQueensMinConflict.java:233)
	at nqueens.NQueensMinConflict.computePositionsRecursively(NQueensMinConflict.java:233)	at nqueens.NQueensMinConflict.computePositionsRecursively(NQueensMinConflict.java:233)

	at nqueens.NQueensMinConflict.computePositionsRecursively(NQueensMinConflict.java:233)	at nqueens.NQueensMinConflict.computePositionsRecursively(NQueensMinConflict.java:233)

	at nqueens.NQueensMinConflict.computePositionsRecursively(NQueensMinConflict.java:233)	at nqueens.NQueensMinConflict.computePositionsRecursively(NQueensMinConflict.java:233)

	at nqueens.NQueensMinConflict.computePositionsRecursively(NQueensMinConflict.java:233)	at nqueens.NQueensMinConflict.computePositionsRecursively(NQueensMinConflict.java:233)

	at nqueens.NQueensMinConflict.computePositionsRecursively(NQueensMinConflict.java:233)	at nqueens.NQueensMinConflict.computePositionsRecursively(NQueensMinConflict.java:233)

	at nqueens.NQueensMinConflict.computePositionsRecursively(NQueensMinConflict.java:233)	at nqueens.NQueensMinConflict.computePositionsRecursively(NQueensMinConflict.java:233)

	at nqueens.NQueensMinConflict.computePositionsRecursively(NQueensMinConflict.java:233)	at nqueens.NQueensMinConflict.computePositionsRecursively(NQueensMinConflict.java:233)

	at nqueens.NQueensMinConflict.computePositionsRecursively(NQueensMinConflict.java:233)	at nqueens.NQueensMinConflict.computePositionsRecursively(NQueensMinConflict.java:233)

	at nqueens.NQueensMinConflict.computePositionsRecursively(NQueensMinConflict.java:233)	at nqueens.NQueensMinConflict.computePositionsRecursively(NQueensMinConflict.java:233)

	at nqueens.NQueensMinConflict.computePositionsRecursively(NQueensMinConflict.java:233)	at nqueens.NQueensMinConflict.computePositionsRecursively(NQueensMinConflict.java:233)

	at nqueens.NQueensMinConflict.computePositionsRecursively(NQueensMinConflict.java:233)	at nqueens.NQueensMinConflict.computePositionsRecursively(NQueensMinConflict.java:233)

	at nqueens.NQueensMinConflict.computePositionsRecursively(NQueensMinConflict.java:233)	at nqueens.NQueensMinConflict.computePositionsRecursively(NQueensMinConflict.java:233)

	at nqueens.NQueensMinConflict.computePositionsRecursively(NQueensMinConflict.java:233)	at nqueens.NQueensMinConflict.computePositionsRecursively(NQueensMinConflict.java:233)

	at nqueens.NQueensMinConflict.computePositionsRecursively(NQueensMinConflict.java:233)	at nqueens.NQueensMinConflict.computePositionsRecursively(NQueensMinConflict.java:233)

	at nqueens.NQueensMinConflict.computePositionsRecursively(NQueensMinConflict.java:233)	at nqueens.NQueensMinConflict.computePositionsRecursively(NQueensMinConflict.java:233)

	at nqueens.NQueensMinConflict.computePositionsRecursively(NQueensMinConflict.java:233)	at nqueens.NQueensMinConflict.computePositionsRecursively(NQueensMinConflict.java:233)

	at nqueens.NQueensMinConflict.computePositionsRecursively(NQueensMinConflict.java:233)	at nqueens.NQueensMinConflict.computePositionsRecursively(NQueensMinConflict.java:233)

	at nqueens.NQueensMinConflict.computePositionsRecursively(NQueensMinConflict.java:233)	at nqueens.NQueensMinConflict.computePositionsRecursively(NQueensMinConflict.java:233)

	at nqueens.NQueensMinConflict.computePositionsRecursively(NQueensMinConflict.java:233)	at nqueens.NQueensMinConflict.computePositionsRecursively(NQueensMinConflict.java:233)

	at nqueens.NQueensMinConflict.computePositionsRecursively(NQueensMinConflict.java:233)	at nqueens.NQueensMinConflict.computePositionsRecursively(NQueensMinConflict.java:233)

	at nqueens.NQueensMinConflict.computePositionsRecursively(NQueensMinConflict.java:233)	at nqueens.NQueensMinConflict.computePositionsRecursively(NQueensMinConflict.java:233)

	at nqueens.NQueensMinConflict.computePositionsRecursively(NQueensMinConflict.java:233)	at nqueens.NQueensMinConflict.computePositionsRecursively(NQueensMinConflict.java:233)

	at nqueens.NQueensMinConflict.computePositionsRecursively(NQueensMinConflict.java:233)	at nqueens.NQueensMinConflict.computePositionsRecursively(NQueensMinConflict.java:233)

	at nqueens.NQueensMinConflict.computePositionsRecursively(NQueensMinConflict.java:233)	at nqueens.NQueensMinConflict.computePositionsRecursively(NQueensMinConflict.java:233)

	at nqueens.NQueensMinConflict.computePositionsRecursively(NQueensMinConflict.java:233)	at nqueens.NQueensMinConflict.computePositionsRecursively(NQueensMinConflict.java:233)

	at nqueens.NQueensMinConflict.computePositionsRecursively(NQueensMinConflict.java:233)	at nqueens.NQueensMinConflict.computePositionsRecursively(NQueensMinConflict.java:233)

	at nqueens.NQueensMinConflict.computePositionsRecursively(NQueensMinConflict.java:233)	at nqueens.NQueensMinConflict.computePositionsRecursively(NQueensMinConflict.java:233)

	at nqueens.NQueensMinConflict.computePositionsRecursively(NQueensMinConflict.java:233)	at nqueens.NQueensMinConflict.computePositionsRecursively(NQueensMinConflict.java:233)

	at nqueens.NQueensMinConflict.computePositionsRecursively(NQueensMinConflict.java:233)	at nqueens.NQueensMinConflict.computePositionsRecursively(NQueensMinConflict.java:233)

	at nqueens.NQueensMinConflict.computePositionsRecursively(NQueensMinConflict.java:233)	at nqueens.NQueensMinConflict.computePositionsRecursively(NQueensMinConflict.java:233)

	at nqueens.NQueensMinConflict.computePositionsRecursively(NQueensMinConflict.java:233)	at nqueens.NQueensMinConflict.computePositionsRecursively(NQueensMinConflict.java:233)

	at nqueens.NQueensMinConflict.computePositionsRecursively(NQueensMinConflict.java:233)	at nqueens.NQueensMinConflict.computePositionsRecursively(NQueensMinConflict.java:233)

	at nqueens.NQueensMinConflict.computePositionsRecursively(NQueensMinConflict.java:233)	at nqueens.NQueensMinConflict.computePositionsRecursively(NQueensMinConflict.java:233)

	at nqueens.NQueensMinConflict.computePositionsRecursively(NQueensMinConflict.java:233)	at nqueens.NQueensMinConflict.computePositionsRecursively(NQueensMinConflict.java:233)

	at nqueens.NQueensMinConflict.computePositionsRecursively(NQueensMinConflict.java:233)	at nqueens.NQueensMinConflict.computePositionsRecursively(NQueensMinConflict.java:233)

	at nqueens.NQueensMinConflict.computePositionsRecursively(NQueensMinConflict.java:233)	at nqueens.NQueensMinConflict.computePositionsRecursively(NQueensMinConflict.java:233)

	at nqueens.NQueensMinConflict.computePositionsRecursively(NQueensMinConflict.java:233)	at nqueens.NQueensMinConflict.computePositionsRecursively(NQueensMinConflict.java:233)

	at nqueens.NQueensMinConflict.computePositionsRecursively(NQueensMinConflict.java:233)	at nqueens.NQueensMinConflict.computePositionsRecursively(NQueensMinConflict.java:233)

	at nqueens.NQueensMinConflict.computePositionsRecursively(NQueensMinConflict.java:233)	at nqueens.NQueensMinConflict.computePositionsRecursively(NQueensMinConflict.java:233)

	at nqueens.NQueensMinConflict.computePositionsRecursively(NQueensMinConflict.java:233)	at nqueens.NQueensMinConflict.computePositionsRecursively(NQueensMinConflict.java:233)

	at nqueens.NQueensMinConflict.computePositionsRecursively(NQueensMinConflict.java:233)
	at nqueens.NQueensMinConflict.computePositionsRecursively(NQueensMinConflict.java:233)
	at nqueens.NQueensMinConflict.computePositionsRecursively(NQueensMinConflict.java:233)	at nqueens.NQueensMinConflict.computePositionsRecursively(NQueensMinConflict.java:233)

	at nqueens.NQueensMinConflict.computePositionsRecursively(NQueensMinConflict.java:233)	at nqueens.NQueensMinConflict.computePositionsRecursively(NQueensMinConflict.java:233)

	at nqueens.NQueensMinConflict.computePositionsRecursively(NQueensMinConflict.java:233)	at nqueens.NQueensMinConflict.computePositionsRecursively(NQueensMinConflict.java:233)

	at nqueens.NQueensMinConflict.computePositionsRecursively(NQueensMinConflict.java:233)	at nqueens.NQueensMinConflict.computePositionsRecursively(NQueensMinConflict.java:233)

	at nqueens.NQueensMinConflict.computePositionsRecursively(NQueensMinConflict.java:233)	at nqueens.NQueensMinConflict.computePositionsRecursively(NQueensMinConflict.java:233)

	at nqueens.NQueensMinConflict.computePositionsRecursively(NQueensMinConflict.java:233)
	at nqueens.NQueensMinConflict.computePositionsRecursively(NQueensMinConflict.java:233)
	at nqueens.NQueensMinConflict.computePositionsRecursively(NQueensMinConflict.java:233)	at nqueens.NQueensMinConflict.computePositionsRecursively(NQueensMinConflict.java:233)

	at nqueens.NQueensMinConflict.computePositionsRecursively(NQueensMinConflict.java:233)
	at nqueens.NQueensMinConflict.computePositionsRecursively(NQueensMinConflict.java:233)
	at nqueens.NQueensMinConflict.computePositionsRecursively(NQueensMinConflict.java:233)	at nqueens.NQueensMinConflict.computePositionsRecursively(NQueensMinConflict.java:233)

	at nqueens.NQueensMinConflict.computePositionsRecursively(NQueensMinConflict.java:233)
	at nqueens.NQueensMinConflict.computePositionsRecursively(NQueensMinConflict.java:233)
	at nqueens.NQueensMinConflict.computePositionsRecursively(NQueensMinConflict.java:233)	at nqueens.NQueensMinConflict.computePositionsRecursively(NQueensMinConflict.java:233)

	at nqueens.NQueensMinConflict.computePositionsRecursively(NQueensMinConflict.java:233)
	at nqueens.NQueensMinConflict.computePositionsRecursively(NQueensMinConflict.java:233)
	at nqueens.NQueensMinConflict.computePositionsRecursively(NQueensMinConflict.java:233)	at nqueens.NQueensMinConflict.computePositionsRecursively(NQueensMinConflict.java:233)

	at nqueens.NQueensMinConflict.computePositionsRecursively(NQueensMinConflict.java:233)	at nqueens.NQueensMinConflict.computePositionsRecursively(NQueensMinConflict.java:233)

	at nqueens.NQueensMinConflict.computePositionsRecursively(NQueensMinConflict.java:233)	at nqueens.NQueensMinConflict.computePositionsRecursively(NQueensMinConflict.java:233)

	at nqueens.NQueensMinConflict.computePositionsRecursively(NQueensMinConflict.java:233)	at nqueens.NQueensMinConflict.computePositionsRecursively(NQueensMinConflict.java:233)

	at nqueens.NQueensMinConflict.computePositionsRecursively(NQueensMinConflict.java:233)	at nqueens.NQueensMinConflict.computePositionsRecursively(NQueensMinConflict.java:233)

	at nqueens.NQueensMinConflict.computePositionsRecursively(NQueensMinConflict.java:233)	at nqueens.NQueensMinConflict.computePositionsRecursively(NQueensMinConflict.java:233)

	at nqueens.NQueensMinConflict.computePositionsRecursively(NQueensMinConflict.java:233)	at nqueens.NQueensMinConflict.computePositionsRecursively(NQueensMinConflict.java:233)

	at nqueens.NQueensMinConflict.computePositionsRecursively(NQueensMinConflict.java:233)	at nqueens.NQueensMinConflict.computePositionsRecursively(NQueensMinConflict.java:233)

	at nqueens.NQueensMinConflict.computePositionsRecursively(NQueensMinConflict.java:233)
	at nqueens.NQueensMinConflict.computePositionsRecursively(NQueensMinConflict.java:233)
	at nqueens.NQueensMinConflict.computePositionsRecursively(NQueensMinConflict.java:233)	at nqueens.NQueensMinConflict.computePositionsRecursively(NQueensMinConflict.java:233)

	at nqueens.NQueensMinConflict.computePositionsRecursively(NQueensMinConflict.java:233)
	at nqueens.NQueensMinConflict.computePositionsRecursively(NQueensMinConflict.java:233)
	at nqueens.NQueensMinConflict.computePositionsRecursively(NQueensMinConflict.java:233)	at nqueens.NQueensMinConflict.computePositionsRecursively(NQueensMinConflict.java:233)

	at nqueens.NQueensMinConflict.computePositionsRecursively(NQueensMinConflict.java:233)
	at nqueens.NQueensMinConflict.computePositionsRecursively(NQueensMinConflict.java:233)
	at nqueens.NQueensMinConflict.computePositionsRecursively(NQueensMinConflict.java:233)	at nqueens.NQueensMinConflict.computePositionsRecursively(NQueensMinConflict.java:233)

	at nqueens.NQueensMinConflict.computePositionsRecursively(NQueensMinConflict.java:233)
	at nqueens.NQueensMinConflict.computePositionsRecursively(NQueensMinConflict.java:233)
	at nqueens.NQueensMinConflict.computePositionsRecursively(NQueensMinConflict.java:233)	at nqueens.NQueensMinConflict.computePositionsRecursively(NQueensMinConflict.java:233)

	at nqueens.NQueensMinConflict.computePositionsRecursively(NQueensMinConflict.java:233)
	at nqueens.NQueensMinConflict.computePositionsRecursively(NQueensMinConflict.java:233)
	at nqueens.NQueensMinConflict.computePositionsRecursively(NQueensMinConflict.java:233)	at nqueens.NQueensMinConflict.computePositionsRecursively(NQueensMinConflict.java:233)

	at nqueens.NQueensMinConflict.computePositionsRecursively(NQueensMinConflict.java:233)	at nqueens.NQueensMinConflict.computePositionsRecursively(NQueensMinConflict.java:233)

	at nqueens.NQueensMinConflict.computePositionsRecursively(NQueensMinConflict.java:233)	at nqueens.NQueensMinConflict.computePositionsRecursively(NQueensMinConflict.java:233)

	at nqueens.NQueensMinConflict.computePositionsRecursively(NQueensMinConflict.java:233)	at nqueens.NQueensMinConflict.computePositionsRecursively(NQueensMinConflict.java:233)

	at nqueens.NQueensMinConflict.computePositionsRecursively(NQueensMinConflict.java:233)	at nqueens.NQueensMinConflict.computePositionsRecursively(NQueensMinConflict.java:233)

	at nqueens.NQueensMinConflict.computePositionsRecursively(NQueensMinConflict.java:233)	at nqueens.NQueensMinConflict.computePositionsRecursively(NQueensMinConflict.java:233)

	at nqueens.NQueensMinConflict.computePositionsRecursively(NQueensMinConflict.java:233)
	at nqueens.NQueensMinConflict.computePositionsRecursively(NQueensMinConflict.java:233)
	at nqueens.NQueensMinConflict.computePositionsRecursively(NQueensMinConflict.java:233)	at nqueens.NQueensMinConflict.computePositionsRecursively(NQueensMinConflict.java:233)

	at nqueens.NQueensMinConflict.computePositionsRecursively(NQueensMinConflict.java:233)
	at nqueens.NQueensMinConflict.computePositionsRecursively(NQueensMinConflict.java:233)
	at nqueens.NQueensMinConflict.computePositionsRecursively(NQueensMinConflict.java:233)
	at nqueens.NQueensMinConflict.computePositionsRecursively(NQueensMinConflict.java:233)
	at nqueens.NQueensMinConflict.computePositionsRecursively(NQueensMinConflict.java:233)
	at nqueens.NQueensMinConflict.computePositionsRecursively(NQueensMinConflict.java:233)
	at nqueens.NQueensMinConflict.computePositionsRecursively(NQueensMinConflict.java:233)	at nqueens.NQueensMinConflict.computePositionsRecursively(NQueensMinConflict.java:233)

	at nqueens.NQueensMinConflict.computePositionsRecursively(NQueensMinConflict.java:233)	at nqueens.NQueensMinConflict.computePositionsRecursively(NQueensMinConflict.java:233)

	at nqueens.NQueensMinConflict.computePositionsRecursively(NQueensMinConflict.java:233)	at nqueens.NQueensMinConflict.computePositionsRecursively(NQueensMinConflict.java:233)

	at nqueens.NQueensMinConflict.computePositionsRecursively(NQueensMinConflict.java:233)	at nqueens.NQueensMinConflict.computePositionsRecursively(NQueensMinConflict.java:233)

	at nqueens.NQueensMinConflict.computePositionsRecursively(NQueensMinConflict.java:233)	at nqueens.NQueensMinConflict.computePositionsRecursively(NQueensMinConflict.java:233)

	at nqueens.NQueensMinConflict.computePositionsRecursively(NQueensMinConflict.java:233)	at nqueens.NQueensMinConflict.computePositionsRecursively(NQueensMinConflict.java:233)

	at nqueens.NQueensMinConflict.computePositionsRecursively(NQueensMinConflict.java:233)	at nqueens.NQueensMinConflict.computePositionsRecursively(NQueensMinConflict.java:233)

	at nqueens.NQueensMinConflict.computePositionsRecursively(NQueensMinConflict.java:233)	at nqueens.NQueensMinConflict.computePositionsRecursively(NQueensMinConflict.java:233)
	at nqueens.NQueensMinConflict.computePositionsRecursively(NQueensMinConflict.java:233)

	at nqueens.NQueensMinConflict.computePositionsRecursively(NQueensMinConflict.java:233)
	at nqueens.NQueensMinConflict.computePositionsRecursively(NQueensMinConflict.java:233)
	at nqueens.NQueensMinConflict.computePositionsRecursively(NQueensMinConflict.java:233)
	at nqueens.NQueensMinConflict.computePositionsRecursively(NQueensMinConflict.java:233)	at nqueens.NQueensMinConflict.computePositionsRecursively(NQueensMinConflict.java:233)
	at nqueens.NQueensMinConflict.computePositionsRecursively(NQueensMinConflict.java:233)
	at nqueens.NQueensMinConflict.computePositionsRecursively(NQueensMinConflict.java:233)

	at nqueens.NQueensMinConflict.computePositionsRecursively(NQueensMinConflict.java:233)
	at nqueens.NQueensMinConflict.computePositionsRecursively(NQueensMinConflict.java:233)
	at nqueens.NQueensMinConflict.computePositionsRecursively(NQueensMinConflict.java:233)
	at nqueens.NQueensMinConflict.computePositionsRecursively(NQueensMinConflict.java:233)
	at nqueens.NQueensMinConflict.computePositionsRecursively(NQueensMinConflict.java:233)
	at nqueens.NQueensMinConflict.computePositionsRecursively(NQueensMinConflict.java:233)
	at nqueens.NQueensMinConflict.computePositionsRecursively(NQueensMinConflict.java:233)	at nqueens.NQueensMinConflict.computePositionsRecursively(NQueensMinConflict.java:233)

	at nqueens.NQueensMinConflict.computePositionsRecursively(NQueensMinConflict.java:233)	at nqueens.NQueensMinConflict.computePositionsRecursively(NQueensMinConflict.java:233)

	at nqueens.NQueensMinConflict.computePositionsRecursively(NQueensMinConflict.java:233)
	at nqueens.NQueensMinConflict.computePositionsRecursively(NQueensMinConflict.java:233)
	at nqueens.NQueensMinConflict.computePositionsRecursively(NQueensMinConflict.java:233)
	at nqueens.NQueensMinConflict.computePositionsRecursively(NQueensMinConflict.java:233)
	at nqueens.NQueensMinConflict.computePositionsRecursively(NQueensMinConflict.java:233)
	at nqueens.NQueensMinConflict.computePositionsRecursively(NQueensMinConflict.java:233)
	at nqueens.NQueensMinConflict.computePositionsRecursively(NQueensMinConflict.java:233)	at nqueens.NQueensMinConflict.computePositionsRecursively(NQueensMinConflict.java:233)

	at nqueens.NQueensMinConflict.computePositionsRecursively(NQueensMinConflict.java:233)
	at nqueens.NQueensMinConflict.computePositionsRecursively(NQueensMinConflict.java:233)
	at nqueens.NQueensMinConflict.computePositionsRecursively(NQueensMinConflict.java:233)	at nqueens.NQueensMinConflict.computePositionsRecursively(NQueensMinConflict.java:233)

	at nqueens.NQueensMinConflict.computePositionsRecursively(NQueensMinConflict.java:233)	at nqueens.NQueensMinConflict.computePositionsRecursively(NQueensMinConflict.java:233)

	at nqueens.NQueensMinConflict.computePositionsRecursively(NQueensMinConflict.java:233)	at nqueens.NQueensMinConflict.computePositionsRecursively(NQueensMinConflict.java:233)

	at nqueens.NQueensMinConflict.computePositionsRecursively(NQueensMinConflict.java:233)
	at nqueens.NQueensMinConflict.computePositionsRecursively(NQueensMinConflict.java:233)
	at nqueens.NQueensMinConflict.computePositionsRecursively(NQueensMinConflict.java:233)	at nqueens.NQueensMinConflict.computePositionsRecursively(NQueensMinConflict.java:233)

	at nqueens.NQueensMinConflict.computePositionsRecursively(NQueensMinConflict.java:233)	at nqueens.NQueensMinConflict.computePositionsRecursively(NQueensMinConflict.java:233)

	at nqueens.NQueensMinConflict.computePositionsRecursively(NQueensMinConflict.java:233)
	at nqueens.NQueensMinConflict.computePositionsRecursively(NQueensMinConflict.java:233)
	at nqueens.NQueensMinConflict.computePositionsRecursively(NQueensMinConflict.java:233)	at nqueens.NQueensMinConflict.computePositionsRecursively(NQueensMinConflict.java:233)

	at nqueens.NQueensMinConflict.computePositionsRecursively(NQueensMinConflict.java:233)	at nqueens.NQueensMinConflict.computePositionsRecursively(NQueensMinConflict.java:233)

	at nqueens.NQueensMinConflict.computePositionsRecursively(NQueensMinConflict.java:233)
	at nqueens.NQueensMinConflict.computePositionsRecursively(NQueensMinConflict.java:233)
	at nqueens.NQueensMinConflict.computePositionsRecursively(NQueensMinConflict.java:233)	at nqueens.NQueensMinConflict.computePositionsRecursively(NQueensMinConflict.java:233)

	at nqueens.NQueensMinConflict.computePositionsRecursively(NQueensMinConflict.java:233)
	at nqueens.NQueensMinConflict.computePositionsRecursively(NQueensMinConflict.java:233)
	at nqueens.NQueensMinConflict.computePositionsRecursively(NQueensMinConflict.java:233)	at nqueens.NQueensMinConflict.computePositionsRecursively(NQueensMinConflict.java:233)

	at nqueens.NQueensMinConflict.computePositionsRecursively(NQueensMinConflict.java:233)	at nqueens.NQueensMinConflict.computePositionsRecursively(NQueensMinConflict.java:233)

	at nqueens.NQueensMinConflict.computePositionsRecursively(NQueensMinConflict.java:233)
	at nqueens.NQueensMinConflict.computePositionsRecursively(NQueensMinConflict.java:233)
	at nqueens.NQueensMinConflict.computePositionsRecursively(NQueensMinConflict.java:233)	at nqueens.NQueensMinConflict.computePositionsRecursively(NQueensMinConflict.java:233)

	at nqueens.NQueensMinConflict.computePositionsRecursively(NQueensMinConflict.java:233)	at nqueens.NQueensMinConflict.computePositionsRecursively(NQueensMinConflict.java:233)

	at nqueens.NQueensMinConflict.computePositionsRecursively(NQueensMinConflict.java:233)
	at nqueens.NQueensMinConflict.computePositionsRecursively(NQueensMinConflict.java:233)
	at nqueens.NQueensMinConflict.computePositionsRecursively(NQueensMinConflict.java:233)	at nqueens.NQueensMinConflict.computePositionsRecursively(NQueensMinConflict.java:233)

	at nqueens.NQueensMinConflict.computePositionsRecursively(NQueensMinConflict.java:233)
	at nqueens.NQueensMinConflict.computePositionsRecursively(NQueensMinConflict.java:233)
	at nqueens.NQueensMinConflict.computePositionsRecursively(NQueensMinConflict.java:233)	at nqueens.NQueensMinConflict.computePositionsRecursively(NQueensMinConflict.java:233)

	at nqueens.NQueensMinConflict.computePositionsRecursively(NQueensMinConflict.java:233)	at nqueens.NQueensMinConflict.computePositionsRecursively(NQueensMinConflict.java:233)

	at nqueens.NQueensMinConflict.computePositionsRecursively(NQueensMinConflict.java:233)
	at nqueens.NQueensMinConflict.computePositionsRecursively(NQueensMinConflict.java:233)
	at nqueens.NQueensMinConflict.computePositionsRecursively(NQueensMinConflict.java:233)	at nqueens.NQueensMinConflict.computePositionsRecursively(NQueensMinConflict.java:233)

	at nqueens.NQueensMinConflict.computePositionsRecursively(NQueensMinConflict.java:233)
	at nqueens.NQueensMinConflict.computePositionsRecursively(NQueensMinConflict.java:233)
	at nqueens.NQueensMinConflict.computePositionsRecursively(NQueensMinConflict.java:233)	at nqueens.NQueensMinConflict.computePositionsRecursively(NQueensMinConflict.java:233)

	at nqueens.NQueensMinConflict.computePositionsRecursively(NQueensMinConflict.java:233)	at nqueens.NQueensMinConflict.computePositionsRecursively(NQueensMinConflict.java:233)

	at nqueens.NQueensMinConflict.computePositionsRecursively(NQueensMinConflict.java:233)
	at nqueens.NQueensMinConflict.computePositionsRecursively(NQueensMinConflict.java:233)
	at nqueens.NQueensMinConflict.computePositionsRecursively(NQueensMinConflict.java:233)	at nqueens.NQueensMinConflict.computePositionsRecursively(NQueensMinConflict.java:233)

	at nqueens.NQueensMinConflict.computePositionsRecursively(NQueensMinConflict.java:233)	at nqueens.NQueensMinConflict.computePositionsRecursively(NQueensMinConflict.java:233)

	at nqueens.NQueensMinConflict.computePositionsRecursively(NQueensMinConflict.java:233)	at nqueens.NQueensMinConflict.computePositionsRecursively(NQueensMinConflict.java:233)

	at nqueens.NQueensMinConflict.computePositionsRecursively(NQueensMinConflict.java:233)	at nqueens.NQueensMinConflict.computePositionsRecursively(NQueensMinConflict.java:233)

	at nqueens.NQueensMinConflict.computePositionsRecursively(NQueensMinConflict.java:233)	at nqueens.NQueensMinConflict.computePositionsRecursively(NQueensMinConflict.java:233)

	at nqueens.NQueensMinConflict.computePositionsRecursively(NQueensMinConflict.java:233)	at nqueens.NQueensMinConflict.computePositionsRecursively(NQueensMinConflict.java:233)

	at nqueens.NQueensMinConflict.computePositionsRecursively(NQueensMinConflict.java:233)
	at nqueens.NQueensMinConflict.computePositionsRecursively(NQueensMinConflict.java:233)
	at nqueens.NQueensMinConflict.computePositionsRecursively(NQueensMinConflict.java:233)	at nqueens.NQueensMinConflict.computePositionsRecursively(NQueensMinConflict.java:233)

	at nqueens.NQueensMinConflict.computePositionsRecursively(NQueensMinConflict.java:233)
	at nqueens.NQueensMinConflict.computePositionsRecursively(NQueensMinConflict.java:233)
	at nqueens.NQueensMinConflict.computePositionsRecursively(NQueensMinConflict.java:233)	at nqueens.NQueensMinConflict.computePositionsRecursively(NQueensMinConflict.java:233)

	at nqueens.NQueensMinConflict.computePositionsRecursively(NQueensMinConflict.java:233)
	at nqueens.NQueensMinConflict.computePositionsRecursively(NQueensMinConflict.java:233)
	at nqueens.NQueensMinConflict.computePositionsRecursively(NQueensMinConflict.java:233)	at nqueens.NQueensMinConflict.computePositionsRecursively(NQueensMinConflict.java:233)

	at nqueens.NQueensMinConflict.computePositionsRecursively(NQueensMinConflict.java:233)	at nqueens.NQueensMinConflict.computePositionsRecursively(NQueensMinConflict.java:233)

	at nqueens.NQueensMinConflict.computePositionsRecursively(NQueensMinConflict.java:233)
	at nqueens.NQueensMinConflict.computePositionsRecursively(NQueensMinConflict.java:233)
	at nqueens.NQueensMinConflict.computePositionsRecursively(NQueensMinConflict.java:233)	at nqueens.NQueensMinConflict.computePositionsRecursively(NQueensMinConflict.java:233)

	at nqueens.NQueensMinConflict.computePositionsRecursively(NQueensMinConflict.java:233)	at nqueens.NQueensMinConflict.computePositionsRecursively(NQueensMinConflict.java:233)

	at nqueens.NQueensMinConflict.computePositionsRecursively(NQueensMinConflict.java:233)
	at nqueens.NQueensMinConflict.computePositionsRecursively(NQueensMinConflict.java:233)
	at nqueens.NQueensMinConflict.computePositionsRecursively(NQueensMinConflict.java:233)	at nqueens.NQueensMinConflict.computePositionsRecursively(NQueensMinConflict.java:233)

	at nqueens.NQueensMinConflict.computePositionsRecursively(NQueensMinConflict.java:233)	at nqueens.NQueensMinConflict.computePositionsRecursively(NQueensMinConflict.java:233)

	at nqueens.NQueensMinConflict.computePositionsRecursively(NQueensMinConflict.java:233)
	at nqueens.NQueensMinConflict.computePositionsRecursively(NQueensMinConflict.java:233)
	at nqueens.NQueensMinConflict.computePositionsRecursively(NQueensMinConflict.java:233)	at nqueens.NQueensMinConflict.computePositionsRecursively(NQueensMinConflict.java:233)

	at nqueens.NQueensMinConflict.computePositionsRecursively(NQueensMinConflict.java:233)	at nqueens.NQueensMinConflict.computePositionsRecursively(NQueensMinConflict.java:233)

	at nqueens.NQueensMinConflict.computePositionsRecursively(NQueensMinConflict.java:233)
	at nqueens.NQueensMinConflict.computePositionsRecursively(NQueensMinConflict.java:233)
	at nqueens.NQueensMinConflict.computePositionsRecursively(NQueensMinConflict.java:233)	at nqueens.NQueensMinConflict.computePositionsRecursively(NQueensMinConflict.java:233)

	at nqueens.NQueensMinConflict.computePositionsRecursively(NQueensMinConflict.java:233)
	at nqueens.NQueensMinConflict.computePositionsRecursively(NQueensMinConflict.java:233)
	at nqueens.NQueensMinConflict.computePositionsRecursively(NQueensMinConflict.java:233)	at nqueens.NQueensMinConflict.computePositionsRecursively(NQueensMinConflict.java:233)

	at nqueens.NQueensMinConflict.computePositionsRecursively(NQueensMinConflict.java:233)
	at nqueens.NQueensMinConflict.computePositionsRecursively(NQueensMinConflict.java:233)
	at nqueens.NQueensMinConflict.computePositionsRecursively(NQueensMinConflict.java:233)	at nqueens.NQueensMinConflict.computePositionsRecursively(NQueensMinConflict.java:233)

	at nqueens.NQueensMinConflict.computePositionsRecursively(NQueensMinConflict.java:233)
	at nqueens.NQueensMinConflict.computePositionsRecursively(NQueensMinConflict.java:233)
	at nqueens.NQueensMinConflict.computePositionsRecursively(NQueensMinConflict.java:233)	at nqueens.NQueensMinConflict.computePositionsRecursively(NQueensMinConflict.java:233)

	at nqueens.NQueensMinConflict.computePositionsRecursively(NQueensMinConflict.java:233)
	at nqueens.NQueensMinConflict.computePositionsRecursively(NQueensMinConflict.java:233)
	at nqueens.NQueensMinConflict.computePositionsRecursively(NQueensMinConflict.java:233)	at nqueens.NQueensMinConflict.computePositionsRecursively(NQueensMinConflict.java:233)

	at nqueens.NQueensMinConflict.computePositionsRecursively(NQueensMinConflict.java:233)
	at nqueens.NQueensMinConflict.computePositionsRecursively(NQueensMinConflict.java:233)
	at nqueens.NQueensMinConflict.computePositionsRecursively(NQueensMinConflict.java:233)	at nqueens.NQueensMinConflict.computePositionsRecursively(NQueensMinConflict.java:233)

	at nqueens.NQueensMinConflict.computePositionsRecursively(NQueensMinConflict.java:233)
	at nqueens.NQueensMinConflict.computePositionsRecursively(NQueensMinConflict.java:233)
	at nqueens.NQueensMinConflict.computePositionsRecursively(NQueensMinConflict.java:233)	at nqueens.NQueensMinConflict.computePositionsRecursively(NQueensMinConflict.java:233)

	at nqueens.NQueensMinConflict.computePositionsRecursively(NQueensMinConflict.java:233)
	at nqueens.NQueensMinConflict.computePositionsRecursively(NQueensMinConflict.java:233)
	at nqueens.NQueensMinConflict.computePositionsRecursively(NQueensMinConflict.java:233)	at nqueens.NQueensMinConflict.computePositionsRecursively(NQueensMinConflict.java:233)

	at nqueens.NQueensMinConflict.computePositionsRecursively(NQueensMinConflict.java:233)
	at nqueens.NQueensMinConflict.computePositionsRecursively(NQueensMinConflict.java:233)
	at nqueens.NQueensMinConflict.computePositionsRecursively(NQueensMinConflict.java:233)	at nqueens.NQueensMinConflict.computePositionsRecursively(NQueensMinConflict.java:233)

	at nqueens.NQueensMinConflict.computePositionsRecursively(NQueensMinConflict.java:233)
	at nqueens.NQueensMinConflict.computePositionsRecursively(NQueensMinConflict.java:233)
	at nqueens.NQueensMinConflict.computePositionsRecursively(NQueensMinConflict.java:233)	at nqueens.NQueensMinConflict.computePositionsRecursively(NQueensMinConflict.java:233)

	at nqueens.NQueensMinConflict.computePositionsRecursively(NQueensMinConflict.java:233)
	at nqueens.NQueensMinConflict.computePositionsRecursively(NQueensMinConflict.java:233)
	at nqueens.NQueensMinConflict.computePositionsRecursively(NQueensMinConflict.java:233)	at nqueens.NQueensMinConflict.computePositionsRecursively(NQueensMinConflict.java:233)

	at nqueens.NQueensMinConflict.computePositionsRecursively(NQueensMinConflict.java:233)
	at nqueens.NQueensMinConflict.computePositionsRecursively(NQueensMinConflict.java:233)
	at nqueens.NQueensMinConflict.computePositionsRecursively(NQueensMinConflict.java:233)	at nqueens.NQueensMinConflict.computePositionsRecursively(NQueensMinConflict.java:233)

	at nqueens.NQueensMinConflict.computePositionsRecursively(NQueensMinConflict.java:233)	at nqueens.NQueensMinConflict.computePositionsRecursively(NQueensMinConflict.java:233)

	at nqueens.NQueensMinConflict.computePositionsRecursively(NQueensMinConflict.java:233)	at nqueens.NQueensMinConflict.computePositionsRecursively(NQueensMinConflict.java:233)

	at nqueens.NQueensMinConflict.computePositionsRecursively(NQueensMinConflict.java:233)	at nqueens.NQueensMinConflict.computePositionsRecursively(NQueensMinConflict.java:233)

	at nqueens.NQueensMinConflict.computePositionsRecursively(NQueensMinConflict.java:233)
	at nqueens.NQueensMinConflict.computePositionsRecursively(NQueensMinConflict.java:233)
	at nqueens.NQueensMinConflict.computePositionsRecursively(NQueensMinConflict.java:233)	at nqueens.NQueensMinConflict.computePositionsRecursively(NQueensMinConflict.java:233)

	at nqueens.NQueensMinConflict.computePositionsRecursively(NQueensMinConflict.java:233)
	at nqueens.NQueensMinConflict.computePositionsRecursively(NQueensMinConflict.java:233)
	at nqueens.NQueensMinConflict.computePositionsRecursively(NQueensMinConflict.java:233)	at nqueens.NQueensMinConflict.computePositionsRecursively(NQueensMinConflict.java:233)

	at nqueens.NQueensMinConflict.computePositionsRecursively(NQueensMinConflict.java:233)
	at nqueens.NQueensMinConflict.computePositionsRecursively(NQueensMinConflict.java:233)
	at nqueens.NQueensMinConflict.computePositionsRecursively(NQueensMinConflict.java:233)	at nqueens.NQueensMinConflict.computePositionsRecursively(NQueensMinConflict.java:233)

	at nqueens.NQueensMinConflict.computePositionsRecursively(NQueensMinConflict.java:233)
	at nqueens.NQueensMinConflict.computePositionsRecursively(NQueensMinConflict.java:233)
	at nqueens.NQueensMinConflict.computePositionsRecursively(NQueensMinConflict.java:233)	at nqueens.NQueensMinConflict.computePositionsRecursively(NQueensMinConflict.java:233)

	at nqueens.NQueensMinConflict.computePositionsRecursively(NQueensMinConflict.java:233)	at nqueens.NQueensMinConflict.computePositionsRecursively(NQueensMinConflict.java:233)

	at nqueens.NQueensMinConflict.computePositionsRecursively(NQueensMinConflict.java:233)
	at nqueens.NQueensMinConflict.computePositionsRecursively(NQueensMinConflict.java:233)
	at nqueens.NQueensMinConflict.computePositionsRecursively(NQueensMinConflict.java:233)	at nqueens.NQueensMinConflict.computePositionsRecursively(NQueensMinConflict.java:233)

	at nqueens.NQueensMinConflict.computePositionsRecursively(NQueensMinConflict.java:233)	at nqueens.NQueensMinConflict.computePositionsRecursively(NQueensMinConflict.java:233)

	at nqueens.NQueensMinConflict.computePositionsRecursively(NQueensMinConflict.java:233)
	at nqueens.NQueensMinConflict.computePositionsRecursively(NQueensMinConflict.java:233)
	at nqueens.NQueensMinConflict.computePositionsRecursively(NQueensMinConflict.java:233)	at nqueens.NQueensMinConflict.computePositionsRecursively(NQueensMinConflict.java:233)

	at nqueens.NQueensMinConflict.computePositionsRecursively(NQueensMinConflict.java:233)
	at nqueens.NQueensMinConflict.computePositionsRecursively(NQueensMinConflict.java:233)
	at nqueens.NQueensMinConflict.computePositionsRecursively(NQueensMinConflict.java:233)	at nqueens.NQueensMinConflict.computePositionsRecursively(NQueensMinConflict.java:233)

	at nqueens.NQueensMinConflict.computePositionsRecursively(NQueensMinConflict.java:233)
	at nqueens.NQueensMinConflict.computePositionsRecursively(NQueensMinConflict.java:233)
	at nqueens.NQueensMinConflict.computePositionsRecursively(NQueensMinConflict.java:233)	at nqueens.NQueensMinConflict.computePositionsRecursively(NQueensMinConflict.java:233)

	at nqueens.NQueensMinConflict.computePositionsRecursively(NQueensMinConflict.java:233)
	at nqueens.NQueensMinConflict.computePositionsRecursively(NQueensMinConflict.java:233)
	at nqueens.NQueensMinConflict.computePositionsRecursively(NQueensMinConflict.java:233)	at nqueens.NQueensMinConflict.computePositionsRecursively(NQueensMinConflict.java:233)

	at nqueens.NQueensMinConflict.computePositionsRecursively(NQueensMinConflict.java:233)	at nqueens.NQueensMinConflict.computePositionsRecursively(NQueensMinConflict.java:233)

	at nqueens.NQueensMinConflict.computePositionsRecursively(NQueensMinConflict.java:233)
	at nqueens.NQueensMinConflict.computePositionsRecursively(NQueensMinConflict.java:233)
	at nqueens.NQueensMinConflict.computePositionsRecursively(NQueensMinConflict.java:233)	at nqueens.NQueensMinConflict.computePositionsRecursively(NQueensMinConflict.java:233)

	at nqueens.NQueensMinConflict.computePositionsRecursively(NQueensMinConflict.java:233)
	at nqueens.NQueensMinConflict.computePositionsRecursively(NQueensMinConflict.java:233)
	at nqueens.NQueensMinConflict.computePositionsRecursively(NQueensMinConflict.java:233)	at nqueens.NQueensMinConflict.computePositionsRecursively(NQueensMinConflict.java:233)

	at nqueens.NQueensMinConflict.computePositionsRecursively(NQueensMinConflict.java:233)
	at nqueens.NQueensMinConflict.computePositionsRecursively(NQueensMinConflict.java:233)
	at nqueens.NQueensMinConflict.computePositionsRecursively(NQueensMinConflict.java:233)	at nqueens.NQueensMinConflict.computePositionsRecursively(NQueensMinConflict.java:233)

	at nqueens.NQueensMinConflict.computePositionsRecursively(NQueensMinConflict.java:233)
	at nqueens.NQueensMinConflict.computePositionsRecursively(NQueensMinConflict.java:233)
	at nqueens.NQueensMinConflict.computePositionsRecursively(NQueensMinConflict.java:233)	at nqueens.NQueensMinConflict.computePositionsRecursively(NQueensMinConflict.java:233)

	at nqueens.NQueensMinConflict.computePositionsRecursively(NQueensMinConflict.java:233)
	at nqueens.NQueensMinConflict.computePositionsRecursively(NQueensMinConflict.java:233)
	at nqueens.NQueensMinConflict.computePositionsRecursively(NQueensMinConflict.java:233)	at nqueens.NQueensMinConflict.computePositionsRecursively(NQueensMinConflict.java:233)

	at nqueens.NQueensMinConflict.computePositionsRecursively(NQueensMinConflict.java:233)	at nqueens.NQueensMinConflict.computePositionsRecursively(NQueensMinConflict.java:233)

	at nqueens.NQueensMinConflict.computePositionsRecursively(NQueensMinConflict.java:233)
	at nqueens.NQueensMinConflict.computePositionsRecursively(NQueensMinConflict.java:233)
	at nqueens.NQueensMinConflict.computePositionsRecursively(NQueensMinConflict.java:233)	at nqueens.NQueensMinConflict.computePositionsRecursively(NQueensMinConflict.java:233)

	at nqueens.NQueensMinConflict.computePositionsRecursively(NQueensMinConflict.java:233)
	at nqueens.NQueensMinConflict.computePositionsRecursively(NQueensMinConflict.java:233)
	at nqueens.NQueensMinConflict.computePositionsRecursively(NQueensMinConflict.java:233)	at nqueens.NQueensMinConflict.computePositionsRecursively(NQueensMinConflict.java:233)

	at nqueens.NQueensMinConflict.computePositionsRecursively(NQueensMinConflict.java:233)
	at nqueens.NQueensMinConflict.computePositionsRecursively(NQueensMinConflict.java:233)
	at nqueens.NQueensMinConflict.computePositionsRecursively(NQueensMinConflict.java:233)	at nqueens.NQueensMinConflict.computePositionsRecursively(NQueensMinConflict.java:233)

	at nqueens.NQueensMinConflict.computePositionsRecursively(NQueensMinConflict.java:233)
	at nqueens.NQueensMinConflict.computePositionsRecursively(NQueensMinConflict.java:233)
	at nqueens.NQueensMinConflict.computePositionsRecursively(NQueensMinConflict.java:233)	at nqueens.NQueensMinConflict.computePositionsRecursively(NQueensMinConflict.java:233)

	at nqueens.NQueensMinConflict.computePositionsRecursively(NQueensMinConflict.java:233)
	at nqueens.NQueensMinConflict.computePositionsRecursively(NQueensMinConflict.java:233)
	at nqueens.NQueensMinConflict.computePositionsRecursively(NQueensMinConflict.java:233)	at nqueens.NQueensMinConflict.computePositionsRecursively(NQueensMinConflict.java:233)

	at nqueens.NQueensMinConflict.computePositionsRecursively(NQueensMinConflict.java:233)	at nqueens.NQueensMinConflict.computePositionsRecursively(NQueensMinConflict.java:233)

	at nqueens.NQueensMinConflict.computePositionsRecursively(NQueensMinConflict.java:233)	at nqueens.NQueensMinConflict.computePositionsRecursively(NQueensMinConflict.java:233)

	at nqueens.NQueensMinConflict.computePositionsRecursively(NQueensMinConflict.java:233)
	at nqueens.NQueensMinConflict.computePositionsRecursively(NQueensMinConflict.java:233)
	at nqueens.NQueensMinConflict.computePositionsRecursively(NQueensMinConflict.java:233)	at nqueens.NQueensMinConflict.computePositionsRecursively(NQueensMinConflict.java:233)

	at nqueens.NQueensMinConflict.computePositionsRecursively(NQueensMinConflict.java:233)
	at nqueens.NQueensMinConflict.computePositionsRecursively(NQueensMinConflict.java:233)
	at nqueens.NQueensMinConflict.computePositionsRecursively(NQueensMinConflict.java:233)	at nqueens.NQueensMinConflict.computePositionsRecursively(NQueensMinConflict.java:233)

	at nqueens.NQueensMinConflict.computePositionsRecursively(NQueensMinConflict.java:233)
	at nqueens.NQueensMinConflict.computePositionsRecursively(NQueensMinConflict.java:233)
	at nqueens.NQueensMinConflict.computePositionsRecursively(NQueensMinConflict.java:233)	at nqueens.NQueensMinConflict.computePositionsRecursively(NQueensMinConflict.java:233)

	at nqueens.NQueensMinConflict.computePositionsRecursively(NQueensMinConflict.java:233)
	at nqueens.NQueensMinConflict.computePositionsRecursively(NQueensMinConflict.java:233)
	at nqueens.NQueensMinConflict.computePositionsRecursively(NQueensMinConflict.java:233)	at nqueens.NQueensMinConflict.computePositionsRecursively(NQueensMinConflict.java:233)

	at nqueens.NQueensMinConflict.computePositionsRecursively(NQueensMinConflict.java:233)
	at nqueens.NQueensMinConflict.computePositionsRecursively(NQueensMinConflict.java:233)
	at nqueens.NQueensMinConflict.computePositionsRecursively(NQueensMinConflict.java:233)	at nqueens.NQueensMinConflict.computePositionsRecursively(NQueensMinConflict.java:233)

	at nqueens.NQueensMinConflict.computePositionsRecursively(NQueensMinConflict.java:233)
	at nqueens.NQueensMinConflict.computePositionsRecursively(NQueensMinConflict.java:233)
	at nqueens.NQueensMinConflict.computePositionsRecursively(NQueensMinConflict.java:233)	at nqueens.NQueensMinConflict.computePositionsRecursively(NQueensMinConflict.java:233)

	at nqueens.NQueensMinConflict.computePositionsRecursively(NQueensMinConflict.java:233)	at nqueens.NQueensMinConflict.computePositionsRecursively(NQueensMinConflict.java:233)

	at nqueens.NQueensMinConflict.computePositionsRecursively(NQueensMinConflict.java:233)
	at nqueens.NQueensMinConflict.computePositionsRecursively(NQueensMinConflict.java:233)
	at nqueens.NQueensMinConflict.computePositionsRecursively(NQueensMinConflict.java:233)	at nqueens.NQueensMinConflict.computePositionsRecursively(NQueensMinConflict.java:233)

	at nqueens.NQueensMinConflict.computePositionsRecursively(NQueensMinConflict.java:233)
	at nqueens.NQueensMinConflict.computePositionsRecursively(NQueensMinConflict.java:233)
	at nqueens.NQueensMinConflict.computePositionsRecursively(NQueensMinConflict.java:233)	at nqueens.NQueensMinConflict.computePositionsRecursively(NQueensMinConflict.java:233)

	at nqueens.NQueensMinConflict.computePositionsRecursively(NQueensMinConflict.java:233)
	at nqueens.NQueensMinConflict.computePositionsRecursively(NQueensMinConflict.java:233)
	at nqueens.NQueensMinConflict.computePositionsRecursively(NQueensMinConflict.java:233)	at nqueens.NQueensMinConflict.computePositionsRecursively(NQueensMinConflict.java:233)

	at nqueens.NQueensMinConflict.computePositionsRecursively(NQueensMinConflict.java:233)
	at nqueens.NQueensMinConflict.computePositionsRecursively(NQueensMinConflict.java:233)
	at nqueens.NQueensMinConflict.computePositionsRecursively(NQueensMinConflict.java:233)	at nqueens.NQueensMinConflict.computePositionsRecursively(NQueensMinConflict.java:233)

	at nqueens.NQueensMinConflict.computePositionsRecursively(NQueensMinConflict.java:233)	at nqueens.NQueensMinConflict.computePositionsRecursively(NQueensMinConflict.java:233)

	at nqueens.NQueensMinConflict.computePositionsRecursively(NQueensMinConflict.java:233)	at nqueens.NQueensMinConflict.computePositionsRecursively(NQueensMinConflict.java:233)

	at nqueens.NQueensMinConflict.computePositionsRecursively(NQueensMinConflict.java:233)	at nqueens.NQueensMinConflict.computePositionsRecursively(NQueensMinConflict.java:233)

	at nqueens.NQueensMinConflict.computePositionsRecursively(NQueensMinConflict.java:233)	at nqueens.NQueensMinConflict.computePositionsRecursively(NQueensMinConflict.java:233)

	at nque	at nqueens.NQueensMinConflict.computePositionsRecursively(NQueensMinConflict.java:233)
ens.NQueensMinConflict.computePositionsRecursively(NQueensMinConflict.java:233)
	at nqueens.NQueensMinConflict.computePositionsRecursively(NQueensMinConflict.java:233)	at nqueens.NQueensMinConflict.computePositionsRecursively(NQueensMinConflict.java:233)

	at nqueens.NQueensMinConflict.computePositionsRecursively(NQueensMinConflict.java:233)
	at nqueens.NQueensMinConflict.computePositionsRecursively(NQueensMinConflict.java:233)
	at nqueens.NQueensMinConflict.computePositionsRecursively(NQueensMinConflict.java:233)	at nqueens.NQueensMinConflict.computePositionsRecursively(NQueensMinConflict.java:233)

	at nqueens.NQueensMinConflict.computePositionsRecursively(NQueensMinConflict.java:233)	at nqueens.NQueensMinConflict.computePositionsRecursively(NQueensMinConflict.java:233)

	at nqueens.NQueensMinConflict.computePositionsRecursively(NQueensMinConflict.java:233)
	at nqueens.NQueensMinConflict.computePositionsRecursively(NQueensMinConflict.java:233)
	at nqueens.NQueensMinConflict.computePositionsRecursively(NQueensMinConflict.java:233)	at nqueens.NQueensMinConflict.computePositionsRecursively(NQueensMinConflict.java:233)

	at nqueens.NQueensMinConflict.computePositionsRecursively(NQueensMinConflict.java:233)
	at nqueens.NQueensMinConflict.computePositionsRecursively(NQueensMinConflict.java:233)
	at nqueens.NQueensMinConflict.computePositionsRecursively(NQueensMinConflict.java:233)	at nqueens.NQueensMinConflict.computePositionsRecursively(NQueensMinConflict.java:233)

	at nqueens.NQueensMinConflict.computePositionsRecursively(NQueensMinConflict.java:233)	at nqueens.NQueensMinConflict.computePositionsRecursively(NQueensMinConflict.java:233)

	at nqueens.NQueensMinConflict.computePositionsRecursively(NQueensMinConflict.java:233)	at nqueens.NQueensMinConflict.computePositionsRecursively(NQueensMinConflict.java:233)

	at nqueens.NQueensMinConflict.computePositionsRecursively(NQueensMinConflict.java:233)	at nqueens.NQueensMinConflict.computePositionsRecursively(NQueensMinConflict.java:233)

	at nqueens.NQueensMinConflict.computePositionsRecursively(NQueensMinConflict.java:233)	at nqueens.NQueensMinConflict.computePositionsRecursively(NQueensMinConflict.java:233)

	at nqueens.NQueensMinConflict.computePositionsRecursively(NQueensMinConflict.java:233)	at nqueens.NQueensMinConflict.computePositionsRecursively(NQueensMinConflict.java:233)

	at nqueens.NQueensMinConflict.computePositionsRecursively(NQueensMinConflict.java:233)	at nqueens.NQueensMinConflict.computePositionsRecursively(NQueensMinConflict.java:233)

	at nqueens.NQueensMinConflict.computePositionsRecursively(NQueensMinConflict.java:233)	at nqueens.NQueensMinConflict.computePositionsRecursively(NQueensMinConflict.java:233)

	at nqueens.NQueensMinConflict.computePositionsRecursively(NQueensMinConflict.java:233)
	at nqueens.NQueensMinConflict.computePositionsRecursively(NQueensMinConflict.java:233)
	at nqueens.NQueensMinConflict.computePositionsRecursively(NQueensMinConflict.java:233)
	at nqueens.NQueensMinConflict.computePositionsRecursively(NQueensMinConflict.java:233)
	at nqueens.NQueensMinConflict.computePositionsRecursively(NQueensMinConflict.java:233)	at nqueens.NQueensMinConflict.computePositionsRecursively(NQueensMinConflict.java:233)
	at nqueens.NQueensMinConflict.computePositionsRecursively(NQueensMinConflict.java:233)
	at nqueens.NQueensMinConflict.computePositionsRecursively(NQueensMinConflict.java:233)

	at nqueens.NQueensMinConflict.computePositionsRecursively(NQueensMinConflict.java:233)
	at nqueens.NQueensMinConflict.computePositionsRecursively(NQueensMinConflict.java:233)
	at nqueens.NQueensMinConflict.computePositionsRecursively(NQueensMinConflict.java:233)	at nqueens.NQueensMinConflict.computePositionsRecursively(NQueensMinConflict.java:233)

	at nqueens.NQueensMinConflict.computePositionsRecursively(NQueensMinConflict.java:233)
	at nqueens.NQueensMinConflict.computePositionsRecursively(NQueensMinConflict.java:233)
	at nqueens.NQueensMinConflict.computePositionsRecursively(NQueensMinConflict.java:233)	at nqueens.NQueensMinConflict.computePositionsRecursively(NQueensMinConflict.java:233)

	at nqueens.NQueensMinConflict.computePositionsRecursively(NQueensMinConflict.java:233)
	at nqueens.NQueensMinConflict.computePositionsRecursively(NQueensMinConflict.java:233)
	at nqueens.NQueensMinConflict.computePositionsRecursively(NQueensMinConflict.java:233)	at nqueens.NQueensMinConflict.computePositionsRecursively(NQueensMinConflict.java:233)

	at nqueens.NQueensMinConflict.computePositionsRecursively(NQueensMinConflict.java:233)
	at nqueens.NQueensMinConflict.computePositionsRecursively(NQueensMinConflict.java:233)
	at nqueens.NQueensMinConflict.computePositionsRecursively(NQueensMinConflict.java:233)	at nqueens.NQueensMinConflict.computePositionsRecursively(NQueensMinConflict.java:233)

	at nqueens.NQueensMinConflict.computePositionsRecursively(NQueensMinConflict.java:233)
	at nqueens.NQueensMinConflict.computePositionsRecursively(NQueensMinConflict.java:233)
	at nqueens.NQueensMinConflict.computePositionsRecursively(NQueensMinConflict.java:233)	at nqueens.NQueensMinConflict.computePositionsRecursively(NQueensMinConflict.java:233)

	at nqueens.NQueensMinConflict.computePositionsRecursively(NQueensMinConflict.java:233)	at nqueens.NQueensMinConflict.computePositionsRecursively(NQueensMinConflict.java:233)

	at nqueens.NQueensMinConflict.computePositionsRecursively(NQueensMinConflict.java:233)	at nqueens.NQueensMinConflict.computePositionsRecursively(NQueensMinConflict.java:233)

	at nqueens.NQueensMinConflict.computePositionsRecursively(NQueensMinConflict.java:233)
	at nqueens.NQueensMinConflict.computePositionsRecursively(NQueensMinConflict.java:233)
	at nqueens.NQueensMinConflict.computePositionsRecursively(NQueensMinConflict.java:233)	at nqueens.NQueensMinConflict.computePositionsRecursively(NQueensMinConflict.java:233)

	at nqueens.NQueensMinConflict.computePositionsRecursively(NQueensMinConflict.java:233)	at nqueens.NQueensMinConflict.computePositionsRecursively(NQueensMinConflict.java:233)

	at nqueens.NQueensMinConflict.computePositionsRecursively(NQueensMinConflict.java:233)	at nqueens.NQueensMinConflict.computePositionsRecursively(NQueensMinConflict.java:233)

	at nqueens.NQueensMinConflict.computePositionsRecursively(NQueensMinConflict.java:233)
	at nqueens.NQueensMinConflict.computePositionsRecursively(NQueensMinConflict.java:233)
	at nqueens.NQueensMinConflict.computePositionsRecursively(NQueensMinConflict.java:233)	at nqueens.NQueensMinConflict.computePositionsRecursively(NQueensMinConflict.java:233)

	at nqueens.NQueensMinConflict.computePositionsRecursively(NQueensMinConflict.java:233)
	at nqueens.NQueensMinConflict.computePositionsRecursively(NQueensMinConflict.java:233)
	at nqueens.NQueensMinConflict.computePositionsRecursively(NQueensMinConflict.java:233)	at nqueens.NQueensMinConflict.computePositionsRecursively(NQueensMinConflict.java:233)

	at nqueens.NQueensMinConflict.computePositionsRecursively(NQueensMinConflict.java:233)
	at nqueens.NQueensMinConflict.computePositionsRecursively(NQueensMinConflict.java:233)
	at nqueens.NQueensMinConflict.computePositionsRecursively(NQueensMinConflict.java:233)	at nqueens.NQueensMinConflict.computePositionsRecursively(NQueensMinConflict.java:233)

	at nqueens.NQueensMinConflict.computePositionsRecursively(NQueensMinConflict.java:233)	at nqueens.NQueensMinConflict.computePositionsRecursively(NQueensMinConflict.java:233)

	at nqueens.NQueensMinConflict.computePositionsRecursively(NQueensMinConflict.java:233)
	at nqueens.NQueensMinConflict.computePositionsRecursively(NQueensMinConflict.java:233)
	at nqueens.NQueensMinConflict.computePositionsRecursively(NQueensMinConflict.java:233)	at nqueens.NQueensMinConflict.computePositionsRecursively(NQueensMinConflict.java:233)

	at nqueens.NQueensMinConflict.computePositionsRecursively(NQueensMinConflict.java:233)	at nqueens.NQueensMinConflict.computePositionsRecursively(NQueensMinConflict.java:233)

	at nqueens.NQueensMinConflict.computePositionsRecursively(NQueensMinConflict.java:233)
	at nqueens.NQueensMinConflict.computePositionsRecursively(NQueensMinConflict.java:233)
	at nqueens.NQueensMinConflict.computePositionsRecursively(NQueensMinConflict.java:233)	at nqueens.NQueensMinConflict.computePositionsRecursively(NQueensMinConflict.java:233)

	at nqueens.NQueensMinConflict.computePositionsRecursively(NQueensMinConflict.java:233)
	at nqueens.NQueensMinConflict.computePositionsRecursively(NQueensMinConflict.java:233)
	at nqueens.NQueensMinConflict.computePositionsRecursively(NQueensMinConflict.java:233)	at nqueens.NQueensMinConflict.computePositionsRecursively(NQueensMinConflict.java:233)

	at nqueens.NQueensMinConflict.computePositionsRecursively(NQueensMinConflict.java:233)
	at nqueens.NQueensMinConflict.computePositionsRecursively(NQueensMinConflict.java:233)
	at nqueens.NQueensMinConflict.computePositionsRecursively(NQueensMinConflict.java:233)	at nqueens.NQueensMinConflict.computePositionsRecursively(NQueensMinConflict.java:233)

	at nqueens.NQueensMinConflict.computePositionsRecursively(NQueensMinConflict.java:233)
	at nqueens.NQueensMinConflict.computePositionsRecursively(NQueensMinConflict.java:233)
	at nqueens.NQueensMinConflict.computePositionsRecursively(NQueensMinConflict.java:233)	at nqueens.NQueensMinConflict.computePositionsRecursively(NQueensMinConflict.java:233)

	at nqueens.NQueensMinConflict.computePositionsRecursively(NQueensMinConflict.java:233)
	at nqueens.NQueensMinConflict.computePositionsRecursively(NQueensMinConflict.java:233)
	at nqueens.NQueensMinConflict.computePositionsRecursively(NQueensMinConflict.java:233)	at nqueens.NQueensMinConflict.computePositionsRecursively(NQueensMinConflict.java:233)

	at nqueens.NQueensMinConflict.computePositionsRecursively(NQueensMinConflict.java:233)
	at nqueens.NQueensMinConflict.computePositionsRecursively(NQueensMinConflict.java:233)
	at nqueens.NQueensMinConflict.computePositionsRecursively(NQueensMinConflict.java:233)	at nqueens.NQueensMinConflict.computePositionsRecursively(NQueensMinConflict.java:233)

	at nqueens.NQueensMinConflict.computePositionsRecursively(NQueensMinConflict.java:233)
	at nqueens.NQueensMinConflict.computePositionsRecursively(NQueensMinConflict.java:233)
	at nqueens.NQueensMinConflict.computePositionsRecursively(NQueensMinConflict.java:233)	at nqueens.NQueensMinConflict.computePositionsRecursively(NQueensMinConflict.java:233)

	at nqueens.NQueensMinConflict.computePositionsRecursively(NQueensMinConflict.java:233)	at nqueens.NQueensMinConflict.computePositionsRecursively(NQueensMinConflict.java:233)

	at nqueens.NQueensMinConflict.computePositionsRecursively(NQueensMinConflict.java:233)
	at nqueens.NQueensMinConflict.computePositionsRecursively(NQueensMinConflict.java:233)
	at nqueens.NQueensMinConflict.computePositionsRecursively(NQueensMinConflict.java:233)	at nqueens.NQueensMinConflict.computePositionsRecursively(NQueensMinConflict.java:233)

	at nqueens.NQueensMinConflict.computePositionsRecursively(NQueensMinConflict.java:233)
	at nqueens.NQueensMinConflict.computePositionsRecursively(NQueensMinConflict.java:233)
	at nqueens.NQueensMinConflict.computePositionsRecursively(NQueensMinConflict.java:233)
	at nqueens.NQueensMinConflict.computePositionsRecursively(NQueensMinConflict.java:233)
	at nqueens.NQueensMinConflict.computePositionsRecursively(NQueensMinConflict.java:233)	at nqueens.NQueensMinConflict.computePositionsRecursively(NQueensMinConflict.java:233)

	at nqueens.NQueensMinConflict.computePositionsRecursively(NQueensMinConflict.java:233)
	at nqueens.NQueensMinConflict.computePositionsRecursively(NQueensMinConflict.java:233)
	at nqueens.NQueensMinConflict.computePositionsRecursively(NQueensMinConflict.java:233)	at nqueens.NQueensMinConflict.computePositionsRecursively(NQueensMinConflict.java:233)

	at nqueens.NQueensMinConflict.computePositionsRecursively(NQueensMinConflict.java:233)
	at nqueens.NQueensMinConflict.computePositionsRecursively(NQueensMinConflict.java:233)
	at nqueens.NQueensMinConflict.computePositionsRecursively(NQueensMinConflict.java:233)	at nqueens.NQueensMinConflict.computePositionsRecursively(NQueensMinConflict.java:233)

	at nqueens.NQueensMinConflict.computePositionsRecursively(NQueensMinConflict.java:233)
	at nqueens.NQueensMinConflict.computePositionsRecursively(NQueensMinConflict.java:233)
	at nqueens.NQueensMinConflict.computePositionsRecursively(NQueensMinConflict.java:233)	at nqueens.NQueensMinConflict.computePositionsRecursively(NQueensMinConflict.java:233)

	at nqueens.NQueensMinConflict.computePositionsRecursively(NQueensMinConflict.java:233)	at nqueens.NQueensMinConflict.computePositionsRecursively(NQueensMinConflict.java:233)

	at nqueens.NQueensMinConflict.computePositionsRecursively(NQueensMinConflict.java:233)	at nqueens.NQueensMinConflict.computePositionsRecursively(NQueensMinConflict.java:233)

	at nqueens.NQueensMinConflict.computePositionsRecursively(NQueensMinConflict.java:233)	at nqueens.NQueensMinConflict.computePositionsRecursively(NQueensMinConflict.java:233)

	at nqueens.NQueensMinConflict.computePositionsRecursively(NQueensMinConflict.java:233)
	at nqueens.NQueensMinConflict.computePositionsRecursively(NQueensMinConflict.java:233)
	at nqueens.NQueensMinConflict.computePositionsRecursively(NQueensMinConflict.java:233)	at nqueens.NQueensMinConflict.computePositionsRecursively(NQueensMinConflict.java:233)

	at nqueens.NQueensMinConflict.computePositionsRecursively(NQueensMinConflict.java:233)
	at nqueens.NQueensMinConflict.computePositionsRecursively(NQueensMinConflict.java:233)
	at nqueens.NQueensMinConflict.computePositionsRecursively(NQueensMinConflict.java:233)	at nqueens.NQueensMinConflict.computePositionsRecursively(NQueensMinConflict.java:233)

	at nqueens.NQueensMinConflict.computePositionsRecursively(NQueensMinConflict.java:233)
	at nqueens.NQueensMinConflict.computePositionsRecursively(NQueensMinConflict.java:233)
	at nqueens.NQueensMinConflict.computePositionsRecursively(NQueensMinConflict.java:233)	at nqueens.NQueensMinConflict.computePositionsRecursively(NQueensMinConflict.java:233)

	at nqueens.NQueensMinConflict.computePositionsRecursively(NQueensMinConflict.java:233)
	at nqueens.NQueensMinConflict.computePositionsRecursively(NQueensMinConflict.java:233)
	at nqueens.NQueensMinConflict.computePositionsRecursively(NQueensMinConflict.java:233)	at nqueens.NQueensMinConflict.computePositionsRecursively(NQueensMinConflict.java:233)

	at nqueens.NQueensMinConflict.computePositionsRecursively(NQueensMinConflict.java:233)
	at nqueens.NQueensMinConflict.computePositionsRecursively(NQueensMinConflict.java:233)
	at nqueens.NQueensMinConflict.computePositionsRecursively(NQueensMinConflict.java:233)	at nqueens.NQueensMinConflict.computePositionsRecursively(NQueensMinConflict.java:233)

	at nqueens.NQueensMinConflict.computePositionsRecursively(NQueensMinConflict.java:233)
	at nqueens.NQueensMinConflict.computePositionsRecursively(NQueensMinConflict.java:233)
	at nqueens.NQueensMinConflict.computePositionsRecursively(NQueensMinConflict.java:233)	at nqueens.NQueensMinConflict.computePositionsRecursively(NQueensMinConflict.java:233)

	at nqueens.NQueensMinConflict.computePositionsRecursively(NQueensMinConflict.java:233)
	at nqueens.NQueensMinConflict.computePositionsRecursively(NQueensMinConflict.java:233)
	at nqueens.NQueensMinConflict.computePositionsRecursively(NQueensMinConflict.java:233)	at nqueens.NQueensMinConflict.computePositionsRecursively(NQueensMinConflict.java:233)

	at nqueens.NQueensMinConflict.computePositionsRecursively(NQueensMinConflict.java:233)
	at nqueens.NQueensMinConflict.computePositionsRecursively(NQueensMinConflict.java:233)
	at nqueens.NQueensMinConflict.computePositionsRecursively(NQueensMinConflict.java:233)	at nqueens.NQueensMinConflict.computePositionsRecursively(NQueensMinConflict.java:233)

	at nqueens.NQueensMinConflict.computePositionsRecursively(NQueensMinConflict.java:233)	at nqueens.NQueensMinConflict.computePositionsRecursively(NQueensMinConflict.java:233)

	at nqueens.NQueensMinConflict.computePositionsRecursively(NQueensMinConflict.java:233)
	at nqueens.NQueensMinConflict.computePositionsRecursively(NQueensMinConflict.java:233)
	at nqueens.NQue	at nqueens.NQueensMinConflict.computePositionsRecursively(NQueensMinConflict.java:233)
ensMinConflict.computePositionsRecursively(NQueensMinConflict.java:233)
	at nqueens.NQueensMinConflict.computePositionsRecursively(NQueensMinConflict.java:233)	at nqueens.NQueensMinConflict.computePositionsRecursively(NQueensMinConflict.java:233)

	at nqueens.NQueensMinConflict.computePositionsRecursively(NQueensMinConflict.java:233)
	at nqueens.NQueensMinConflict.computePositionsRecursively(NQueensMinConflict.java:233)
	at nqueens.NQueensMinConflict.computePositionsRecursively(NQueensMinConflict.java:233)	at nqueens.NQueensMinConflict.computePositionsRecursively(NQueensMinConflict.java:233)

	at nqueens.NQueensMinConflict.computePositionsRecursively(NQueensMinConflict.java:233)	at nqueens.NQueensMinConflict.computePositionsRecursively(NQueensMinConflict.java:233)

	at nqueens.NQueensMinConflict.computePositionsRecursively(NQueensMinConflict.java:233)
	at nqueens.NQueensMinConflict.computePositionsRecursively(NQueensMinConflict.java:233)
	at nqueens.NQueensMinConflict.computePositionsRecursively(NQueensMinConflict.java:233)	at nqueens.NQueensMinConflict.computePositionsRecursively(NQueensMinConflict.java:233)

	at nqueens.NQueensMinConflict.computePositionsRecursively(NQueensMinConflict.java:233)
	at nqueens.NQueensMinConflict.computePositionsRecursively(NQueensMinConflict.java:233)
	at nqueens.NQueensMinConflict.computePositionsRecursively(NQueensMinConflict.java:233)
	at nqueens.NQueensMinConflict.computePositionsRecursively(NQueensMinConflict.java:233)
	at nqueens.NQueensMinConflict.computePositionsRecursively(NQueensMinConflict.java:233)	at nqueens.NQueensMinConflict.computePositionsRecursively(NQueensMinConflict.java:233)

	at nqueens.NQueensMinConflict.computePositionsRecursively(NQueensMinConflict.java:233)
	at nqueens.NQueensMinConflict.computePositionsRecursively(NQueensMinConflict.java:233)
	at nqueens.NQueensMinConflict.computePositionsRecursively(NQueensMinConflict.java:233)	at nqueens.NQueensMinConflict.computePositionsRecursively(NQueensMinConflict.java:233)

	at nqueens.NQueensMinConflict.computePositionsRecursively(NQueensMinConflict.java:233)
	at nqueens.NQueensMinConflict.computePositionsRecursively(NQueensMinConflict.java:233)
	at nqueens.NQueensMinConflict.computePositionsRecursively(NQueensMinConflict.java:233)	at nqueens.NQueensMinConflict.computePositionsRecursively(NQueensMinConflict.java:233)

	at nqueens.NQueensMinConflict.computePositionsRecursively(NQueensMinConflict.java:233)
	at nqueens.NQueensMinConflict.computePositionsRecursively(NQueensMinConflict.java:233)
	at nqueens.NQueensMinConflict.computePositionsRecursively(NQueensMinConflict.java:233)
	at nqueens.NQueensMinConflict.computePositionsRecursively(NQueensMinConflict.java:233)
	at nqueens.NQueensMinConflict.computePositionsRecursively(NQueensMinConflict.java:233)	at nqueens.NQueensMinConflict.computePositionsRecursively(NQueensMinConflict.java:233)

	at nqueens.NQueensMinConflict.computePositionsRecursively(NQueensMinConflict.java:233)
	at nqueens.NQueensMinConflict.computePositionsRecursively(NQueensMinConflict.java:233)
	at nqueens.NQueensMinConflict.computePositionsRecursively(NQueensMinConflict.java:233)	at nqueens.NQueensMinConflict.computePositionsRecursively(NQueensMinConflict.java:233)

	at nqueens.NQueensMinConflict.computePositionsRecursively(NQueensMinConflict.java:233)
	at nqueens.NQueensMinConflict.computePositionsRecursively(NQueensMinConflict.java:233)
	at nqueens.NQueensMinConflict.computePositionsRecursively(NQueensMinConflict.java:233)	at nqueens.NQueensMinConflict.computePositionsRecursively(NQueensMinConflict.java:233)

	at nqueens.NQueensMinConflict.computePositionsRecursively(NQueensMinConflict.java:233)
	at nqueens.NQueensMinConflict.computePositionsRecursively(NQueensMinConflict.java:233)
	at nqueens.NQueensMinConflict.computePositionsRecursively(NQueensMinConflict.java:233)
	at nqueens.NQueensMinConflict.computePositionsRecursively(NQueensMinConflict.java:233)
	at nqueens.NQueensMinConflict.computePositionsRecursively(NQueensMinConflict.java:233)	at nqueens.NQueensMinConflict.computePositionsRecursively(NQueensMinConflict.java:233)

	at nqueens.NQueensMinConflict.computePositionsRecursively(NQueensMinConflict.java:233)
	at nqueens.NQueensMinConflict.computePositionsRecursively(NQueensMinConflict.java:233)
	at nqueens.NQueensMinConflict.computePositionsRecursively(NQueensMinConflict.java:233)	at nqueens.NQueensMinConflict.computePositionsRecursively(NQueensMinConflict.java:233)

	at nqueens.NQueensMinConflict.computePositionsRecursively(NQueensMinConflict.java:233)
	at nqueens.NQueensMinConflict.computePositionsRecursively(NQueensMinConflict.java:233)
	at nqueens.NQueensMinConflict.computePositionsRecursively(NQueensMinConflict.java:233)	at nqueens.NQueensMinConflict.computePositionsRecursively(NQueensMinConflict.java:233)

	at nqueens.NQueensMinConflict.computePositionsRecursively(NQueensMinConflict.java:233)
	at nqueens.NQueensMinConflict.computePositionsRecursively(NQueensMinConflict.java:233)
	at nqueens.NQueensMinConflict.computePositionsRecursively(NQueensMinConflict.java:233)
	at nqueens.NQueensMinConflict.computePositionsRecursively(NQueensMinConflict.java:233)
	at nqueens.NQueensMinConflict.computePositionsRecursively(NQueensMinConflict.java:233)	at nqueens.NQueensMinConflict.computePositionsRecursively(NQueensMinConflict.java:233)

	at nqueens.NQueensMinConflict.computePositionsRecursively(NQueensMinConflict.java:233)
	at nqueens.NQueensMinConflict.computePositionsRecursively(NQueensMinConflict.java:233)
	at nqueens.NQueensMinConflict.computePositionsRecursively(NQueensMinConflict.java:233)	at nqueens.NQueensMinConflict.computePositionsRecursively(NQueensMinConflict.java:233)

	at nqueens.NQueensMinConflict.computePositionsRecursively(NQueensMinConflict.java:233)
	at nqueens.NQueensMinConflict.computePositionsRecursively(NQueensMinConflict.java:233)
	at nqueens.NQueensMinConflict.computePositionsRecursively(NQueensMinConflict.java:233)	at nqueens.NQueensMinConflict.computePositionsRecursively(NQueensMinConflict.java:233)

	at nqueens.NQueensMinConflict.computePositionsRecursively(NQueensMinConflict.java:233)
	at nqueens.NQueensMinConflict.computePositionsRecursively(NQueensMinConflict.java:233)
	at nqueens.NQueensMinConflict.computePositionsRecursively(NQueensMinConflict.java:233)	at nqueens.NQueensMinConflict.computePositionsRecursively(NQueensMinConflict.java:233)

	at nqueens.NQueensMinConflict.computePositionsRecursively(NQueensMinConflict.java:233)
	at nqueens.NQueensMinConflict.computePositionsRecursively(NQueensMinConflict.java:233)
	at nqueens.NQueensMinConflict.computePositionsRecursively(NQueensMinConflict.java:233)
	at nqueens.NQueensMinConflict.computePositionsRecursively(NQueensMinConflict.java:233)
	at nqueens.NQueensMinConflict.computePositionsRecursively(NQueensMinConflict.java:233)
	at nqueens.NQueensMinConflict.computePositionsRecursively(NQueensMinConflict.java:233)
	at nqueens.NQueensMinConflict.computePositionsRecursively(NQueensMinConflict.java:233)
	at nqueens.NQueensMinConflict.computePositionsRecursively(NQueensMinConflict.java:233)
	at nqueens.NQueensMinConflict.computePositionsRecursively(NQueensMinConflict.java:233)	at nqueens.NQueensMinConflict.computePositionsRecursively(NQueensMinConflict.java:233)

	at nqueens.NQueensMinConflict.computePositionsRecursively(NQueensMinConflict.java:233)
	at nqueens.NQueensMinConflict.computePositionsRecursively(NQueensMinConflict.java:233)
	at nqueens.NQueensMinConflict.computePositionsRecursively(NQueensMinConflict.java:233)	at nqueens.NQueensMinConflict.computePositionsRecursively(NQueensMinConflict.java:233)

	at nqueens.NQueensMinConflict.computePositionsRecursively(NQueensMinConflict.java:233)
	at nqueens.NQueensMinConflict.computePositionsRecursively(NQueensMinConflict.java:233)
	at nqueens.NQueensMinConflict.computePositionsRecursively(NQueensMinConflict.java:233)
	at nqueens.NQueensMinConflict.computePositionsRecursively(NQueensMinConflict.java:233)
	at nqueens.NQueensMinConflict.computePositionsRecursively(NQueensMinConflict.java:233)	at nqueens.NQueensMinConflict.computePositionsRecursively(NQueensMinConflict.java:233)

	at nqueens.NQueensMinConflict.computePositionsRecursively(NQueensMinConflict.java:233)
	at nqueens.NQueensMinConflict.computePositionsRecursively(NQueensMinConflict.java:233)
	at nqueens.NQueensMinConflict.computePositionsRecursively(NQueensMinConflict.java:233)	at nqueens.NQueensMinConflict.computePositionsRecursively(NQueensMinConflict.java:233)

	at nqueens.NQueensMinConflict.computePositionsRecursively(NQueensMinConflict.java:233)	at nqueens.NQueensMinConflict.computePositionsRecursively(NQueensMinConflict.java:233)

	at nqueens.NQueensMinConflict.computePositionsRecursively(NQueensMinConflict.java:233)
	at nqueens.NQueensMinConflict.computePositionsRecursively(NQueensMinConflict.java:233)
	at nqueens.NQueensMinConflict.computePositionsRecursively(NQueensMinConflict.java:233)
	at nqueens.NQueensMinConflict.computePositionsRecursively(NQueensMinConflict.java:233)
	at nqueens.NQueensMinConflict.computePositionsRecursively(NQueensMinConflict.java:233)
	at nqueens.NQueensMinConflict.computePositionsRecursively(NQueensMinConflict.java:233)
	at nqueens.NQueensMinConflict.computePositionsRecursively(NQueensMinConflict.java:233)	at nqueens.NQueensMinConflict.computePositionsRecursively(NQueensMinConflict.java:233)

	at nqueens.NQueensMinConflict.computePositionsRecursively(NQueensMinConflict.java:233)
	at nqueens.NQueensMinConflict.computePositionsRecursively(NQueensMinConflict.java:233)
	at nqueens.NQueensMinConflict.computePositionsRecursively(NQueensMinConflict.java:233)	at nqueens.NQueensMinConflict.computePositionsRecursively(NQueensMinConflict.java:233)

	at nqueens.NQueensMinConflict.computePositionsRecursively(NQueensMinConflict.java:233)
	at nqueens.NQueensMinConflict.computePositionsRecursively(NQueensMinConflict.java:233)
	at nqueens.NQueensMinConflict.computePositionsRecursively(NQueensMinConflict.java:233)
	at nqueens.NQueensMinConflict.computePositionsRecursively(NQueensMinConflict.java:233)
	at nqueens.NQueensMinConflict.computePositionsRecursively(NQueensMinConflict.java:233)	at nqueens.NQueensMinConflict.computePositionsRecursively(NQueensMinConflict.java:233)

	at nqueens.NQueensMinConflict.computePositionsRecursively(NQueensMinConflict.java:233)
	at nqueens.NQueensMinConflict.computePositionsRecursively(NQueensMinConflict.java:233)
	at nqueens.NQueensMinConflict.computePositionsRecursively(NQueensMinConflict.java:233)
	at nqueens.NQueensMinConflict.computePositionsRecursively(NQueensMinConflict.java:233)
	at nqueens.NQueensMinConflict.computePositionsRecursively(NQueensMinConflict.java:233)	at nqueens.NQueensMinConflict.computePositionsRecursively(NQueensMinConflict.java:233)

	at nqueens.NQueensMinConflict.computePositionsRecursively(NQueensMinConflict.java:233)
	at nqueens.NQueensMinConflict.computePositionsRecursively(NQueensMinConflict.java:233)
	at nqueens.NQueensMinConflict.computePositionsRecursively(NQueensMinConflict.java:233)
	at nqueens.NQueensMinConflict.computePositionsRecursively(NQueensMinConflict.java:233)
	at nqueens.NQueensMinConflict.computePositionsRecursively(NQueensMinConflict.java:233)	at nqueens.NQueensMinConflict.computePositionsRecursively(NQueensMinConflict.java:233)

	at nqueens.NQueensMinConflict.computePositionsRecursively(NQueensMinConflict.java:233)
	at nqueens.NQueensMinConflict.computePositionsRecursively(NQueensMinConflict.java:233)
	at nqueens.NQueensMinConflict.computePositionsRecursively(NQueensMinConflict.java:233)
	at nqueens.NQueensMinConflict.computePositionsRecursively(NQueensMinConflict.java:233)
	at nqueens.NQueensMinConflict.computePositionsRecursively(NQueensMinConflict.java:233)	at nqueens.NQueensMinConflict.computePositionsRecursively(NQueensMinConflict.java:233)

	at nqueens.NQueensMinConflict.computePositionsRecursively(NQueensMinConflict.java:233)
	at nqueens.NQueensMinConflict.computePositionsRecursively(NQueensMinConflict.java:233)
	at nqueens.NQueensMinConflict.computePositionsRecursively(NQueensMinConflict.java:233)
	at nqueens.NQueensMinConflict.computePositionsRecursively(NQueensMinConflict.java:233)
	at nqueens.NQueensMinConflict.computePositionsRecursively(NQueensMinConflict.java:233)	at nqueens.NQueensMinConflict.computePositionsRecursively(NQueensMinConflict.java:233)

	at nqueens.NQueensMinConflict.computePositionsRecursively(NQueensMinConflict.java:233)
	at nqueens.NQueensMinConflict.computePositionsRecursively(NQueensMinConflict.java:233)
	at nqueens.NQueensMinConflict.computePositionsRecursively(NQueensMinConflict.java:233)	at nqueens.NQueensMinConflict.computePositionsRecursively(NQueensMinConflict.java:233)

	at nqueens.NQueensMinConflict.computePositionsRecursively(NQueensMinConflict.java:233)
	at nqueens.NQueensMinConflict.computePositionsRecursively(NQueensMinConflict.java:233)
	at nqueens.NQueensMinConflict.computePositionsRecursively(NQueensMinConflict.java:233)	at nqueens.NQueensMinConflict.computePositionsRecursively(NQueensMinConflict.java:233)

	at nqueens.NQueensMinConflict.computePositionsRecursively(NQueensMinConflict.java:233)
	at nqueens.NQueensMinConflict.computePositionsRecursively(NQueensMinConflict.java:233)
	at nqueens.NQueensMinConflict.computePositionsRecursively(NQueensMinConflict.java:233)	at nqueens.NQueensMinConflict.computePositionsRecursively(NQueensMinConflict.java:233)

	at nqueens.NQueensMinConflict.computePositionsRecursively(NQueensMinConflict.java:233)	at nqueens.NQueensMinConflict.computePositionsRecursively(NQueensMinConflict.java:233)

	at nqueens.NQueensMinConflict.computePositionsRecursively(NQueensMinConflict.java:233)
	at nqueens.NQueensMinConflict.computePositionsRecursively(NQueensMinConflict.java:233)
	at nqueens.NQueensMinConflict.computePositionsRecursively(NQueensMinConflict.java:233)	at nqueens.NQueensMinConflict.computePositionsRecursively(NQueensMinConflict.java:233)

	at nqueens.NQueensMinConflict.computePositionsRecursively(NQueensMinConflict.java:233)
	at nqueens.NQueensMinConflict.computePositionsRecursively(NQueensMinConflict.java:233)
	at nqueens.NQueensMinConflict.computePositionsRecursively(NQueensMinConflict.java:233)	at nqueens.NQueensMinConflict.computePositionsRecursively(NQueensMinConflict.java:233)

	at nqueens.NQueensMinConflict.computePositionsRecursively(NQueensMinConflict.java:233)
	at nqueens.NQueensMinConflict.computePositionsRecursively(NQueensMinConflict.java:233)
	at nqueens.NQueensMinConflict.computePositionsRecursively(NQueensMinConflict.java:233)
	at nqueens.NQueensMinConflict.computePositionsRecursively(NQueensMinConflict.java:233)
	at nqueens.NQueensMinConflict.computePositionsRecursively(NQueensMinConflict.java:233)	at nqueens.NQueensMinConflict.computePositionsRecursively(NQueensMinConflict.java:233)

	at nqueens.NQueensMinConflict.computePositionsRecursively(NQueensMinConflict.java:233)
	at nqueens.NQueensMinConflict.computePositionsRecursively(NQueensMinConflict.java:233)
	at nqueens.NQueensMinConflict.computePositionsRecursively(NQueensMinConflict.java:233)	at nqueens.NQueensMinConflict.computePositionsRecursively(NQueensMinConflict.java:233)
	at nqueens.NQueensMinConflict.computePositionsRecursively(NQueensMinConflict.java:233)
	at nqueens.NQueensMinConflict.computePositionsRecursively(NQueensMinConflict.java:233)

	at nqueens.NQueensMinConflict.computePositionsRecursively(NQueensMinConflict.java:233)
	at nqueens.NQueensMinConflict.computePositionsRecursively(NQueensMinConflict.java:233)
	at nqueens.NQueensMinConflict.computePositionsRecursively(NQueensMinConflict.java:233)
	at nqueens.NQueensMinConflict.computePositionsRecursively(NQueensMinConflict.java:233)
	at nqueens.NQueensMinConflict.computePositionsRecursively(NQueensMinConflict.java:233)	at nqueens.NQueensMinConflict.computePositionsRecursively(NQueensMinConflict.java:233)
	at nqueens.NQueensMinConflict.computePositionsRecursively(NQueensMinConflict.java:233)
	at nqueens.NQueensMinConflict.computePositionsRecursively(NQueensMinConflict.java:233)

	at nqueens.NQueensMinConflict.computePositionsRecursively(NQueensMinConflict.java:233)
	at nqueens.NQueensMinConflict.computePositionsRecursively(NQueensMinConflict.java:233)
	at nqueens.NQueensMinCo	at nqueens.NQueensMinConflict.computePositionsRecursively(NQueensMinConflict.java:233)
nflict.computePositionsRecursively(NQueensMinConflict.java:233)
	at nqueens.NQueensMinConflict.computePositionsRecursively(NQueensMinConflict.java:233)
	at nqueens.NQueensMinConflict.computePositionsRecursively(NQueensMinConflict.java:233)
	at nqueens.NQueensMinConflict.computePositionsRecursively(NQueensMinConflict.java:233)	at nqueens.NQueensMinConflict.computePositionsRecursively(NQueensMinConflict.java:233)

	at nqueens.NQueensMinConflict.computePositionsRecursively(NQueensMinConflict.java:233)
	at nqueens.NQueensMinConflict.computePositionsRecursively(NQueensMinConflict.java:233)
	at nqueens.NQueensMinConflict.computePositionsRecursively(NQueensMinConflict.java:233)
	at nqueens.NQueensMinConflict.computePositionsRecursively(NQueensMinConflict.java:233)
	at nqueens.NQueensMinConflict.computePositionsRecursively(NQueensMinConflict.java:233)	at nqueens.NQueensMinConflict.computePositionsRecursively(NQueensMinConflict.java:233)

	at nqueens.NQueensMinConflict.computePositionsRecursively(NQueensMinConflict.java:233)
	at nqueens.NQueensMinConflict.computePositionsRecursively(NQueensMinConflict.java:233)
	at nqueens.NQueensMinConflict.computePositionsRecursively(NQueensMinConflict.java:233)
	at nqueens.NQueensMinConflict.computePositionsRecursively(NQueensMinConflict.java:233)
	at nqueens.NQueensMinConflict.computePositionsRecursively(NQueensMinConflict.java:233)	at nqueens.NQueensMinConflict.computePositionsRecursively(NQueensMinConflict.java:233)

	at nqueens.NQueensMinConflict.computePositionsRecursively(NQueensMinConflict.java:233)
	at nqueens.NQueensMinConflict.computePositionsRecursively(NQueensMinConflict.java:233)
	at nqueens.NQueensMinConflict.computePositionsRecursively(NQueensMinConflict.java:233)	at nqueens.NQueensMinConflict.computePositionsRecursively(NQueensMinConflict.java:233)

	at nqueens.NQueensMinConflict.computePositionsRecursively(NQueensMinConflict.java:233)	at nqueens.NQueensMinConflict.computePositionsRecursively(NQueensMinConflict.java:233)

	at nqueens.NQueensMinConflict.computePositionsRecursively(NQueensMinConflict.java:233)
	at nqueens.NQueensMinConflict.computePositionsRecursively(NQueensMinConflict.java:233)
	at nqueens.NQueensMinConflict.computePositionsRecursively(NQueensMinConflict.java:233)	at nqueens.NQueensMinConflict.computePositionsRecursively(NQueensMinConflict.java:233)

	at nqueens.NQueensMinConflict.computePositionsRecursively(NQueensMinConflict.java:233)
	at nqueens.NQueensMinConflict.computePositionsRecursively(NQueensMinConflict.java:233)
	at nqueens.NQueensMinConflict.computePositionsRecursively(NQueensMinConflict.java:233)	at nqueens.NQueensMinConflict.computePositionsRecursively(NQueensMinConflict.java:233)

	at nqueens.NQueensMinConflict.computePositionsRecursively(NQueensMinConflict.java:233)
	at nqueens.NQueensMinConflict.computePositionsRecursively(NQueensMinConflict.java:233)
	at nqueens.NQueensMinConflict.computePositionsRecursively(NQueensMinConflict.java:233)
	at nqueens.NQueensMinConflict.computePositionsRecursively(NQueensMinConflict.java:233)
	at nqueens.NQueensMinConflict.computePositionsRecursively(NQueensMinConflict.java:233)	at nqueens.NQueensMinConflict.computePositionsRecursively(NQueensMinConflict.java:233)

	at nqueens.NQueensMinConflict.computePositionsRecursively(NQueensMinConflict.java:233)
	at nqueens.NQueensMinConflict.computePositionsRecursively(NQueensMinConflict.java:233)
	at nqueens.NQueensMinConflict.computePositionsRecursively(NQueensMinConflict.java:233)	at nqueens.NQueensMinConflict.computePositionsRecursively(NQueensMinConflict.java:233)

	at nqueens.NQueensMinConflict.computePositionsRecursively(NQueensMinConflict.java:233)
	at nqueens.NQueensMinConflict.computePositionsRecursively(NQueensMinConflict.java:233)
	at nqueens.NQueensMinConflict.computePositionsRecursively(NQueensMinConflict.java:233)
	at nqueens.NQueensMinConflict.computePositionsRecursively(NQueensMinConflict.java:233)
	at nqueens.NQueensMinConflict.computePositionsRecursively(NQueensMinConflict.java:233)
	at nqueens.NQueensMinConflict.computePositionsRecursively(NQueensMinConflict.java:233)
	at nqueens.NQueensMinConflict.computePositionsRecursively(NQueensMinConflict.java:233)	at nqueens.NQueensMinConflict.computePositionsRecursively(NQueensMinConflict.java:233)

	at nqueens.NQueensMinConflict.computePositionsRecursively(NQueensMinConflict.java:233)
	at nqueens.NQueensMinConflict.computePositionsRecursively(NQueensMinConflict.java:233)
	at nqueens.NQueensMinConflict.computePositionsRecursively(NQueensMinConflict.java:233)	at nqueens.NQueensMinConflict.computePositionsRecursively(NQueensMinConflict.java:233)

	at nqueens.NQueensMinConflict.computePositionsRecursively(NQueensMinConflict.java:233)
	at nqueens.NQueensMinConflict.computePositionsRecursively(NQueensMinConflict.java:233)
	at nqueens.NQueensMinConflict.computePositionsRecursively(NQueensMinConflict.java:233)	at nqueens.NQueensMinConflict.computePositionsRecursively(NQueensMinConflict.java:233)

	at nqueens.NQueensMinConflict.computePositionsRecursively(NQueensMinConflict.java:233)
	at nqueens.NQueensMinConflict.computePositionsRecursively(NQueensMinConflict.java:233)
	at nqueens.NQueensMinConflict.computePositionsRecursively(NQueensMinConflict.java:233)
	at nqueens.NQueensMinConflict.computePositionsRecursively(NQueensMinConflict.java:233)
	at nqueens.NQueensMinConflict.computePositionsRecursively(NQueensMinConflict.java:233)	at nqueens.NQueensMinConflict.computePositionsRecursively(NQueensMinConflict.java:233)

	at nqueens.NQueensMinConflict.computePositionsRecursively(NQueensMinConflict.java:233)
	at nqueens.NQueensMinConflict.computePositionsRecursively(NQueensMinConflict.java:233)
	at nqueens.NQueensMinConflict.computePositionsRecursively(NQueensMinConflict.java:233)
	at nqueens.NQueensMinConflict.computePositionsRecursively(NQueensMinConflict.java:233)
	at nqueens.NQueensMinConflict.computePositionsRecursively(NQueensMinConflict.java:233)	at nqueens.NQueensMinConflict.computePositionsRecursively(NQueensMinConflict.java:233)

	at nqueens.NQueensMinConflict.computePositionsRecursively(NQueensMinConflict.java:233)
	at nqueens.NQueensMinConflict.computePositionsRecursively(NQueensMinConflict.java:233)
	at nqueens.NQueensMinConflict.computePositionsRecursively(NQueensMinConflict.java:233)	at nqueens.NQueensMinConflict.computePositionsRecursively(NQueensMinConflict.java:233)

	at nqueens.NQueensMinConflict.computePositionsRecursively(NQueensMinConflict.java:233)
	at nqueens.NQueensMinConflict.computePositionsRecursively(NQueensMinConflict.java:233)
	at nqueens.NQueensMinConflict.computePositionsRecursively(NQueensMinConflict.java:233)	at nqueens.NQueensMinConflict.computePositionsRecursively(NQueensMinConflict.java:233)

	at nqueens.NQueensMinConflict.computePositionsRecursively(NQueensMinConflict.java:233)
	at nqueens.NQueensMinConflict.computePositionsRecursively(NQueensMinConflict.java:233)
	at nqueens.NQueensMinConflict.computePositionsRecursively(NQueensMinConflict.java:233)
	at nqueens.NQueensMinConflict.computePositionsRecursively(NQueensMinConflict.java:233)
	at nqueens.NQueensMinConflict.computePositionsRecursively(NQueensMinConflict.java:233)	at nqueens.NQueensMinConflict.computePositionsRecursively(NQueensMinConflict.java:233)

	at nqueens.NQueensMinConflict.computePositionsRecursively(NQueensMinConflict.java:233)
	at nqueens.NQueensMinConflict.computePositionsRecursively(NQueensMinConflict.java:233)
	at nqueens.NQueensMinConflict.computePositionsRecursively(NQueensMinConflict.java:233)	at nqueens.NQueensMinConflict.computePositionsRecursively(NQueensMinConflict.java:233)

	at nqueens.NQueensMinConflict.computePositionsRecursively(NQueensMinConflict.java:233)
	at nqueens.NQueensMinConflict.computePositionsRecursively(NQueensMinConflict.java:233)
	at nqueens.NQueensMinConflict.computePositionsRecursively(NQueensMinConflict.java:233)	at nqueens.NQueensMinConflict.computePositionsRecursively(NQueensMinConflict.java:233)

	at nqueens.NQueensMinConflict.computePositionsRecursively(NQueensMinConflict.java:233)	at nqueens.NQueensMinConflict.computePositionsRecursively(NQueensMinConflict.java:233)

	at nqueens.NQueensMinConflict.computePositionsRecursively(NQueensMinConflict.java:233)	at nqueens.NQueensMinConflict.computePositionsRecursively(NQueensMinConflict.java:233)

	at nqueens.NQueensMinConflict.computePositionsRecursively(NQueensMinConflict.java:233)
	at nqueens.NQueensMinConflict.computePositionsRecursively(NQueensMinConflict.java:233)
	at nqueens.NQueensMinConflict.computePositionsRecursively(NQueensMinConflict.java:233)
	at nqueens.NQueensMinConflict.computePositionsRecursively(NQueensMinConflict.java:233)
	at nqueens.NQueensMinConflict.computePositionsRecursively(NQueensMinConflict.java:233)	at nqueens.NQueensMinConflict.computePositionsRecursively(NQueensMinConflict.java:233)

	at nqueens.NQueensMinConflict.computePositionsRecursively(NQueensMinConflict.java:233)
	at nqueens.NQueensMinConflict.computePositionsRecursively(NQueensMinConflict.java:233)
	at nqueens.NQueensMinConflict.computePositionsRecursively(NQueensMinConflict.java:233)
	at nqueens.NQueensMinConflict.computePositionsRecursively(NQueensMinConflict.java:233)
	at nqueens.NQueensMinConflict.computePositionsRecursively(NQueensMinConflict.java:233)
	at nqueens.NQueensMinConflict.computePositionsRecursively(NQueensMinConflict.java:233)	at nqueens.NQueensMinConflict.computePositionsRecursively(NQueensMinConflict.java:233)
	at nqueens.NQueensMinConflict.computePositionsRecursively(NQueensMinConflict.java:233)

	at nqueens.NQueensMinConflict.computePositionsRecursively(NQueensMinConflict.java:233)	at nqueens.NQueensMinConflict.computePositionsRecursively(NQueensMinConflict.java:233)

	at nqueens.NQueensMinConflict.computePositionsRecursively(NQueensMinConflict.java:233)
	at nqueens.NQueensMinConflict.computePositionsRecursively(NQueensMinConflict.java:233)
	at nqueens.NQueensMinConflict.computePositionsRecursively(NQueensMinConflict.java:233)
	at nqueens.NQueensMinConflict.computePositionsRecursively(NQueensMinConflict.java:233)
	at nqueens.NQueensMinConflict.computePositionsRecursively(NQueensMinConflict.java:233)
	at nqueens.NQueensMinConflict.computePositionsRecursively(NQueensMinConflict.java:233)
	at nqueens.NQueensMinConflict.computePositionsRecursively(NQueensMinConflict.java:233)	at nqueens.NQueensMinConflict.computePositionsRecursively(NQueensMinConflict.java:233)

	at nqueens.NQueensMinConflict.computePositionsRecursively(NQueensMinConflict.java:233)
	at nqueens.NQueensMinConflict.computePositionsRecursively(NQueensMinConflict.java:233)
	at nqueens.NQueensMinConflict.computePositionsRecursively(NQueensMinConflict.java:233)
	at nqueens.NQueensMinConflict.computePositionsRecursively(NQueensMinConflict.java:233)
	at nqueens.NQueensMinConflict.computePositionsRecursively(NQueensMinConflict.java:233)	at nqueens.NQueensMinConflict.computePositionsRecursively(NQueensMinConflict.java:233)
	at nqueens.NQueensMinConflict.computePositionsRecursively(NQueensMinConflict.java:233)

	at nqueens.NQueensMinConflict.computePositionsRecursively(NQueensMinConflict.java:233)
	at nqueens.NQueensMinConflict.computePositionsRecursively(NQueensMinConflict.java:233)
	at nqueens.NQueensMinConflict.computePositionsRecursively(NQueensMinConflict.java:233)
	at nqueens.NQueensMinConflict.computePositionsRecursively(NQueensMinConflict.java:233)
	at nqueens.NQueensMinConflict.computePositionsRecursively(NQueensMinConflict.java:233)
	at nqueens.NQueensMinConflict.computePositionsRecursively(NQueensMinConflict.java:233)	at nqueens.NQueensMinConflict.computePositionsRecursively(NQueensMinConflict.java:233)

	at nqueens.NQueensMinConflict.computePositionsRecursively(NQueensMinConflict.java:233)
	at nqueens.NQueensMinConflict.computePositionsRecursively(NQueensMinConflict.java:233)
	at nqueens.NQueensMinConflict.computePositionsRecursively(NQueensMinConflict.java:233)
	at nqueens.NQueensMinConflict.computePositionsRecursively(NQueensMinConflict.java:233)
	at nqueens.NQueensMinConflict.computePositionsRecursively(NQueensMinConflict.java:233)	at nqueens.NQueensMinConflict.computePositionsRecursively(NQueensMinConflict.java:233)

	at nqueens.NQueensMinConflict.computePositionsRecursively(NQueensMinConflict.java:233)
	at nqueens.NQueensMinConflict.computePositionsRecursively(NQueensMinConflict.java:233)
	at nqueens.NQueensMinConflict.computePositionsRecursively(NQueensMinConflict.java:233)
	at nqueens.NQueensMinConflict.computePositionsRecursively(NQueensMinConflict.java:233)
	at nqueens.NQueensMinConflict.computePositionsRecursively(NQueensMinConflict.java:233)	at nqueens.NQueensMinConflict.computePositionsRecursively(NQueensMinConflict.java:233)
	at nqueens.NQueensMinConflict.computePositionsRecursively(NQueensMinConflict.java:233)

	at nqueens.NQueensMinConflict.computePositionsRecursively(NQueensMinConflict.java:233)
	at nqueens.NQueensMinConflict.computePositionsRecursively(NQueensMinConflict.java:233)	at nqueens.NQueensMinConflict.computePositionsRecursively(NQueensMinConflict.java:233)

	at nqueens.NQueensMinConflict.computePositionsRecursively(NQueensMinConflict.java:233)
	at nqueens.NQueensMinConflict.computePositionsRecursively(NQueensMinConflict.java:233)
	at nqueens.NQueensMinConflict.computePositionsRecursively(NQueensMinConflict.java:233)	at nqueens.NQueensMinConflict.computePositionsRecursively(NQueensMinConflict.java:233)

	at nqueens.NQueensMinConflict.computePositionsRecursively(NQueensMinConflict.java:233)
	at nqueens.NQueensMinConflict.computePositionsRecursively(NQueensMinConflict.java:233)
	at nqueens.NQueensMinConflict.computePositionsRecursively(NQueensMinConflict.java:233)
	at nqueens.NQueensMinConflict.computePositionsRecursively(NQueensMinConflict.java:233)
	at nqueens.NQueensMinConflict.computePositionsRecursively(NQueensMinConflict.java:233)	at nqueens.NQueensMinConflict.computePositionsRecursively(NQueensMinConflict.java:233)

	at nqueens.NQueensMinConflict.computePositionsRecursively(NQueensMinConflict.java:233)
	at nqueens.NQueensMinConflict.computePositionsRecursively(NQueensMinConflict.java:233)
	at nqueens.NQueensMinConflict.computePositionsRecursively(NQueensMinConflict.java:233)
	at nqueens.NQueensMinConflict.computePositionsRecursively(NQueensMinConflict.java:233)
	at nqueens.NQueensMinConflict.computePositionsRecursively(NQueensMinConflict.java:233)	at nqueens.NQueensMinConflict.computePositionsRecursively(NQueensMinConflict.java:233)

	at nqueens.NQueensMinConflict.computePositionsRecursively(NQueensMinConflict.java:233)	at nqueens.NQueensMinConflict.computePositionsRecursively(NQueensMinConflict.java:233)

	at nqueens.NQueensMinConflict.computePositionsRecursively(NQueensMinConflict.java:233)
	at nqueens.NQueensMinConflict.computePositionsRecursively(NQueensMinConflict.java:233)
	at nqueens.NQueensMinConflict.computePositionsRecursively(NQueensMinConflict.java:233)	at nqueens.NQueensMinConflict.computePositionsRecursively(NQueensMinConflict.java:233)

	at nqueens.NQueensMinConflict.computePositionsRecursively(NQueensMinConflict.java:233)
	at nqueens.NQueensMinConflict.computePositionsRecursively(NQueensMinConflict.java:233)


FAILURE: Build failed with an exception.

FAILURE: Build failed with an exception.

* What went wrong:* What went wrong:

Execution failed for task ':app:run'.Execution failed for task ':app:run'.
> 
> Process 'command '/usr/local/Cellar/openjdk/14.0.1/libexec/openjdk.jdk/Contents/Home/bin/java'' finished with non-zero exit value 1Process 'command '/usr/local/Cellar/openjdk/14.0.1/libexec/openjdk.jdk/Contents/Home/bin/java'' finished with non-zero exit value 1



* Try:* Try:
Run with 
Run with --stacktrace option to get the stack trace. Run with --stacktrace option to get the stack trace. Run with --info or --info or --debug option to get more log output. Run with --scan--debug option to get more log output. Run with --scan to get full insights.
 to get full insights.


* Get more help at https://help.gradle.org* Get more help at https://help.gradle.org



BUILD FAILED in 945msBUILD FAILED in 945ms

